Archive member included to satisfy reference by file (symbol)

c:/progra~1/raspbe~1/picosd~1.1/gcc-ar~1/bin/../lib/gcc/arm-none-eabi/10.3.1/../../../../arm-none-eabi/lib/thumb/v6-m/nofp\libm.a(lib_a-s_fmin.o)
                              CMakeFiles/FIGHTINGBOX_MINI_RP2040.dir/lib/HOJA-LIB-RP2040/src/input/stick_scaling.c.obj (fmin)
c:/progra~1/raspbe~1/picosd~1.1/gcc-ar~1/bin/../lib/gcc/arm-none-eabi/10.3.1/../../../../arm-none-eabi/lib/thumb/v6-m/nofp\libm.a(lib_a-s_fpclassify.o)
                              c:/progra~1/raspbe~1/picosd~1.1/gcc-ar~1/bin/../lib/gcc/arm-none-eabi/10.3.1/../../../../arm-none-eabi/lib/thumb/v6-m/nofp\libm.a(lib_a-s_fmin.o) (__fpclassifyd)
c:/progra~1/raspbe~1/picosd~1.1/gcc-ar~1/bin/../lib/gcc/arm-none-eabi/10.3.1/thumb/v6-m/nofp\libgcc.a(_dvmd_tls.o)
                              CMakeFiles/FIGHTINGBOX_MINI_RP2040.dir/C_/Program_Files/Raspberry_Pi/Pico_SDK_v1.5.1/pico-sdk/src/rp2_common/pico_divider/divider.S.obj (__aeabi_idiv0)
c:/progra~1/raspbe~1/picosd~1.1/gcc-ar~1/bin/../lib/gcc/arm-none-eabi/10.3.1/../../../../arm-none-eabi/lib/thumb/v6-m/nofp\libg.a(lib_a-calloc.o)
                              CMakeFiles/FIGHTINGBOX_MINI_RP2040.dir/C_/Program_Files/Raspberry_Pi/Pico_SDK_v1.5.1/pico-sdk/src/rp2_common/pico_malloc/pico_malloc.c.obj (calloc)
c:/progra~1/raspbe~1/picosd~1.1/gcc-ar~1/bin/../lib/gcc/arm-none-eabi/10.3.1/../../../../arm-none-eabi/lib/thumb/v6-m/nofp\libg.a(lib_a-callocr.o)
                              c:/progra~1/raspbe~1/picosd~1.1/gcc-ar~1/bin/../lib/gcc/arm-none-eabi/10.3.1/../../../../arm-none-eabi/lib/thumb/v6-m/nofp\libg.a(lib_a-calloc.o) (_calloc_r)
c:/progra~1/raspbe~1/picosd~1.1/gcc-ar~1/bin/../lib/gcc/arm-none-eabi/10.3.1/../../../../arm-none-eabi/lib/thumb/v6-m/nofp\libg.a(lib_a-errno.o)
                              c:/progra~1/raspbe~1/picosd~1.1/gcc-ar~1/bin/../lib/gcc/arm-none-eabi/10.3.1/../../../../arm-none-eabi/lib/thumb/v6-m/nofp\libg.a(lib_a-callocr.o) (__errno)
c:/progra~1/raspbe~1/picosd~1.1/gcc-ar~1/bin/../lib/gcc/arm-none-eabi/10.3.1/../../../../arm-none-eabi/lib/thumb/v6-m/nofp\libg.a(lib_a-impure.o)
                              c:/progra~1/raspbe~1/picosd~1.1/gcc-ar~1/bin/../lib/gcc/arm-none-eabi/10.3.1/../../../../arm-none-eabi/lib/thumb/v6-m/nofp\libg.a(lib_a-calloc.o) (_impure_ptr)
c:/progra~1/raspbe~1/picosd~1.1/gcc-ar~1/bin/../lib/gcc/arm-none-eabi/10.3.1/../../../../arm-none-eabi/lib/thumb/v6-m/nofp\libg.a(lib_a-init.o)
                              c:/progra~1/raspbe~1/picosd~1.1/gcc-ar~1/bin/../lib/gcc/arm-none-eabi/10.3.1/../../../../arm-none-eabi/lib/thumb/v6-m/nofp/crt0.o (__libc_init_array)
c:/progra~1/raspbe~1/picosd~1.1/gcc-ar~1/bin/../lib/gcc/arm-none-eabi/10.3.1/../../../../arm-none-eabi/lib/thumb/v6-m/nofp\libg.a(lib_a-malloc.o)
                              CMakeFiles/FIGHTINGBOX_MINI_RP2040.dir/C_/Program_Files/Raspberry_Pi/Pico_SDK_v1.5.1/pico-sdk/src/rp2_common/pico_malloc/pico_malloc.c.obj (malloc)
c:/progra~1/raspbe~1/picosd~1.1/gcc-ar~1/bin/../lib/gcc/arm-none-eabi/10.3.1/../../../../arm-none-eabi/lib/thumb/v6-m/nofp\libg.a(lib_a-mallocr.o)
                              c:/progra~1/raspbe~1/picosd~1.1/gcc-ar~1/bin/../lib/gcc/arm-none-eabi/10.3.1/../../../../arm-none-eabi/lib/thumb/v6-m/nofp\libg.a(lib_a-callocr.o) (_malloc_r)
c:/progra~1/raspbe~1/picosd~1.1/gcc-ar~1/bin/../lib/gcc/arm-none-eabi/10.3.1/../../../../arm-none-eabi/lib/thumb/v6-m/nofp\libg.a(lib_a-mlock.o)
                              c:/progra~1/raspbe~1/picosd~1.1/gcc-ar~1/bin/../lib/gcc/arm-none-eabi/10.3.1/../../../../arm-none-eabi/lib/thumb/v6-m/nofp\libg.a(lib_a-mallocr.o) (__malloc_lock)
c:/progra~1/raspbe~1/picosd~1.1/gcc-ar~1/bin/../lib/gcc/arm-none-eabi/10.3.1/../../../../arm-none-eabi/lib/thumb/v6-m/nofp\libg.a(lib_a-realloc.o)
                              CMakeFiles/FIGHTINGBOX_MINI_RP2040.dir/C_/Program_Files/Raspberry_Pi/Pico_SDK_v1.5.1/pico-sdk/src/rp2_common/pico_malloc/pico_malloc.c.obj (realloc)
c:/progra~1/raspbe~1/picosd~1.1/gcc-ar~1/bin/../lib/gcc/arm-none-eabi/10.3.1/../../../../arm-none-eabi/lib/thumb/v6-m/nofp\libg.a(lib_a-reallocr.o)
                              c:/progra~1/raspbe~1/picosd~1.1/gcc-ar~1/bin/../lib/gcc/arm-none-eabi/10.3.1/../../../../arm-none-eabi/lib/thumb/v6-m/nofp\libg.a(lib_a-realloc.o) (_realloc_r)
c:/progra~1/raspbe~1/picosd~1.1/gcc-ar~1/bin/../lib/gcc/arm-none-eabi/10.3.1/../../../../arm-none-eabi/lib/thumb/v6-m/nofp\libg.a(lib_a-sbrkr.o)
                              c:/progra~1/raspbe~1/picosd~1.1/gcc-ar~1/bin/../lib/gcc/arm-none-eabi/10.3.1/../../../../arm-none-eabi/lib/thumb/v6-m/nofp\libg.a(lib_a-mallocr.o) (_sbrk_r)
c:/progra~1/raspbe~1/picosd~1.1/gcc-ar~1/bin/../lib/gcc/arm-none-eabi/10.3.1/../../../../arm-none-eabi/lib/thumb/v6-m/nofp\libg.a(lib_a-strlen-stub.o)
                              CMakeFiles/FIGHTINGBOX_MINI_RP2040.dir/lib/HOJA-LIB-RP2040/src/usb/hoja_usb.c.obj (strlen)
[...]
Memory Configuration

Name             Origin             Length             Attributes
FLASH            0x10000000         0x00200000         xr
RAM              0x20000000         0x00040000         xrw
SCRATCH_X        0x20040000         0x00001000         xrw
SCRATCH_Y        0x20041000         0x00001000         xrw
*default*        0x00000000         0xffffffff

Linker script and memory map

LOAD c:/progra~1/raspbe~1/picosd~1.1/gcc-ar~1/bin/../lib/gcc/arm-none-eabi/10.3.1/thumb/v6-m/nofp/crti.o
LOAD c:/progra~1/raspbe~1/picosd~1.1/gcc-ar~1/bin/../lib/gcc/arm-none-eabi/10.3.1/thumb/v6-m/nofp/crtbegin.o
LOAD c:/progra~1/raspbe~1/picosd~1.1/gcc-ar~1/bin/../lib/gcc/arm-none-eabi/10.3.1/../../../../arm-none-eabi/lib/thumb/v6-m/nofp/crt0.o

.flash_begin    0x10000000        0x0
                0x10000000                __flash_binary_start = .

.boot2          0x10000000      0x100
                0x10000000                __boot2_start__ = .
 *(.boot2)
 .boot2         0x10000000      0x100 C:\Users\Mitch\AppData\Local\Temp\ccwHJVy2.o
                0x10000100                __boot2_end__ = .
                0x00000001                ASSERT (((__boot2_end__ - __boot2_start__) == 0x100), ERROR: Pico second stage bootloader must be 256 bytes in size)

.text           0x10000100     0xf5c8
                0x10000100                __logical_binary_start = .
 *(.vectors)
 .vectors       0x10000100       0xd4 CMakeFiles/FIGHTINGBOX_MINI_RP2040.dir/C_/Program_Files/Raspberry_Pi/Pico_SDK_v1.5.1/pico-sdk/src/rp2_common/pico_standard_link/crt0.S.obj
                0x10000100                __VECTOR_TABLE
                0x10000100                __vectors
                0x100001c0                isr_invalid
                0x100001c0                __default_isrs_start
                0x100001c2                isr_nmi
                0x100001c4                isr_hardfault
                0x100001c6                isr_svcall
                0x100001c8                isr_pendsv
                0x100001ca                isr_systick
                0x100001cc                isr_irq23
                0x100001cc                isr_irq18
                0x100001cc                isr_irq11
                0x100001cc                isr_irq28
                0x100001cc                isr_irq19
                0x100001cc                isr_irq0
                0x100001cc                isr_irq6
                0x100001cc                isr_irq5
                0x100001cc                isr_irq12
                0x100001cc                isr_irq22
                0x100001cc                isr_irq31
                0x100001cc                isr_irq17
                0x100001cc                isr_irq27
                0x100001cc                isr_irq30
                0x100001cc                isr_irq2
                0x100001cc                isr_irq10
                0x100001cc                isr_irq8
                0x100001cc                isr_irq24
                0x100001cc                isr_irq1
                0x100001cc                isr_irq7
                0x100001cc                isr_irq21
                0x100001cc                isr_irq20
                0x100001cc                isr_irq15
                0x100001cc                isr_irq25
                0x100001cc                isr_irq13
                0x100001cc                __unhandled_user_irq
                0x100001cc                isr_irq4
                0x100001cc                isr_irq16
                0x100001cc                isr_irq29
                0x100001cc                isr_irq26
                0x100001cc                __default_isrs_end
                0x100001cc                isr_irq3
                0x100001cc                isr_irq14
                0x100001cc                isr_irq9
                0x100001d2                unhandled_user_irq_num_in_r0
 *(.binary_info_header)
 .binary_info_header
                0x100001d4       0x14 CMakeFiles/FIGHTINGBOX_MINI_RP2040.dir/C_/Program_Files/Raspberry_Pi/Pico_SDK_v1.5.1/pico-sdk/src/rp2_common/pico_standard_link/crt0.S.obj
                0x100001e8                __binary_info_header_end = .
 *(.reset)
 .reset         0x100001e8       0xa0 CMakeFiles/FIGHTINGBOX_MINI_RP2040.dir/C_/Program_Files/Raspberry_Pi/Pico_SDK_v1.5.1/pico-sdk/src/rp2_common/pico_standard_link/crt0.S.obj
                0x100001e8                _entry_point
 .reset         0x10000288       0x30 CMakeFiles/FIGHTINGBOX_MINI_RP2040.dir/C_/Program_Files/Raspberry_Pi/Pico_SDK_v1.5.1/pico-sdk/src/rp2_common/pico_standard_link/binary_info.c.obj
 *(.init)
 .init          0x100002b8        0x4 c:/progra~1/raspbe~1/picosd~1.1/gcc-ar~1/bin/../lib/gcc/arm-none-eabi/10.3.1/thumb/v6-m/nofp/crti.o
                0x100002b8                _init
 *(EXCLUDE_FILE(*libm.a: *libc.a:*lib_a-mem*.o *libgcc.a:) .text*)
 .text          0x100002bc       0x48 c:/progra~1/raspbe~1/picosd~1.1/gcc-ar~1/bin/../lib/gcc/arm-none-eabi/10.3.1/thumb/v6-m/nofp/crtbegin.o
 .text.cb_hoja_hardware_setup
                0x10000304       0x76 CMakeFiles/FIGHTINGBOX_MINI_RP2040.dir/src/main.c.obj
                0x10000304                cb_hoja_hardware_setup
 .text.cb_hoja_read_buttons
                0x1000037a      0x20a CMakeFiles/FIGHTINGBOX_MINI_RP2040.dir/src/main.c.obj
                0x1000037a                cb_hoja_read_buttons
 .text.cb_hoja_read_analog
                0x10000584        0xe CMakeFiles/FIGHTINGBOX_MINI_RP2040.dir/src/main.c.obj
                0x10000584                cb_hoja_read_analog
 *fill*         0x10000592        0x2 
 .text.main     0x10000594       0x50 CMakeFiles/FIGHTINGBOX_MINI_RP2040.dir/src/main.c.obj
                0x10000594                main
 .text.cb_hoja_hardware_test
                0x100005e4        0x4 CMakeFiles/FIGHTINGBOX_MINI_RP2040.dir/lib/HOJA-LIB-RP2040/src/hoja.c.obj
                0x100005e4                cb_hoja_hardware_test
 .text.cb_hoja_read_imu
                0x100005e8        0x2 CMakeFiles/FIGHTINGBOX_MINI_RP2040.dir/lib/HOJA-LIB-RP2040/src/hoja.c.obj
                0x100005e8                cb_hoja_read_imu
 .text.cb_hoja_rumble_init
                0x100005ea        0x2 CMakeFiles/FIGHTINGBOX_MINI_RP2040.dir/lib/HOJA-LIB-RP2040/src/hoja.c.obj
                0x100005ea                cb_hoja_rumble_init
 .text.cb_hoja_rumble_set
                0x100005ec        0x2 CMakeFiles/FIGHTINGBOX_MINI_RP2040.dir/lib/HOJA-LIB-RP2040/src/hoja.c.obj
                0x100005ec                cb_hoja_rumble_set
 *fill*         0x100005ee        0x2 
 .text.hoja_rumble_set
                0x100005f0       0x18 CMakeFiles/FIGHTINGBOX_MINI_RP2040.dir/lib/HOJA-LIB-RP2040/src/hoja.c.obj
                0x100005f0                hoja_rumble_set
 .text.cb_hoja_rumble_test
                0x10000608        0x2 CMakeFiles/FIGHTINGBOX_MINI_RP2040.dir/lib/HOJA-LIB-RP2040/src/hoja.c.obj
                0x10000608                cb_hoja_rumble_test
 .text.cb_hoja_task_1_hook
                0x1000060a        0x2 CMakeFiles/FIGHTINGBOX_MINI_RP2040.dir/lib/HOJA-LIB-RP2040/src/hoja.c.obj
                0x1000060a                cb_hoja_task_1_hook
 .text._hoja_task_1
                0x1000060c       0x48 CMakeFiles/FIGHTINGBOX_MINI_RP2040.dir/lib/HOJA-LIB-RP2040/src/hoja.c.obj
                0x1000060c                _hoja_task_1
 .text.cb_hoja_task_0_hook
                0x10000654        0x2 CMakeFiles/FIGHTINGBOX_MINI_RP2040.dir/lib/HOJA-LIB-RP2040/src/hoja.c.obj
                0x10000654                cb_hoja_task_0_hook
 .text.cb_hoja_set_bluetooth_enabled
                0x10000656        0x2 CMakeFiles/FIGHTINGBOX_MINI_RP2040.dir/lib/HOJA-LIB-RP2040/src/hoja.c.obj
                0x10000656                cb_hoja_set_bluetooth_enabled
 .text.cb_hoja_set_uart_enabled
                0x10000658        0x2 CMakeFiles/FIGHTINGBOX_MINI_RP2040.dir/lib/HOJA-LIB-RP2040/src/hoja.c.obj
                0x10000658                cb_hoja_set_uart_enabled
 .text.cb_hoja_baseband_update_loop
                0x1000065a        0x2 CMakeFiles/FIGHTINGBOX_MINI_RP2040.dir/lib/HOJA-LIB-RP2040/src/hoja.c.obj
                0x1000065a                cb_hoja_baseband_update_loop
 .text.hoja_get_input_method
                0x1000065c        0xc CMakeFiles/FIGHTINGBOX_MINI_RP2040.dir/lib/HOJA-LIB-RP2040/src/hoja.c.obj
                0x1000065c                hoja_get_input_method
 .text.hoja_shutdown_instant
                0x10000668       0x1a CMakeFiles/FIGHTINGBOX_MINI_RP2040.dir/lib/HOJA-LIB-RP2040/src/hoja.c.obj
                0x10000668                hoja_shutdown_instant
 *fill*         0x10000682        0x2 
 .text._hoja_task_0
                0x10000684       0xf0 CMakeFiles/FIGHTINGBOX_MINI_RP2040.dir/lib/HOJA-LIB-RP2040/src/hoja.c.obj
                0x10000684                _hoja_task_0
 .text.hoja_init
                0x10000774      0x1d0 CMakeFiles/FIGHTINGBOX_MINI_RP2040.dir/lib/HOJA-LIB-RP2040/src/hoja.c.obj
                0x10000774                hoja_init
 .text.hoja_setup_gpio_button
                0x10000944       0x1e CMakeFiles/FIGHTINGBOX_MINI_RP2040.dir/lib/HOJA-LIB-RP2040/src/hoja.c.obj
                0x10000944                hoja_setup_gpio_button
 *fill*         0x10000962        0x2 
 .text._settings_validate
                0x10000964       0x2c CMakeFiles/FIGHTINGBOX_MINI_RP2040.dir/lib/HOJA-LIB-RP2040/src/hoja_settings.c.obj
                0x10000964                _settings_validate
 .text._settings_migrate
                0x10000990      0x1b4 CMakeFiles/FIGHTINGBOX_MINI_RP2040.dir/lib/HOJA-LIB-RP2040/src/hoja_settings.c.obj
                0x10000990                _settings_migrate
 .text._settings_get_config_version
                0x10000b44       0x24 CMakeFiles/FIGHTINGBOX_MINI_RP2040.dir/lib/HOJA-LIB-RP2040/src/hoja_settings.c.obj
                0x10000b44                _settings_get_config_version
 .text._generate_mac
                0x10000b68       0x58 CMakeFiles/FIGHTINGBOX_MINI_RP2040.dir/lib/HOJA-LIB-RP2040/src/hoja_settings.c.obj
                0x10000b68                _generate_mac
 .text._settings_init_default
                0x10000bc0      0x20c CMakeFiles/FIGHTINGBOX_MINI_RP2040.dir/lib/HOJA-LIB-RP2040/src/hoja_settings.c.obj
                0x10000bc0                _settings_init_default
 .text.settings_get_bank
                0x10000dcc        0xc CMakeFiles/FIGHTINGBOX_MINI_RP2040.dir/lib/HOJA-LIB-RP2040/src/hoja_settings.c.obj
                0x10000dcc                settings_get_bank
 .text.settings_core1_save_check
                0x10000dd8       0xa0 CMakeFiles/FIGHTINGBOX_MINI_RP2040.dir/lib/HOJA-LIB-RP2040/src/hoja_settings.c.obj
                0x10000dd8                settings_core1_save_check
 .text.settings_save_webindicate
                0x10000e78        0xc CMakeFiles/FIGHTINGBOX_MINI_RP2040.dir/lib/HOJA-LIB-RP2040/src/hoja_settings.c.obj
                0x10000e78                settings_save_webindicate
 .text.settings_save
                0x10000e84        0xc CMakeFiles/FIGHTINGBOX_MINI_RP2040.dir/lib/HOJA-LIB-RP2040/src/hoja_settings.c.obj
                0x10000e84                settings_save
 .text.settings_load
                0x10000e90       0xf8 CMakeFiles/FIGHTINGBOX_MINI_RP2040.dir/lib/HOJA-LIB-RP2040/src/hoja_settings.c.obj
                0x10000e90                settings_load
 .text.settings_set_rumble
                0x10000f88       0x1c CMakeFiles/FIGHTINGBOX_MINI_RP2040.dir/lib/HOJA-LIB-RP2040/src/hoja_settings.c.obj
                0x10000f88                settings_set_rumble
 .text.settings_set_deadzone
                0x10000fa4       0x44 CMakeFiles/FIGHTINGBOX_MINI_RP2040.dir/lib/HOJA-LIB-RP2040/src/hoja_settings.c.obj
                0x10000fa4                settings_set_deadzone
 .text.settings_set_centers
                0x10000fe8       0x44 CMakeFiles/FIGHTINGBOX_MINI_RP2040.dir/lib/HOJA-LIB-RP2040/src/hoja_settings.c.obj
                0x10000fe8                settings_set_centers
 .text.settings_set_mode
                0x1000102c       0x10 CMakeFiles/FIGHTINGBOX_MINI_RP2040.dir/lib/HOJA-LIB-RP2040/src/hoja_settings.c.obj
                0x1000102c                settings_set_mode
 .text.hoja_comms_task
                0x1000103c       0x14 CMakeFiles/FIGHTINGBOX_MINI_RP2040.dir/lib/HOJA-LIB-RP2040/src/hoja_comms.c.obj
                0x1000103c                hoja_comms_task
 .text.hoja_comms_current_mode
                0x10001050        0xc CMakeFiles/FIGHTINGBOX_MINI_RP2040.dir/lib/HOJA-LIB-RP2040/src/hoja_comms.c.obj
                0x10001050                hoja_comms_current_mode
 .text.hoja_comms_init
                0x1000105c       0xb0 CMakeFiles/FIGHTINGBOX_MINI_RP2040.dir/lib/HOJA-LIB-RP2040/src/hoja_comms.c.obj
                0x1000105c                hoja_comms_init
 .text.ws2812_program_init
                0x1000110c      0x154 CMakeFiles/FIGHTINGBOX_MINI_RP2040.dir/lib/HOJA-LIB-RP2040/src/utilities/rgb.c.obj
 .text._rgb_set_dirty
                0x10001260        0xc CMakeFiles/FIGHTINGBOX_MINI_RP2040.dir/lib/HOJA-LIB-RP2040/src/utilities/rgb.c.obj
                0x10001260                _rgb_set_dirty
 .text._rgbanim_cycleoffset_do
                0x1000126c       0xbc CMakeFiles/FIGHTINGBOX_MINI_RP2040.dir/lib/HOJA-LIB-RP2040/src/utilities/rgb.c.obj
                0x1000126c                _rgbanim_cycleoffset_do
 .text.rgb_set_override
                0x10001328       0x1c CMakeFiles/FIGHTINGBOX_MINI_RP2040.dir/lib/HOJA-LIB-RP2040/src/utilities/rgb.c.obj
                0x10001328                rgb_set_override
 .text._rgb_convert_hue_saturation
                0x10001344       0x84 CMakeFiles/FIGHTINGBOX_MINI_RP2040.dir/lib/HOJA-LIB-RP2040/src/utilities/rgb.c.obj
                0x10001344                _rgb_convert_hue_saturation
 .text._rgb_set_color_brightness
                0x100013c8       0xa4 CMakeFiles/FIGHTINGBOX_MINI_RP2040.dir/lib/HOJA-LIB-RP2040/src/utilities/rgb.c.obj
                0x100013c8                _rgb_set_color_brightness
 .text._rgb_normalize_output_power
                0x1000146c       0x88 CMakeFiles/FIGHTINGBOX_MINI_RP2040.dir/lib/HOJA-LIB-RP2040/src/utilities/rgb.c.obj
                0x1000146c                _rgb_normalize_output_power
 .text._rgbanim_rainbowoffset_do
                0x100014f4       0x8c CMakeFiles/FIGHTINGBOX_MINI_RP2040.dir/lib/HOJA-LIB-RP2040/src/utilities/rgb.c.obj
                0x100014f4                _rgbanim_rainbowoffset_do
 .text._rgb_update_all
                0x10001580       0x28 CMakeFiles/FIGHTINGBOX_MINI_RP2040.dir/lib/HOJA-LIB-RP2040/src/utilities/rgb.c.obj
                0x10001580                _rgb_update_all
 .text._rgb_blend
                0x100015a8       0xb2 CMakeFiles/FIGHTINGBOX_MINI_RP2040.dir/lib/HOJA-LIB-RP2040/src/utilities/rgb.c.obj
                0x100015a8                _rgb_blend
 *fill*         0x1000165a        0x2 
 .text.rgb_set_player
                0x1000165c       0x1c CMakeFiles/FIGHTINGBOX_MINI_RP2040.dir/lib/HOJA-LIB-RP2040/src/utilities/rgb.c.obj
                0x1000165c                rgb_set_player
 .text._rgb_animate_step
                0x10001678       0xbc CMakeFiles/FIGHTINGBOX_MINI_RP2040.dir/lib/HOJA-LIB-RP2040/src/utilities/rgb.c.obj
                0x10001678                _rgb_animate_step
 .text._rgb_set_sequential
                0x10001734       0x32 CMakeFiles/FIGHTINGBOX_MINI_RP2040.dir/lib/HOJA-LIB-RP2040/src/utilities/rgb.c.obj
                0x10001734                _rgb_set_sequential
 *fill*         0x10001766        0x2 
 .text._rgb_set_brightness
                0x10001768       0x14 CMakeFiles/FIGHTINGBOX_MINI_RP2040.dir/lib/HOJA-LIB-RP2040/src/utilities/rgb.c.obj
                0x10001768                _rgb_set_brightness
 .text._rgb_set_all
                0x1000177c       0x30 CMakeFiles/FIGHTINGBOX_MINI_RP2040.dir/lib/HOJA-LIB-RP2040/src/utilities/rgb.c.obj
                0x1000177c                _rgb_set_all
 .text._rgbanim_rainbow_do
                0x100017ac       0x34 CMakeFiles/FIGHTINGBOX_MINI_RP2040.dir/lib/HOJA-LIB-RP2040/src/utilities/rgb.c.obj
                0x100017ac                _rgbanim_rainbow_do
 .text._rgbanim_cycle_do
                0x100017e0       0x88 CMakeFiles/FIGHTINGBOX_MINI_RP2040.dir/lib/HOJA-LIB-RP2040/src/utilities/rgb.c.obj
                0x100017e0                _rgbanim_cycle_do
 .text._rgbanim_flash_do
                0x10001868       0x4c CMakeFiles/FIGHTINGBOX_MINI_RP2040.dir/lib/HOJA-LIB-RP2040/src/utilities/rgb.c.obj
                0x10001868                _rgbanim_flash_do
 .text._rgb_indicate_override_do
                0x100018b4       0x7c CMakeFiles/FIGHTINGBOX_MINI_RP2040.dir/lib/HOJA-LIB-RP2040/src/utilities/rgb.c.obj
                0x100018b4                _rgb_indicate_override_do
 .text.rgb_set_group
                0x10001930       0xfc CMakeFiles/FIGHTINGBOX_MINI_RP2040.dir/lib/HOJA-LIB-RP2040/src/utilities/rgb.c.obj
                0x10001930                rgb_set_group
 .text._rgb_preset_reload
                0x10001a2c       0x3c CMakeFiles/FIGHTINGBOX_MINI_RP2040.dir/lib/HOJA-LIB-RP2040/src/utilities/rgb.c.obj
                0x10001a2c                _rgb_preset_reload
 .text._rgb_load_preset
                0x10001a68       0x10 CMakeFiles/FIGHTINGBOX_MINI_RP2040.dir/lib/HOJA-LIB-RP2040/src/utilities/rgb.c.obj
                0x10001a68                _rgb_load_preset
 .text._rgbanim_preset_do
                0x10001a78       0x28 CMakeFiles/FIGHTINGBOX_MINI_RP2040.dir/lib/HOJA-LIB-RP2040/src/utilities/rgb.c.obj
                0x10001a78                _rgbanim_preset_do
 .text.rgb_update_speed
                0x10001aa0       0x54 CMakeFiles/FIGHTINGBOX_MINI_RP2040.dir/lib/HOJA-LIB-RP2040/src/utilities/rgb.c.obj
                0x10001aa0                rgb_update_speed
 .text.rgb_indicate
                0x10001af4       0x24 CMakeFiles/FIGHTINGBOX_MINI_RP2040.dir/lib/HOJA-LIB-RP2040/src/utilities/rgb.c.obj
                0x10001af4                rgb_indicate
 .text.rgb_init
                0x10001b18       0xdc CMakeFiles/FIGHTINGBOX_MINI_RP2040.dir/lib/HOJA-LIB-RP2040/src/utilities/rgb.c.obj
                0x10001b18                rgb_init
 .text.rgb_flash
                0x10001bf4       0x14 CMakeFiles/FIGHTINGBOX_MINI_RP2040.dir/lib/HOJA-LIB-RP2040/src/utilities/rgb.c.obj
                0x10001bf4                rgb_flash
 .text.rgb_task
                0x10001c08       0x70 CMakeFiles/FIGHTINGBOX_MINI_RP2040.dir/lib/HOJA-LIB-RP2040/src/utilities/rgb.c.obj
                0x10001c08                rgb_task
 .text.util_battery_monitor_task_usb
                0x10001c78        0x2 CMakeFiles/FIGHTINGBOX_MINI_RP2040.dir/lib/HOJA-LIB-RP2040/src/utilities/battery.c.obj
                0x10001c78                util_battery_monitor_task_usb
 .text.util_battery_enable_ship_mode
                0x10001c7a        0xe CMakeFiles/FIGHTINGBOX_MINI_RP2040.dir/lib/HOJA-LIB-RP2040/src/utilities/battery.c.obj
                0x10001c7a                util_battery_enable_ship_mode
 .text.util_battery_set_charge_rate
                0x10001c88       0x38 CMakeFiles/FIGHTINGBOX_MINI_RP2040.dir/lib/HOJA-LIB-RP2040/src/utilities/battery.c.obj
                0x10001c88                util_battery_set_charge_rate
 .text.util_wire_connected
                0x10001cc0       0x10 CMakeFiles/FIGHTINGBOX_MINI_RP2040.dir/lib/HOJA-LIB-RP2040/src/utilities/battery.c.obj
                0x10001cc0                util_wire_connected
 .text._scratch_set
                0x10001cd0       0x14 CMakeFiles/FIGHTINGBOX_MINI_RP2040.dir/lib/HOJA-LIB-RP2040/src/utilities/reboot.c.obj
                0x10001cd0                _scratch_set
 .text._scratch_get
                0x10001ce4       0x24 CMakeFiles/FIGHTINGBOX_MINI_RP2040.dir/lib/HOJA-LIB-RP2040/src/utilities/reboot.c.obj
                0x10001ce4                _scratch_get
 .text.reboot_get_memory
                0x10001d08        0xa CMakeFiles/FIGHTINGBOX_MINI_RP2040.dir/lib/HOJA-LIB-RP2040/src/utilities/reboot.c.obj
                0x10001d08                reboot_get_memory
 .text.interval_run
                0x10001d12       0x26 CMakeFiles/FIGHTINGBOX_MINI_RP2040.dir/lib/HOJA-LIB-RP2040/src/utilities/interval.c.obj
                0x10001d12                interval_run
 .text.interval_resettable_run
                0x10001d38       0x3a CMakeFiles/FIGHTINGBOX_MINI_RP2040.dir/lib/HOJA-LIB-RP2040/src/utilities/interval.c.obj
                0x10001d38                interval_resettable_run
 *fill*         0x10001d72        0x2 
 .text.tud_descriptor_bos_cb
                0x10001d74       0x1c CMakeFiles/FIGHTINGBOX_MINI_RP2040.dir/lib/HOJA-LIB-RP2040/src/usb/desc_bos.c.obj
                0x10001d74                tud_descriptor_bos_cb
 .text.tud_hid_ready
                0x10001d90        0xa CMakeFiles/FIGHTINGBOX_MINI_RP2040.dir/lib/HOJA-LIB-RP2040/src/usb/hoja_usb.c.obj
 *fill*         0x10001d9a        0x2 
 .text.hoja_usb_set_usb_clear
                0x10001d9c       0x28 CMakeFiles/FIGHTINGBOX_MINI_RP2040.dir/lib/HOJA-LIB-RP2040/src/usb/hoja_usb.c.obj
                0x10001d9c                hoja_usb_set_usb_clear
 .text.hoja_usb_unset_usb_clear
                0x10001dc4       0x28 CMakeFiles/FIGHTINGBOX_MINI_RP2040.dir/lib/HOJA-LIB-RP2040/src/usb/hoja_usb.c.obj
                0x10001dc4                hoja_usb_unset_usb_clear
 .text.hoja_usb_get_usb_clear
                0x10001dec       0x4c CMakeFiles/FIGHTINGBOX_MINI_RP2040.dir/lib/HOJA-LIB-RP2040/src/usb/hoja_usb.c.obj
                0x10001dec                hoja_usb_get_usb_clear
 .text.usbd_app_driver_get_cb
                0x10001e38       0x24 CMakeFiles/FIGHTINGBOX_MINI_RP2040.dir/lib/HOJA-LIB-RP2040/src/usb/hoja_usb.c.obj
                0x10001e38                usbd_app_driver_get_cb
 .text._hoja_usb_set_interval
                0x10001e5c       0x44 CMakeFiles/FIGHTINGBOX_MINI_RP2040.dir/lib/HOJA-LIB-RP2040/src/usb/hoja_usb.c.obj
                0x10001e5c                _hoja_usb_set_interval
 .text.hoja_usb_start
                0x10001ea0       0xb0 CMakeFiles/FIGHTINGBOX_MINI_RP2040.dir/lib/HOJA-LIB-RP2040/src/usb/hoja_usb.c.obj
                0x10001ea0                hoja_usb_start
 .text.hoja_usb_task
                0x10001f50       0xcc CMakeFiles/FIGHTINGBOX_MINI_RP2040.dir/lib/HOJA-LIB-RP2040/src/usb/hoja_usb.c.obj
                0x10001f50                hoja_usb_task
 .text.tud_descriptor_device_cb
                0x1000201c       0x38 CMakeFiles/FIGHTINGBOX_MINI_RP2040.dir/lib/HOJA-LIB-RP2040/src/usb/hoja_usb.c.obj
                0x1000201c                tud_descriptor_device_cb
 .text.tud_descriptor_configuration_cb
                0x10002054       0x38 CMakeFiles/FIGHTINGBOX_MINI_RP2040.dir/lib/HOJA-LIB-RP2040/src/usb/hoja_usb.c.obj
                0x10002054                tud_descriptor_configuration_cb
 .text.tud_hid_get_report_cb
                0x1000208c        0x4 CMakeFiles/FIGHTINGBOX_MINI_RP2040.dir/lib/HOJA-LIB-RP2040/src/usb/hoja_usb.c.obj
                0x1000208c                tud_hid_get_report_cb
 .text.tud_hid_report_complete_cb
                0x10002090       0x54 CMakeFiles/FIGHTINGBOX_MINI_RP2040.dir/lib/HOJA-LIB-RP2040/src/usb/hoja_usb.c.obj
                0x10002090                tud_hid_report_complete_cb
 .text.tud_hid_set_report_cb
                0x100020e4       0xd8 CMakeFiles/FIGHTINGBOX_MINI_RP2040.dir/lib/HOJA-LIB-RP2040/src/usb/hoja_usb.c.obj
                0x100020e4                tud_hid_set_report_cb
 .text.tud_hid_descriptor_report_cb
                0x100021bc       0x2c CMakeFiles/FIGHTINGBOX_MINI_RP2040.dir/lib/HOJA-LIB-RP2040/src/usb/hoja_usb.c.obj
                0x100021bc                tud_hid_descriptor_report_cb
 .text.tud_descriptor_string_cb
                0x100021e8       0x9c CMakeFiles/FIGHTINGBOX_MINI_RP2040.dir/lib/HOJA-LIB-RP2040/src/usb/hoja_usb.c.obj
                0x100021e8                tud_descriptor_string_cb
 .text.tud_vendor_rx_cb
                0x10002284       0x38 CMakeFiles/FIGHTINGBOX_MINI_RP2040.dir/lib/HOJA-LIB-RP2040/src/usb/hoja_usb.c.obj
                0x10002284                tud_vendor_rx_cb
 .text.tud_vendor_control_xfer_cb
                0x100022bc      0x100 CMakeFiles/FIGHTINGBOX_MINI_RP2040.dir/lib/HOJA-LIB-RP2040/src/usb/hoja_usb.c.obj
                0x100022bc                tud_vendor_control_xfer_cb
 .text.dir_to_hat
                0x100023bc       0x88 CMakeFiles/FIGHTINGBOX_MINI_RP2040.dir/lib/HOJA-LIB-RP2040/src/usb/hoja_usb.c.obj
                0x100023bc                dir_to_hat
 .text.xinputd_control_xfer_cb
                0x10002444        0x4 CMakeFiles/FIGHTINGBOX_MINI_RP2040.dir/lib/HOJA-LIB-RP2040/src/usb/xinput_device.c.obj
                0x10002444                xinputd_control_xfer_cb
 .text.xinputd_reset
                0x10002448       0x14 CMakeFiles/FIGHTINGBOX_MINI_RP2040.dir/lib/HOJA-LIB-RP2040/src/usb/xinput_device.c.obj
                0x10002448                xinputd_reset
 .text.xinputd_init
                0x1000245c        0xa CMakeFiles/FIGHTINGBOX_MINI_RP2040.dir/lib/HOJA-LIB-RP2040/src/usb/xinput_device.c.obj
                0x1000245c                xinputd_init
 *fill*         0x10002466        0x2 
 .text.xinputd_open
                0x10002468       0x70 CMakeFiles/FIGHTINGBOX_MINI_RP2040.dir/lib/HOJA-LIB-RP2040/src/usb/xinput_device.c.obj
                0x10002468                xinputd_open
 .text.xinputd_xfer_cb
                0x100024d8       0x68 CMakeFiles/FIGHTINGBOX_MINI_RP2040.dir/lib/HOJA-LIB-RP2040/src/usb/xinput_device.c.obj
                0x100024d8                xinputd_xfer_cb
 .text.tud_xinput_getout
                0x10002540       0x54 CMakeFiles/FIGHTINGBOX_MINI_RP2040.dir/lib/HOJA-LIB-RP2040/src/usb/xinput_device.c.obj
                0x10002540                tud_xinput_getout
 .text.tud_xinput_report
                0x10002594       0x58 CMakeFiles/FIGHTINGBOX_MINI_RP2040.dir/lib/HOJA-LIB-RP2040/src/usb/xinput_device.c.obj
                0x10002594                tud_xinput_report
 .text.tud_xinput_ready
                0x100025ec       0x48 CMakeFiles/FIGHTINGBOX_MINI_RP2040.dir/lib/HOJA-LIB-RP2040/src/usb/xinput_device.c.obj
                0x100025ec                tud_xinput_ready
 .text.ginputd_reset
                0x10002634       0x14 CMakeFiles/FIGHTINGBOX_MINI_RP2040.dir/lib/HOJA-LIB-RP2040/src/usb/ginput_device.c.obj
                0x10002634                ginputd_reset
 .text.ginputd_init
                0x10002648        0xa CMakeFiles/FIGHTINGBOX_MINI_RP2040.dir/lib/HOJA-LIB-RP2040/src/usb/ginput_device.c.obj
                0x10002648                ginputd_init
 *fill*         0x10002652        0x2 
 .text.ginputd_open
                0x10002654       0xc4 CMakeFiles/FIGHTINGBOX_MINI_RP2040.dir/lib/HOJA-LIB-RP2040/src/usb/ginput_device.c.obj
                0x10002654                ginputd_open
 .text.ginputd_xfer_cb
                0x10002718       0x84 CMakeFiles/FIGHTINGBOX_MINI_RP2040.dir/lib/HOJA-LIB-RP2040/src/usb/ginput_device.c.obj
                0x10002718                ginputd_xfer_cb
 .text.ginputd_control_xfer_cb
                0x1000279c      0x28c CMakeFiles/FIGHTINGBOX_MINI_RP2040.dir/lib/HOJA-LIB-RP2040/src/usb/ginput_device.c.obj
                0x1000279c                ginputd_control_xfer_cb
 .text.tud_ginput_n_ready
                0x10002a28       0x50 CMakeFiles/FIGHTINGBOX_MINI_RP2040.dir/lib/HOJA-LIB-RP2040/src/usb/ginput_device.c.obj
                0x10002a28                tud_ginput_n_ready
 .text.tud_ginput_ready
                0x10002a78        0xa CMakeFiles/FIGHTINGBOX_MINI_RP2040.dir/lib/HOJA-LIB-RP2040/src/usb/ginput_device.c.obj
                0x10002a78                tud_ginput_ready
 *fill*         0x10002a82        0x2 
 .text.tud_ginput_n_report
                0x10002a84       0x94 CMakeFiles/FIGHTINGBOX_MINI_RP2040.dir/lib/HOJA-LIB-RP2040/src/usb/ginput_device.c.obj
                0x10002a84                tud_ginput_n_report
 .text.tud_ginput_report
                0x10002b18       0x10 CMakeFiles/FIGHTINGBOX_MINI_RP2040.dir/lib/HOJA-LIB-RP2040/src/usb/ginput_device.c.obj
                0x10002b18                tud_ginput_report
 .text.switch_analog_encode
                0x10002b28       0x16 CMakeFiles/FIGHTINGBOX_MINI_RP2040.dir/lib/HOJA-LIB-RP2040/src/switch/switch_analog.c.obj
                0x10002b28                switch_analog_encode
 *fill*         0x10002b3e        0x2 
 .text.switch_analog_calibration_init
                0x10002b40       0x50 CMakeFiles/FIGHTINGBOX_MINI_RP2040.dir/lib/HOJA-LIB-RP2040/src/switch/switch_analog.c.obj
                0x10002b40                switch_analog_calibration_init
 .text.clear_report
                0x10002b90       0x14 CMakeFiles/FIGHTINGBOX_MINI_RP2040.dir/lib/HOJA-LIB-RP2040/src/switch/switch_commands.c.obj
                0x10002b90                clear_report
 .text.set_report_id
                0x10002ba4        0xc CMakeFiles/FIGHTINGBOX_MINI_RP2040.dir/lib/HOJA-LIB-RP2040/src/switch/switch_commands.c.obj
                0x10002ba4                set_report_id
 .text.set_ack  0x10002bb0        0xc CMakeFiles/FIGHTINGBOX_MINI_RP2040.dir/lib/HOJA-LIB-RP2040/src/switch/switch_commands.c.obj
                0x10002bb0                set_ack
 .text.set_command
                0x10002bbc        0xc CMakeFiles/FIGHTINGBOX_MINI_RP2040.dir/lib/HOJA-LIB-RP2040/src/switch/switch_commands.c.obj
                0x10002bbc                set_command
 .text.set_timer
                0x10002bc8       0x28 CMakeFiles/FIGHTINGBOX_MINI_RP2040.dir/lib/HOJA-LIB-RP2040/src/switch/switch_commands.c.obj
                0x10002bc8                set_timer
 .text.set_battconn
                0x10002bf0       0x14 CMakeFiles/FIGHTINGBOX_MINI_RP2040.dir/lib/HOJA-LIB-RP2040/src/switch/switch_commands.c.obj
                0x10002bf0                set_battconn
 .text.set_devinfo
                0x10002c04       0x20 CMakeFiles/FIGHTINGBOX_MINI_RP2040.dir/lib/HOJA-LIB-RP2040/src/switch/switch_commands.c.obj
                0x10002c04                set_devinfo
 .text.set_sub_triggertime
                0x10002c24       0x24 CMakeFiles/FIGHTINGBOX_MINI_RP2040.dir/lib/HOJA-LIB-RP2040/src/switch/switch_commands.c.obj
                0x10002c24                set_sub_triggertime
 .text._get_low_frequency
                0x10002c48       0x30 CMakeFiles/FIGHTINGBOX_MINI_RP2040.dir/lib/HOJA-LIB-RP2040/src/switch/switch_commands.c.obj
                0x10002c48                _get_low_frequency
 .text._get_high_frequency
                0x10002c78       0x30 CMakeFiles/FIGHTINGBOX_MINI_RP2040.dir/lib/HOJA-LIB-RP2040/src/switch/switch_commands.c.obj
                0x10002c78                _get_high_frequency
 .text._get_amplitude
                0x10002ca8       0x24 CMakeFiles/FIGHTINGBOX_MINI_RP2040.dir/lib/HOJA-LIB-RP2040/src/switch/switch_commands.c.obj
                0x10002ca8                _get_amplitude
 .text.rumble_translate
                0x10002ccc      0x140 CMakeFiles/FIGHTINGBOX_MINI_RP2040.dir/lib/HOJA-LIB-RP2040/src/switch/switch_commands.c.obj
                0x10002ccc                rumble_translate
 .text.info_set_mac
                0x10002e0c       0x34 CMakeFiles/FIGHTINGBOX_MINI_RP2040.dir/lib/HOJA-LIB-RP2040/src/switch/switch_commands.c.obj
                0x10002e0c                info_set_mac
 .text.info_handler
                0x10002e40       0x34 CMakeFiles/FIGHTINGBOX_MINI_RP2040.dir/lib/HOJA-LIB-RP2040/src/switch/switch_commands.c.obj
                0x10002e40                info_handler
 .text.pairing_set
                0x10002e74       0xc0 CMakeFiles/FIGHTINGBOX_MINI_RP2040.dir/lib/HOJA-LIB-RP2040/src/switch/switch_commands.c.obj
                0x10002e74                pairing_set
 .text.command_handler
                0x10002f34      0x134 CMakeFiles/FIGHTINGBOX_MINI_RP2040.dir/lib/HOJA-LIB-RP2040/src/switch/switch_commands.c.obj
                0x10002f34                command_handler
 .text.report_handler
                0x10003068       0x36 CMakeFiles/FIGHTINGBOX_MINI_RP2040.dir/lib/HOJA-LIB-RP2040/src/switch/switch_commands.c.obj
                0x10003068                report_handler
 *fill*         0x1000309e        0x2 
 .text._unknown_thing
                0x100030a0       0x2c CMakeFiles/FIGHTINGBOX_MINI_RP2040.dir/lib/HOJA-LIB-RP2040/src/switch/switch_commands.c.obj
                0x100030a0                _unknown_thing
 .text.switch_commands_process
                0x100030cc      0x1a0 CMakeFiles/FIGHTINGBOX_MINI_RP2040.dir/lib/HOJA-LIB-RP2040/src/switch/switch_commands.c.obj
                0x100030cc                switch_commands_process
 .text.switch_commands_future_handle
                0x1000326c       0x28 CMakeFiles/FIGHTINGBOX_MINI_RP2040.dir/lib/HOJA-LIB-RP2040/src/switch/switch_commands.c.obj
                0x1000326c                switch_commands_future_handle
 .text.switch_commands_bulkset
                0x10003294       0x10 CMakeFiles/FIGHTINGBOX_MINI_RP2040.dir/lib/HOJA-LIB-RP2040/src/switch/switch_commands.c.obj
                0x10003294                switch_commands_bulkset
 .text.sw_spi_getaddressdata
                0x100032a4      0x18c CMakeFiles/FIGHTINGBOX_MINI_RP2040.dir/lib/HOJA-LIB-RP2040/src/switch/switch_spi.c.obj
                0x100032a4                sw_spi_getaddressdata
 .text.sw_spi_readfromaddress
                0x10003430       0x50 CMakeFiles/FIGHTINGBOX_MINI_RP2040.dir/lib/HOJA-LIB-RP2040/src/switch/switch_spi.c.obj
                0x10003430                sw_spi_readfromaddress
 .text.imu_pack_quat
                0x10003480      0x1fc CMakeFiles/FIGHTINGBOX_MINI_RP2040.dir/lib/HOJA-LIB-RP2040/src/input/imu.c.obj
                0x10003480                imu_pack_quat
 .text._imu_rotate_quaternion
                0x1000367c      0x146 CMakeFiles/FIGHTINGBOX_MINI_RP2040.dir/lib/HOJA-LIB-RP2040/src/input/imu.c.obj
                0x1000367c                _imu_rotate_quaternion
 .text._imu_quat_normalize
                0x100037c2       0x7c CMakeFiles/FIGHTINGBOX_MINI_RP2040.dir/lib/HOJA-LIB-RP2040/src/input/imu.c.obj
                0x100037c2                _imu_quat_normalize
 *fill*         0x1000383e        0x2 
 .text._imu_update_quaternion
                0x10003840      0x298 CMakeFiles/FIGHTINGBOX_MINI_RP2040.dir/lib/HOJA-LIB-RP2040/src/input/imu.c.obj
                0x10003840                _imu_update_quaternion
 .text.imu_fifo_push
                0x10003ad8       0xa8 CMakeFiles/FIGHTINGBOX_MINI_RP2040.dir/lib/HOJA-LIB-RP2040/src/input/imu.c.obj
                0x10003ad8                imu_fifo_push
 .text.imu_fifo_last
                0x10003b80       0x38 CMakeFiles/FIGHTINGBOX_MINI_RP2040.dir/lib/HOJA-LIB-RP2040/src/input/imu.c.obj
                0x10003b80                imu_fifo_last
 .text._imu_average_value
                0x10003bb8       0x30 CMakeFiles/FIGHTINGBOX_MINI_RP2040.dir/lib/HOJA-LIB-RP2040/src/input/imu.c.obj
                0x10003bb8                _imu_average_value
 .text.imu_calibrate_start
                0x10003be8       0xc0 CMakeFiles/FIGHTINGBOX_MINI_RP2040.dir/lib/HOJA-LIB-RP2040/src/input/imu.c.obj
                0x10003be8                imu_calibrate_start
 .text.imu_calibrate_stop
                0x10003ca8       0x2c CMakeFiles/FIGHTINGBOX_MINI_RP2040.dir/lib/HOJA-LIB-RP2040/src/input/imu.c.obj
                0x10003ca8                imu_calibrate_stop
 .text._imu_calibrate_task
                0x10003cd4      0x160 CMakeFiles/FIGHTINGBOX_MINI_RP2040.dir/lib/HOJA-LIB-RP2040/src/input/imu.c.obj
                0x10003cd4                _imu_calibrate_task
 .text.imu_set_enabled
                0x10003e34        0xc CMakeFiles/FIGHTINGBOX_MINI_RP2040.dir/lib/HOJA-LIB-RP2040/src/input/imu.c.obj
                0x10003e34                imu_set_enabled
 .text.imu_task
                0x10003e40      0x158 CMakeFiles/FIGHTINGBOX_MINI_RP2040.dir/lib/HOJA-LIB-RP2040/src/input/imu.c.obj
                0x10003e40                imu_task
 .text._remap_load_remap
                0x10003f98       0x60 CMakeFiles/FIGHTINGBOX_MINI_RP2040.dir/lib/HOJA-LIB-RP2040/src/input/remap.c.obj
                0x10003f98                _remap_load_remap
 .text._remap_pack_remap
                0x10003ff8       0xda CMakeFiles/FIGHTINGBOX_MINI_RP2040.dir/lib/HOJA-LIB-RP2040/src/input/remap.c.obj
                0x10003ff8                _remap_pack_remap
 .text._remap_unpack_remap
                0x100040d2       0x72 CMakeFiles/FIGHTINGBOX_MINI_RP2040.dir/lib/HOJA-LIB-RP2040/src/input/remap.c.obj
                0x100040d2                _remap_unpack_remap
 .text.remap_reset_default
                0x10004144       0x74 CMakeFiles/FIGHTINGBOX_MINI_RP2040.dir/lib/HOJA-LIB-RP2040/src/input/remap.c.obj
                0x10004144                remap_reset_default
 .text.remap_init
                0x100041b8       0x5c CMakeFiles/FIGHTINGBOX_MINI_RP2040.dir/lib/HOJA-LIB-RP2040/src/input/remap.c.obj
                0x100041b8                remap_init
 .text.remap_set_gc_sp
                0x10004214       0x10 CMakeFiles/FIGHTINGBOX_MINI_RP2040.dir/lib/HOJA-LIB-RP2040/src/input/remap.c.obj
                0x10004214                remap_set_gc_sp
 .text.remap_listen_stop
                0x10004224       0x20 CMakeFiles/FIGHTINGBOX_MINI_RP2040.dir/lib/HOJA-LIB-RP2040/src/input/remap.c.obj
                0x10004224                remap_listen_stop
 .text.remap_send_data_webusb
                0x10004244       0xf8 CMakeFiles/FIGHTINGBOX_MINI_RP2040.dir/lib/HOJA-LIB-RP2040/src/input/remap.c.obj
                0x10004244                remap_send_data_webusb
 .text._remap_listener
                0x1000433c       0xec CMakeFiles/FIGHTINGBOX_MINI_RP2040.dir/lib/HOJA-LIB-RP2040/src/input/remap.c.obj
                0x1000433c                _remap_listener
 .text.remap_listen_enable
                0x10004428       0x40 CMakeFiles/FIGHTINGBOX_MINI_RP2040.dir/lib/HOJA-LIB-RP2040/src/input/remap.c.obj
                0x10004428                remap_listen_enable
 .text.remap_buttons_task
                0x10004468      0x364 CMakeFiles/FIGHTINGBOX_MINI_RP2040.dir/lib/HOJA-LIB-RP2040/src/input/remap.c.obj
                0x10004468                remap_buttons_task
 .text.snapback_process
                0x100047cc        0xe CMakeFiles/FIGHTINGBOX_MINI_RP2040.dir/lib/HOJA-LIB-RP2040/src/input/snapback.c.obj
                0x100047cc                snapback_process
 *fill*         0x100047da        0x2 
 .text._snapback_add_value
                0x100047dc       0x30 CMakeFiles/FIGHTINGBOX_MINI_RP2040.dir/lib/HOJA-LIB-RP2040/src/input/snapback.c.obj
                0x100047dc                _snapback_add_value
 .text.snapback_webcapture_task
                0x1000480c      0x118 CMakeFiles/FIGHTINGBOX_MINI_RP2040.dir/lib/HOJA-LIB-RP2040/src/input/snapback.c.obj
                0x1000480c                snapback_webcapture_task
 .text._stick_sub_angle_scale
                0x10004924       0x40 CMakeFiles/FIGHTINGBOX_MINI_RP2040.dir/lib/HOJA-LIB-RP2040/src/input/stick_scaling.c.obj
                0x10004924                _stick_sub_angle_scale
 .text._get_angle_distance
                0x10004964       0x34 CMakeFiles/FIGHTINGBOX_MINI_RP2040.dir/lib/HOJA-LIB-RP2040/src/input/stick_scaling.c.obj
                0x10004964                _get_angle_distance
 .text._is_angle_between
                0x10004998       0x58 CMakeFiles/FIGHTINGBOX_MINI_RP2040.dir/lib/HOJA-LIB-RP2040/src/input/stick_scaling.c.obj
                0x10004998                _is_angle_between
 .text._stick_get_processed_octant
                0x100049f0       0x38 CMakeFiles/FIGHTINGBOX_MINI_RP2040.dir/lib/HOJA-LIB-RP2040/src/input/stick_scaling.c.obj
                0x100049f0                _stick_get_processed_octant
 .text._stick_get_octant
                0x10004a28       0x58 CMakeFiles/FIGHTINGBOX_MINI_RP2040.dir/lib/HOJA-LIB-RP2040/src/input/stick_scaling.c.obj
                0x10004a28                _stick_get_octant
 .text._stick_angle_adjust
                0x10004a80       0x3c CMakeFiles/FIGHTINGBOX_MINI_RP2040.dir/lib/HOJA-LIB-RP2040/src/input/stick_scaling.c.obj
                0x10004a80                _stick_angle_adjust
 .text.stick_get_angle
                0x10004abc       0x70 CMakeFiles/FIGHTINGBOX_MINI_RP2040.dir/lib/HOJA-LIB-RP2040/src/input/stick_scaling.c.obj
                0x10004abc                stick_get_angle
 .text.stick_get_distance
                0x10004b2c       0x56 CMakeFiles/FIGHTINGBOX_MINI_RP2040.dir/lib/HOJA-LIB-RP2040/src/input/stick_scaling.c.obj
                0x10004b2c                stick_get_distance
 *fill*         0x10004b82        0x2 
 .text.stick_normalized_vector
                0x10004b84       0x40 CMakeFiles/FIGHTINGBOX_MINI_RP2040.dir/lib/HOJA-LIB-RP2040/src/input/stick_scaling.c.obj
                0x10004b84                stick_normalized_vector
 .text._stick_process_input
                0x10004bc4      0x168 CMakeFiles/FIGHTINGBOX_MINI_RP2040.dir/lib/HOJA-LIB-RP2040/src/input/stick_scaling.c.obj
                0x10004bc4                _stick_process_input
 .text._precalculate_distance_scalers
                0x10004d2c       0x24 CMakeFiles/FIGHTINGBOX_MINI_RP2040.dir/lib/HOJA-LIB-RP2040/src/input/stick_scaling.c.obj
                0x10004d2c                _precalculate_distance_scalers
 .text._precalculate_angle_scalers
                0x10004d50       0x38 CMakeFiles/FIGHTINGBOX_MINI_RP2040.dir/lib/HOJA-LIB-RP2040/src/input/stick_scaling.c.obj
                0x10004d50                _precalculate_angle_scalers
 .text._precalculate_angle_substate
                0x10004d88       0x7c CMakeFiles/FIGHTINGBOX_MINI_RP2040.dir/lib/HOJA-LIB-RP2040/src/input/stick_scaling.c.obj
                0x10004d88                _precalculate_angle_substate
 .text.stick_scaling_get_settings
                0x10004e04       0x40 CMakeFiles/FIGHTINGBOX_MINI_RP2040.dir/lib/HOJA-LIB-RP2040/src/input/stick_scaling.c.obj
                0x10004e04                stick_scaling_get_settings
 .text.stick_scaling_set_settings
                0x10004e44       0x28 CMakeFiles/FIGHTINGBOX_MINI_RP2040.dir/lib/HOJA-LIB-RP2040/src/input/stick_scaling.c.obj
                0x10004e44                stick_scaling_set_settings
 .text.stick_scaling_init
                0x10004e6c       0x60 CMakeFiles/FIGHTINGBOX_MINI_RP2040.dir/lib/HOJA-LIB-RP2040/src/input/stick_scaling.c.obj
                0x10004e6c                stick_scaling_init
 .text.stick_scaling_reset_distances
                0x10004ecc       0x44 CMakeFiles/FIGHTINGBOX_MINI_RP2040.dir/lib/HOJA-LIB-RP2040/src/input/stick_scaling.c.obj
                0x10004ecc                stick_scaling_reset_distances
 .text.stick_scaling_capture_distances
                0x10004f10      0x1bc CMakeFiles/FIGHTINGBOX_MINI_RP2040.dir/lib/HOJA-LIB-RP2040/src/input/stick_scaling.c.obj
                0x10004f10                stick_scaling_capture_distances
 .text.stick_scaling_capture_center
                0x100050cc       0x2c CMakeFiles/FIGHTINGBOX_MINI_RP2040.dir/lib/HOJA-LIB-RP2040/src/input/stick_scaling.c.obj
                0x100050cc                stick_scaling_capture_center
 .text.stick_scaling_get_octant_axis
                0x100050f8       0xac CMakeFiles/FIGHTINGBOX_MINI_RP2040.dir/lib/HOJA-LIB-RP2040/src/input/stick_scaling.c.obj
                0x100050f8                stick_scaling_get_octant_axis
 .text.stick_scaling_get_octant_axis_offset
                0x100051a4       0xd4 CMakeFiles/FIGHTINGBOX_MINI_RP2040.dir/lib/HOJA-LIB-RP2040/src/input/stick_scaling.c.obj
                0x100051a4                stick_scaling_get_octant_axis_offset
 .text.stick_scaling_capture_angle
                0x10005278       0xfc CMakeFiles/FIGHTINGBOX_MINI_RP2040.dir/lib/HOJA-LIB-RP2040/src/input/stick_scaling.c.obj
                0x10005278                stick_scaling_capture_angle
 .text.stick_scaling_process_data
                0x10005374      0x168 CMakeFiles/FIGHTINGBOX_MINI_RP2040.dir/lib/HOJA-LIB-RP2040/src/input/stick_scaling.c.obj
                0x10005374                stick_scaling_process_data
 .text.analog_send_reset
                0x100054dc       0x24 CMakeFiles/FIGHTINGBOX_MINI_RP2040.dir/lib/HOJA-LIB-RP2040/src/input/analog.c.obj
                0x100054dc                analog_send_reset
 .text.analog_calibrate_start
                0x10005500       0x48 CMakeFiles/FIGHTINGBOX_MINI_RP2040.dir/lib/HOJA-LIB-RP2040/src/input/analog.c.obj
                0x10005500                analog_calibrate_start
 .text.analog_init
                0x10005548       0x40 CMakeFiles/FIGHTINGBOX_MINI_RP2040.dir/lib/HOJA-LIB-RP2040/src/input/analog.c.obj
                0x10005548                analog_init
 .text.analog_calibrate_stop
                0x10005588       0x2c CMakeFiles/FIGHTINGBOX_MINI_RP2040.dir/lib/HOJA-LIB-RP2040/src/input/analog.c.obj
                0x10005588                analog_calibrate_stop
 .text.analog_calibrate_save
                0x100055b4       0x34 CMakeFiles/FIGHTINGBOX_MINI_RP2040.dir/lib/HOJA-LIB-RP2040/src/input/analog.c.obj
                0x100055b4                analog_calibrate_save
 .text.analog_calibrate_angle
                0x100055e8       0x10 CMakeFiles/FIGHTINGBOX_MINI_RP2040.dir/lib/HOJA-LIB-RP2040/src/input/analog.c.obj
                0x100055e8                analog_calibrate_angle
 .text._analog_calibrate_loop
                0x100055f8       0x60 CMakeFiles/FIGHTINGBOX_MINI_RP2040.dir/lib/HOJA-LIB-RP2040/src/input/analog.c.obj
                0x100055f8                _analog_calibrate_loop
 .text._analog_distance_check
                0x10005658       0x4e CMakeFiles/FIGHTINGBOX_MINI_RP2040.dir/lib/HOJA-LIB-RP2040/src/input/analog.c.obj
                0x10005658                _analog_distance_check
 *fill*         0x100056a6        0x2 
 .text.analog_get_octoangle_data
                0x100056a8       0x18 CMakeFiles/FIGHTINGBOX_MINI_RP2040.dir/lib/HOJA-LIB-RP2040/src/input/analog.c.obj
                0x100056a8                analog_get_octoangle_data
 .text.analog_get_subangle_data
                0x100056c0       0x18 CMakeFiles/FIGHTINGBOX_MINI_RP2040.dir/lib/HOJA-LIB-RP2040/src/input/analog.c.obj
                0x100056c0                analog_get_subangle_data
 .text._analog_process_deadzone
                0x100056d8      0x244 CMakeFiles/FIGHTINGBOX_MINI_RP2040.dir/lib/HOJA-LIB-RP2040/src/input/analog.c.obj
                0x100056d8                _analog_process_deadzone
 .text.analog_task
                0x1000591c       0xa8 CMakeFiles/FIGHTINGBOX_MINI_RP2040.dir/lib/HOJA-LIB-RP2040/src/input/analog.c.obj
                0x1000591c                analog_task
 .text.triggers_scale_init
                0x100059c4       0x58 CMakeFiles/FIGHTINGBOX_MINI_RP2040.dir/lib/HOJA-LIB-RP2040/src/input/triggers.c.obj
                0x100059c4                triggers_scale_init
 .text.macro_handler_task
                0x10005a1c       0xd8 CMakeFiles/FIGHTINGBOX_MINI_RP2040.dir/lib/HOJA-LIB-RP2040/src/input/macros.c.obj
                0x10005a1c                macro_handler_task
 .text.macro_safe_mode_check
                0x10005af4        0xc CMakeFiles/FIGHTINGBOX_MINI_RP2040.dir/lib/HOJA-LIB-RP2040/src/input/macros.c.obj
                0x10005af4                macro_safe_mode_check
 .text.gcinput_hid_report
                0x10005b00      0x45c CMakeFiles/FIGHTINGBOX_MINI_RP2040.dir/lib/HOJA-LIB-RP2040/src/devices/gcinput.c.obj
                0x10005b00                gcinput_hid_report
 .text.gamecube_comms_task
                0x10005f5c        0x2 CMakeFiles/FIGHTINGBOX_MINI_RP2040.dir/lib/HOJA-LIB-RP2040/src/devices/gamecube.c.obj
                0x10005f5c                gamecube_comms_task
 .text.n64_comms_task
                0x10005f5e        0x2 CMakeFiles/FIGHTINGBOX_MINI_RP2040.dir/lib/HOJA-LIB-RP2040/src/devices/n64.c.obj
                0x10005f5e                n64_comms_task
 .text.nspi_comms_task
                0x10005f60        0x2 CMakeFiles/FIGHTINGBOX_MINI_RP2040.dir/lib/HOJA-LIB-RP2040/src/devices/nspi.c.obj
                0x10005f60                nspi_comms_task
 *fill*         0x10005f62        0x2 
 .text.swpro_hid_report
                0x10005f64      0x16c CMakeFiles/FIGHTINGBOX_MINI_RP2040.dir/lib/HOJA-LIB-RP2040/src/devices/swpro.c.obj
                0x10005f64                swpro_hid_report
 .text.webusb_output_enabled
                0x100060d0        0xc CMakeFiles/FIGHTINGBOX_MINI_RP2040.dir/lib/HOJA-LIB-RP2040/src/devices/webusb.c.obj
                0x100060d0                webusb_output_enabled
 .text.webusb_enable_output
                0x100060dc        0xc CMakeFiles/FIGHTINGBOX_MINI_RP2040.dir/lib/HOJA-LIB-RP2040/src/devices/webusb.c.obj
                0x100060dc                webusb_enable_output
 .text.webusb_ready_blocking
                0x100060e8       0x3e CMakeFiles/FIGHTINGBOX_MINI_RP2040.dir/lib/HOJA-LIB-RP2040/src/devices/webusb.c.obj
                0x100060e8                webusb_ready_blocking
 *fill*         0x10006126        0x2 
 .text.webusb_input_report_task
                0x10006128      0x128 CMakeFiles/FIGHTINGBOX_MINI_RP2040.dir/lib/HOJA-LIB-RP2040/src/devices/webusb.c.obj
                0x10006128                webusb_input_report_task
 .text.webusb_save_confirm
                0x10006250       0x48 CMakeFiles/FIGHTINGBOX_MINI_RP2040.dir/lib/HOJA-LIB-RP2040/src/devices/webusb.c.obj
                0x10006250                webusb_save_confirm
 .text.webusb_command_processor
                0x10006298      0x740 CMakeFiles/FIGHTINGBOX_MINI_RP2040.dir/lib/HOJA-LIB-RP2040/src/devices/webusb.c.obj
                0x10006298                webusb_command_processor
 .text.sign_axis
                0x100069d8       0x54 CMakeFiles/FIGHTINGBOX_MINI_RP2040.dir/lib/HOJA-LIB-RP2040/src/devices/xinput.c.obj
                0x100069d8                sign_axis
 .text.xinput_hid_report
                0x10006a2c      0x17c CMakeFiles/FIGHTINGBOX_MINI_RP2040.dir/lib/HOJA-LIB-RP2040/src/devices/xinput.c.obj
                0x10006a2c                xinput_hid_report
 .text.btinput_capability_reset_flag
                0x10006ba8        0x2 CMakeFiles/FIGHTINGBOX_MINI_RP2040.dir/lib/HOJA-LIB-RP2040/src/devices/btinput.c.obj
                0x10006ba8                btinput_capability_reset_flag
 *fill*         0x10006baa        0x2 
 .text.btinput_get_version
                0x10006bac        0x8 CMakeFiles/FIGHTINGBOX_MINI_RP2040.dir/lib/HOJA-LIB-RP2040/src/devices/btinput.c.obj
                0x10006bac                btinput_get_version
 .text.ds4_hid_report
                0x10006bb4      0x1d4 CMakeFiles/FIGHTINGBOX_MINI_RP2040.dir/lib/HOJA-LIB-RP2040/src/devices/ds4input.c.obj
                0x10006bb4                ds4_hid_report
 .text.gpio_set_function
                0x10006d88       0x30 CMakeFiles/FIGHTINGBOX_MINI_RP2040.dir/C_/Program_Files/Raspberry_Pi/Pico_SDK_v1.5.1/pico-sdk/src/rp2_common/hardware_gpio/gpio.c.obj
                0x10006d88                gpio_set_function
 .text.gpio_set_pulls
                0x10006db8       0x34 CMakeFiles/FIGHTINGBOX_MINI_RP2040.dir/C_/Program_Files/Raspberry_Pi/Pico_SDK_v1.5.1/pico-sdk/src/rp2_common/hardware_gpio/gpio.c.obj
                0x10006db8                gpio_set_pulls
 .text.gpio_init
                0x10006dec       0x16 CMakeFiles/FIGHTINGBOX_MINI_RP2040.dir/C_/Program_Files/Raspberry_Pi/Pico_SDK_v1.5.1/pico-sdk/src/rp2_common/hardware_gpio/gpio.c.obj
                0x10006dec                gpio_init
 *fill*         0x10006e02        0x2 
 .text.running_on_fpga
                0x10006e04       0x14 CMakeFiles/FIGHTINGBOX_MINI_RP2040.dir/C_/Program_Files/Raspberry_Pi/Pico_SDK_v1.5.1/pico-sdk/src/rp2_common/pico_platform/platform.c.obj
                0x10006e04                running_on_fpga
 .text.hw_claim_lock
                0x10006e18       0x18 CMakeFiles/FIGHTINGBOX_MINI_RP2040.dir/C_/Program_Files/Raspberry_Pi/Pico_SDK_v1.5.1/pico-sdk/src/rp2_common/hardware_claim/claim.c.obj
                0x10006e18                hw_claim_lock
 .text.hw_claim_unlock
                0x10006e30       0x14 CMakeFiles/FIGHTINGBOX_MINI_RP2040.dir/C_/Program_Files/Raspberry_Pi/Pico_SDK_v1.5.1/pico-sdk/src/rp2_common/hardware_claim/claim.c.obj
                0x10006e30                hw_claim_unlock
 .text.hw_claim_or_assert
                0x10006e44       0x32 CMakeFiles/FIGHTINGBOX_MINI_RP2040.dir/C_/Program_Files/Raspberry_Pi/Pico_SDK_v1.5.1/pico-sdk/src/rp2_common/hardware_claim/claim.c.obj
                0x10006e44                hw_claim_or_assert
 .text.hw_claim_unused_from_range
                0x10006e76       0x50 CMakeFiles/FIGHTINGBOX_MINI_RP2040.dir/C_/Program_Files/Raspberry_Pi/Pico_SDK_v1.5.1/pico-sdk/src/rp2_common/hardware_claim/claim.c.obj
                0x10006e76                hw_claim_unused_from_range
 *fill*         0x10006ec6        0x2 
 .text.spin_locks_reset
                0x10006ec8       0x20 CMakeFiles/FIGHTINGBOX_MINI_RP2040.dir/C_/Program_Files/Raspberry_Pi/Pico_SDK_v1.5.1/pico-sdk/src/rp2_common/hardware_sync/sync.c.obj
                0x10006ec8                spin_locks_reset
 .text.next_striped_spin_lock_num
                0x10006ee8       0x1c CMakeFiles/FIGHTINGBOX_MINI_RP2040.dir/C_/Program_Files/Raspberry_Pi/Pico_SDK_v1.5.1/pico-sdk/src/rp2_common/hardware_sync/sync.c.obj
                0x10006ee8                next_striped_spin_lock_num
 .text.spin_lock_claim_unused
                0x10006f04       0x20 CMakeFiles/FIGHTINGBOX_MINI_RP2040.dir/C_/Program_Files/Raspberry_Pi/Pico_SDK_v1.5.1/pico-sdk/src/rp2_common/hardware_sync/sync.c.obj
                0x10006f04                spin_lock_claim_unused
 .text.set_raw_irq_handler_and_unlock
                0x10006f24       0x28 CMakeFiles/FIGHTINGBOX_MINI_RP2040.dir/C_/Program_Files/Raspberry_Pi/Pico_SDK_v1.5.1/pico-sdk/src/rp2_common/hardware_irq/irq.c.obj
 .text.make_branch
                0x10006f4c       0x48 CMakeFiles/FIGHTINGBOX_MINI_RP2040.dir/C_/Program_Files/Raspberry_Pi/Pico_SDK_v1.5.1/pico-sdk/src/rp2_common/hardware_irq/irq.c.obj
 .text.insert_branch_and_link
                0x10006f94       0x40 CMakeFiles/FIGHTINGBOX_MINI_RP2040.dir/C_/Program_Files/Raspberry_Pi/Pico_SDK_v1.5.1/pico-sdk/src/rp2_common/hardware_irq/irq.c.obj
 .text.irq_is_enabled
                0x10006fd4       0x18 CMakeFiles/FIGHTINGBOX_MINI_RP2040.dir/C_/Program_Files/Raspberry_Pi/Pico_SDK_v1.5.1/pico-sdk/src/rp2_common/hardware_irq/irq.c.obj
                0x10006fd4                irq_is_enabled
 .text.irq_set_mask_enabled
                0x10006fec       0x20 CMakeFiles/FIGHTINGBOX_MINI_RP2040.dir/C_/Program_Files/Raspberry_Pi/Pico_SDK_v1.5.1/pico-sdk/src/rp2_common/hardware_irq/irq.c.obj
                0x10006fec                irq_set_mask_enabled
 .text.irq_set_enabled
                0x1000700c        0xe CMakeFiles/FIGHTINGBOX_MINI_RP2040.dir/C_/Program_Files/Raspberry_Pi/Pico_SDK_v1.5.1/pico-sdk/src/rp2_common/hardware_irq/irq.c.obj
                0x1000700c                irq_set_enabled
 *fill*         0x1000701a        0x2 
 .text.irq_get_vtable_handler
                0x1000701c       0x10 CMakeFiles/FIGHTINGBOX_MINI_RP2040.dir/C_/Program_Files/Raspberry_Pi/Pico_SDK_v1.5.1/pico-sdk/src/rp2_common/hardware_irq/irq.c.obj
                0x1000701c                irq_get_vtable_handler
 .text.irq_set_exclusive_handler
                0x1000702c       0x54 CMakeFiles/FIGHTINGBOX_MINI_RP2040.dir/C_/Program_Files/Raspberry_Pi/Pico_SDK_v1.5.1/pico-sdk/src/rp2_common/hardware_irq/irq.c.obj
                0x1000702c                irq_set_exclusive_handler
 .text.irq_add_shared_handler
                0x10007080      0x234 CMakeFiles/FIGHTINGBOX_MINI_RP2040.dir/C_/Program_Files/Raspberry_Pi/Pico_SDK_v1.5.1/pico-sdk/src/rp2_common/hardware_irq/irq.c.obj
                0x10007080                irq_add_shared_handler
 .text.irq_remove_handler
                0x100072b4      0x1ac CMakeFiles/FIGHTINGBOX_MINI_RP2040.dir/C_/Program_Files/Raspberry_Pi/Pico_SDK_v1.5.1/pico-sdk/src/rp2_common/hardware_irq/irq.c.obj
                0x100072b4                irq_remove_handler
 .text.irq_add_tail_to_free_list
                0x10007460       0xf0 CMakeFiles/FIGHTINGBOX_MINI_RP2040.dir/C_/Program_Files/Raspberry_Pi/Pico_SDK_v1.5.1/pico-sdk/src/rp2_common/hardware_irq/irq.c.obj
                0x10007460                irq_add_tail_to_free_list
 .text.irq_init_priorities
                0x10007550       0x1c CMakeFiles/FIGHTINGBOX_MINI_RP2040.dir/C_/Program_Files/Raspberry_Pi/Pico_SDK_v1.5.1/pico-sdk/src/rp2_common/hardware_irq/irq.c.obj
                0x10007550                irq_init_priorities
 .text.lock_init
                0x1000756c       0x10 CMakeFiles/FIGHTINGBOX_MINI_RP2040.dir/C_/Program_Files/Raspberry_Pi/Pico_SDK_v1.5.1/pico-sdk/src/common/pico_sync/lock_core.c.obj
                0x1000756c                lock_init
 .text.mutex_init
                0x1000757c       0x1a CMakeFiles/FIGHTINGBOX_MINI_RP2040.dir/C_/Program_Files/Raspberry_Pi/Pico_SDK_v1.5.1/pico-sdk/src/common/pico_sync/mutex.c.obj
                0x1000757c                mutex_init
 .text.recursive_mutex_init
                0x10007596       0x1e CMakeFiles/FIGHTINGBOX_MINI_RP2040.dir/C_/Program_Files/Raspberry_Pi/Pico_SDK_v1.5.1/pico-sdk/src/common/pico_sync/mutex.c.obj
                0x10007596                recursive_mutex_init
 .text.critical_section_init_with_lock_num
                0x100075b4       0x14 CMakeFiles/FIGHTINGBOX_MINI_RP2040.dir/C_/Program_Files/Raspberry_Pi/Pico_SDK_v1.5.1/pico-sdk/src/common/pico_sync/critical_section.c.obj
                0x100075b4                critical_section_init_with_lock_num
 .text.critical_section_init
                0x100075c8       0x14 CMakeFiles/FIGHTINGBOX_MINI_RP2040.dir/C_/Program_Files/Raspberry_Pi/Pico_SDK_v1.5.1/pico-sdk/src/common/pico_sync/critical_section.c.obj
                0x100075c8                critical_section_init
 .text.alarm_pool_post_alloc_init
                0x100075dc       0x40 CMakeFiles/FIGHTINGBOX_MINI_RP2040.dir/C_/Program_Files/Raspberry_Pi/Pico_SDK_v1.5.1/pico-sdk/src/common/pico_time/time.c.obj
 .text.sleep_until_callback
                0x1000761c       0x30 CMakeFiles/FIGHTINGBOX_MINI_RP2040.dir/C_/Program_Files/Raspberry_Pi/Pico_SDK_v1.5.1/pico-sdk/src/common/pico_time/time.c.obj
 .text.timer_pool_entry_comparator
                0x1000764c       0x7c CMakeFiles/FIGHTINGBOX_MINI_RP2040.dir/C_/Program_Files/Raspberry_Pi/Pico_SDK_v1.5.1/pico-sdk/src/common/pico_time/time.c.obj
                0x1000764c                timer_pool_entry_comparator
 .text.ph_add_child_node
                0x100076c8       0xa4 CMakeFiles/FIGHTINGBOX_MINI_RP2040.dir/C_/Program_Files/Raspberry_Pi/Pico_SDK_v1.5.1/pico-sdk/src/common/pico_time/time.c.obj
 .text.ph_merge_nodes
                0x1000776c       0x3e CMakeFiles/FIGHTINGBOX_MINI_RP2040.dir/C_/Program_Files/Raspberry_Pi/Pico_SDK_v1.5.1/pico-sdk/src/common/pico_time/time.c.obj
 *fill*         0x100077aa        0x2 
 .text.add_alarm_under_lock
                0x100077ac      0x174 CMakeFiles/FIGHTINGBOX_MINI_RP2040.dir/C_/Program_Files/Raspberry_Pi/Pico_SDK_v1.5.1/pico-sdk/src/common/pico_time/time.c.obj
 .text.alarm_pool_alarm_callback
                0x10007920      0x33c CMakeFiles/FIGHTINGBOX_MINI_RP2040.dir/C_/Program_Files/Raspberry_Pi/Pico_SDK_v1.5.1/pico-sdk/src/common/pico_time/time.c.obj
 .text.alarm_pool_init_default
                0x10007c5c       0x40 CMakeFiles/FIGHTINGBOX_MINI_RP2040.dir/C_/Program_Files/Raspberry_Pi/Pico_SDK_v1.5.1/pico-sdk/src/common/pico_time/time.c.obj
                0x10007c5c                alarm_pool_init_default
 .text.alarm_pool_get_default
                0x10007c9c       0x2c CMakeFiles/FIGHTINGBOX_MINI_RP2040.dir/C_/Program_Files/Raspberry_Pi/Pico_SDK_v1.5.1/pico-sdk/src/common/pico_time/time.c.obj
                0x10007c9c                alarm_pool_get_default
 .text.alarm_pool_add_alarm_at
                0x10007cc8      0x168 CMakeFiles/FIGHTINGBOX_MINI_RP2040.dir/C_/Program_Files/Raspberry_Pi/Pico_SDK_v1.5.1/pico-sdk/src/common/pico_time/time.c.obj
                0x10007cc8                alarm_pool_add_alarm_at
 .text.alarm_pool_cancel_alarm
                0x10007e30       0xf8 CMakeFiles/FIGHTINGBOX_MINI_RP2040.dir/C_/Program_Files/Raspberry_Pi/Pico_SDK_v1.5.1/pico-sdk/src/common/pico_time/time.c.obj
                0x10007e30                alarm_pool_cancel_alarm
 .text.sleep_until
                0x10007f28       0xfc CMakeFiles/FIGHTINGBOX_MINI_RP2040.dir/C_/Program_Files/Raspberry_Pi/Pico_SDK_v1.5.1/pico-sdk/src/common/pico_time/time.c.obj
                0x10007f28                sleep_until
 .text.sleep_us
                0x10008024       0x58 CMakeFiles/FIGHTINGBOX_MINI_RP2040.dir/C_/Program_Files/Raspberry_Pi/Pico_SDK_v1.5.1/pico-sdk/src/common/pico_time/time.c.obj
                0x10008024                sleep_us
 .text.sleep_ms
                0x1000807c       0x14 CMakeFiles/FIGHTINGBOX_MINI_RP2040.dir/C_/Program_Files/Raspberry_Pi/Pico_SDK_v1.5.1/pico-sdk/src/common/pico_time/time.c.obj
                0x1000807c                sleep_ms
 .text.best_effort_wfe_or_timeout
                0x10008090       0xac CMakeFiles/FIGHTINGBOX_MINI_RP2040.dir/C_/Program_Files/Raspberry_Pi/Pico_SDK_v1.5.1/pico-sdk/src/common/pico_time/time.c.obj
                0x10008090                best_effort_wfe_or_timeout
 .text.hardware_alarm_irq_handler
                0x1000813c       0x90 CMakeFiles/FIGHTINGBOX_MINI_RP2040.dir/C_/Program_Files/Raspberry_Pi/Pico_SDK_v1.5.1/pico-sdk/src/rp2_common/hardware_timer/timer.c.obj
 .text.hardware_alarm_claim
                0x100081cc       0x18 CMakeFiles/FIGHTINGBOX_MINI_RP2040.dir/C_/Program_Files/Raspberry_Pi/Pico_SDK_v1.5.1/pico-sdk/src/rp2_common/hardware_timer/timer.c.obj
                0x100081cc                hardware_alarm_claim
 .text.time_us_64
                0x100081e4       0x18 CMakeFiles/FIGHTINGBOX_MINI_RP2040.dir/C_/Program_Files/Raspberry_Pi/Pico_SDK_v1.5.1/pico-sdk/src/rp2_common/hardware_timer/timer.c.obj
                0x100081e4                time_us_64
 .text.busy_wait_until
                0x100081fc       0x28 CMakeFiles/FIGHTINGBOX_MINI_RP2040.dir/C_/Program_Files/Raspberry_Pi/Pico_SDK_v1.5.1/pico-sdk/src/rp2_common/hardware_timer/timer.c.obj
                0x100081fc                busy_wait_until
 .text.busy_wait_us
                0x10008224       0x48 CMakeFiles/FIGHTINGBOX_MINI_RP2040.dir/C_/Program_Files/Raspberry_Pi/Pico_SDK_v1.5.1/pico-sdk/src/rp2_common/hardware_timer/timer.c.obj
                0x10008224                busy_wait_us
 .text.hardware_alarm_set_callback
                0x1000826c       0x90 CMakeFiles/FIGHTINGBOX_MINI_RP2040.dir/C_/Program_Files/Raspberry_Pi/Pico_SDK_v1.5.1/pico-sdk/src/rp2_common/hardware_timer/timer.c.obj
                0x1000826c                hardware_alarm_set_callback
 .text.hardware_alarm_set_target
                0x100082fc       0xe8 CMakeFiles/FIGHTINGBOX_MINI_RP2040.dir/C_/Program_Files/Raspberry_Pi/Pico_SDK_v1.5.1/pico-sdk/src/rp2_common/hardware_timer/timer.c.obj
                0x100082fc                hardware_alarm_set_target
 .text.hardware_alarm_cancel
                0x100083e4       0x40 CMakeFiles/FIGHTINGBOX_MINI_RP2040.dir/C_/Program_Files/Raspberry_Pi/Pico_SDK_v1.5.1/pico-sdk/src/rp2_common/hardware_timer/timer.c.obj
                0x100083e4                hardware_alarm_cancel
 .text.ph_add_child_node
                0x10008424       0xa4 CMakeFiles/FIGHTINGBOX_MINI_RP2040.dir/C_/Program_Files/Raspberry_Pi/Pico_SDK_v1.5.1/pico-sdk/src/common/pico_util/pheap.c.obj
 .text.ph_merge_nodes
                0x100084c8       0x3e CMakeFiles/FIGHTINGBOX_MINI_RP2040.dir/C_/Program_Files/Raspberry_Pi/Pico_SDK_v1.5.1/pico-sdk/src/common/pico_util/pheap.c.obj
 *fill*         0x10008506        0x2 
 .text.ph_clear
                0x10008508       0x70 CMakeFiles/FIGHTINGBOX_MINI_RP2040.dir/C_/Program_Files/Raspberry_Pi/Pico_SDK_v1.5.1/pico-sdk/src/common/pico_util/pheap.c.obj
                0x10008508                ph_clear
 .text.ph_post_alloc_init
                0x10008578        0xe CMakeFiles/FIGHTINGBOX_MINI_RP2040.dir/C_/Program_Files/Raspberry_Pi/Pico_SDK_v1.5.1/pico-sdk/src/common/pico_util/pheap.c.obj
                0x10008578                ph_post_alloc_init
 *fill*         0x10008586        0x2 
 .text.ph_merge_two_pass
                0x10008588       0xa8 CMakeFiles/FIGHTINGBOX_MINI_RP2040.dir/C_/Program_Files/Raspberry_Pi/Pico_SDK_v1.5.1/pico-sdk/src/common/pico_util/pheap.c.obj
                0x10008588                ph_merge_two_pass
 .text.ph_remove_any_head
                0x10008630      0x128 CMakeFiles/FIGHTINGBOX_MINI_RP2040.dir/C_/Program_Files/Raspberry_Pi/Pico_SDK_v1.5.1/pico-sdk/src/common/pico_util/pheap.c.obj
 .text.ph_remove_head
                0x10008758       0x14 CMakeFiles/FIGHTINGBOX_MINI_RP2040.dir/C_/Program_Files/Raspberry_Pi/Pico_SDK_v1.5.1/pico-sdk/src/common/pico_util/pheap.c.obj
                0x10008758                ph_remove_head
 .text.ph_remove_and_free_node
                0x1000876c       0xf8 CMakeFiles/FIGHTINGBOX_MINI_RP2040.dir/C_/Program_Files/Raspberry_Pi/Pico_SDK_v1.5.1/pico-sdk/src/common/pico_util/pheap.c.obj
                0x1000876c                ph_remove_and_free_node
 .text.uart_disable_before_lcr_write
                0x10008864       0x48 CMakeFiles/FIGHTINGBOX_MINI_RP2040.dir/C_/Program_Files/Raspberry_Pi/Pico_SDK_v1.5.1/pico-sdk/src/rp2_common/hardware_uart/uart.c.obj
 .text.uart_write_lcr_bits_masked
                0x100088ac       0x22 CMakeFiles/FIGHTINGBOX_MINI_RP2040.dir/C_/Program_Files/Raspberry_Pi/Pico_SDK_v1.5.1/pico-sdk/src/rp2_common/hardware_uart/uart.c.obj
 *fill*         0x100088ce        0x2 
 .text.uart_set_baudrate
                0x100088d0       0x5c CMakeFiles/FIGHTINGBOX_MINI_RP2040.dir/C_/Program_Files/Raspberry_Pi/Pico_SDK_v1.5.1/pico-sdk/src/rp2_common/hardware_uart/uart.c.obj
                0x100088d0                uart_set_baudrate
 .text.uart_set_format
                0x1000892c       0x2c CMakeFiles/FIGHTINGBOX_MINI_RP2040.dir/C_/Program_Files/Raspberry_Pi/Pico_SDK_v1.5.1/pico-sdk/src/rp2_common/hardware_uart/uart.c.obj
                0x1000892c                uart_set_format
 .text.uart_set_translate_crlf
                0x10008958       0x28 CMakeFiles/FIGHTINGBOX_MINI_RP2040.dir/C_/Program_Files/Raspberry_Pi/Pico_SDK_v1.5.1/pico-sdk/src/rp2_common/hardware_uart/uart.c.obj
                0x10008958                uart_set_translate_crlf
 .text.uart_init
                0x10008980       0x80 CMakeFiles/FIGHTINGBOX_MINI_RP2040.dir/C_/Program_Files/Raspberry_Pi/Pico_SDK_v1.5.1/pico-sdk/src/rp2_common/hardware_uart/uart.c.obj
                0x10008980                uart_init
 .text.clock_configure
                0x10008a00      0x108 CMakeFiles/FIGHTINGBOX_MINI_RP2040.dir/C_/Program_Files/Raspberry_Pi/Pico_SDK_v1.5.1/pico-sdk/src/rp2_common/hardware_clocks/clocks.c.obj
                0x10008a00                clock_configure
 .text.clocks_init
                0x10008b08      0x100 CMakeFiles/FIGHTINGBOX_MINI_RP2040.dir/C_/Program_Files/Raspberry_Pi/Pico_SDK_v1.5.1/pico-sdk/src/rp2_common/hardware_clocks/clocks.c.obj
                0x10008b08                clocks_init
 .text.clock_get_hz
                0x10008c08        0xc CMakeFiles/FIGHTINGBOX_MINI_RP2040.dir/C_/Program_Files/Raspberry_Pi/Pico_SDK_v1.5.1/pico-sdk/src/rp2_common/hardware_clocks/clocks.c.obj
                0x10008c08                clock_get_hz
 .text.pll_init
                0x10008c14      0x120 CMakeFiles/FIGHTINGBOX_MINI_RP2040.dir/C_/Program_Files/Raspberry_Pi/Pico_SDK_v1.5.1/pico-sdk/src/rp2_common/hardware_pll/pll.c.obj
                0x10008c14                pll_init
 .text.watchdog_start_tick
                0x10008d34       0x10 CMakeFiles/FIGHTINGBOX_MINI_RP2040.dir/C_/Program_Files/Raspberry_Pi/Pico_SDK_v1.5.1/pico-sdk/src/rp2_common/hardware_watchdog/watchdog.c.obj
                0x10008d34                watchdog_start_tick
 .text.watchdog_update
                0x10008d44       0x14 CMakeFiles/FIGHTINGBOX_MINI_RP2040.dir/C_/Program_Files/Raspberry_Pi/Pico_SDK_v1.5.1/pico-sdk/src/rp2_common/hardware_watchdog/watchdog.c.obj
                0x10008d44                watchdog_update
 .text._watchdog_enable
                0x10008d58       0x78 CMakeFiles/FIGHTINGBOX_MINI_RP2040.dir/C_/Program_Files/Raspberry_Pi/Pico_SDK_v1.5.1/pico-sdk/src/rp2_common/hardware_watchdog/watchdog.c.obj
                0x10008d58                _watchdog_enable
 .text.watchdog_enable
                0x10008dd0       0x18 CMakeFiles/FIGHTINGBOX_MINI_RP2040.dir/C_/Program_Files/Raspberry_Pi/Pico_SDK_v1.5.1/pico-sdk/src/rp2_common/hardware_watchdog/watchdog.c.obj
                0x10008dd0                watchdog_enable
 .text.watchdog_reboot
                0x10008de8       0x48 CMakeFiles/FIGHTINGBOX_MINI_RP2040.dir/C_/Program_Files/Raspberry_Pi/Pico_SDK_v1.5.1/pico-sdk/src/rp2_common/hardware_watchdog/watchdog.c.obj
                0x10008de8                watchdog_reboot
 .text.xosc_init
                0x10008e30       0x2c CMakeFiles/FIGHTINGBOX_MINI_RP2040.dir/C_/Program_Files/Raspberry_Pi/Pico_SDK_v1.5.1/pico-sdk/src/rp2_common/hardware_xosc/xosc.c.obj
                0x10008e30                xosc_init
 .text._exit    0x10008e5c        0x4 CMakeFiles/FIGHTINGBOX_MINI_RP2040.dir/C_/Program_Files/Raspberry_Pi/Pico_SDK_v1.5.1/pico-sdk/src/rp2_common/pico_runtime/runtime.c.obj
                0x10008e5c                _exit
 .text.exit     0x10008e60        0x6 CMakeFiles/FIGHTINGBOX_MINI_RP2040.dir/C_/Program_Files/Raspberry_Pi/Pico_SDK_v1.5.1/pico-sdk/src/rp2_common/pico_runtime/runtime.c.obj
                0x10008e60                exit
 *fill*         0x10008e66        0x2 
 .text.__assert_func
                0x10008e68       0x3c CMakeFiles/FIGHTINGBOX_MINI_RP2040.dir/C_/Program_Files/Raspberry_Pi/Pico_SDK_v1.5.1/pico-sdk/src/rp2_common/pico_runtime/runtime.c.obj
                0x10008e68                __assert_func
 .text.runtime_init
                0x10008ea4       0xf8 CMakeFiles/FIGHTINGBOX_MINI_RP2040.dir/C_/Program_Files/Raspberry_Pi/Pico_SDK_v1.5.1/pico-sdk/src/rp2_common/pico_runtime/runtime.c.obj
                0x10008ea4                runtime_init
 .text.panic    0x10008f9c       0x30 CMakeFiles/FIGHTINGBOX_MINI_RP2040.dir/C_/Program_Files/Raspberry_Pi/Pico_SDK_v1.5.1/pico-sdk/src/rp2_common/pico_runtime/runtime.c.obj
                0x10008f9c                panic
 .text._out_null
                0x10008fcc        0x2 CMakeFiles/FIGHTINGBOX_MINI_RP2040.dir/C_/Program_Files/Raspberry_Pi/Pico_SDK_v1.5.1/pico-sdk/src/rp2_common/pico_printf/printf.c.obj
 .text._out_fct
                0x10008fce        0xe CMakeFiles/FIGHTINGBOX_MINI_RP2040.dir/C_/Program_Files/Raspberry_Pi/Pico_SDK_v1.5.1/pico-sdk/src/rp2_common/pico_printf/printf.c.obj
 .text._atoi    0x10008fdc       0x24 CMakeFiles/FIGHTINGBOX_MINI_RP2040.dir/C_/Program_Files/Raspberry_Pi/Pico_SDK_v1.5.1/pico-sdk/src/rp2_common/pico_printf/printf.c.obj
 .text._out_rev
                0x10009000       0xae CMakeFiles/FIGHTINGBOX_MINI_RP2040.dir/C_/Program_Files/Raspberry_Pi/Pico_SDK_v1.5.1/pico-sdk/src/rp2_common/pico_printf/printf.c.obj
 .text._ntoa_format
                0x100090ae      0x112 CMakeFiles/FIGHTINGBOX_MINI_RP2040.dir/C_/Program_Files/Raspberry_Pi/Pico_SDK_v1.5.1/pico-sdk/src/rp2_common/pico_printf/printf.c.obj
 .text._ntoa_long
                0x100091c0       0xbc CMakeFiles/FIGHTINGBOX_MINI_RP2040.dir/C_/Program_Files/Raspberry_Pi/Pico_SDK_v1.5.1/pico-sdk/src/rp2_common/pico_printf/printf.c.obj
 .text._ntoa_long_long
                0x1000927c       0xe2 CMakeFiles/FIGHTINGBOX_MINI_RP2040.dir/C_/Program_Files/Raspberry_Pi/Pico_SDK_v1.5.1/pico-sdk/src/rp2_common/pico_printf/printf.c.obj
 *fill*         0x1000935e        0x2 
 .text._etoa    0x10009360      0x414 CMakeFiles/FIGHTINGBOX_MINI_RP2040.dir/C_/Program_Files/Raspberry_Pi/Pico_SDK_v1.5.1/pico-sdk/src/rp2_common/pico_printf/printf.c.obj
 .text._ftoa    0x10009774      0x354 CMakeFiles/FIGHTINGBOX_MINI_RP2040.dir/C_/Program_Files/Raspberry_Pi/Pico_SDK_v1.5.1/pico-sdk/src/rp2_common/pico_printf/printf.c.obj
 .text._vsnprintf
                0x10009ac8      0x624 CMakeFiles/FIGHTINGBOX_MINI_RP2040.dir/C_/Program_Files/Raspberry_Pi/Pico_SDK_v1.5.1/pico-sdk/src/rp2_common/pico_printf/printf.c.obj
 .text.vfctprintf
                0x1000a0ec       0x20 CMakeFiles/FIGHTINGBOX_MINI_RP2040.dir/C_/Program_Files/Raspberry_Pi/Pico_SDK_v1.5.1/pico-sdk/src/rp2_common/pico_printf/printf.c.obj
                0x1000a0ec                vfctprintf
 .text          0x1000a10c       0x10 CMakeFiles/FIGHTINGBOX_MINI_RP2040.dir/C_/Program_Files/Raspberry_Pi/Pico_SDK_v1.5.1/pico-sdk/src/rp2_common/pico_bit_ops/bit_ops_aeabi.S.obj
 .text.rom_func_lookup
                0x1000a11c       0x10 CMakeFiles/FIGHTINGBOX_MINI_RP2040.dir/C_/Program_Files/Raspberry_Pi/Pico_SDK_v1.5.1/pico-sdk/src/rp2_common/pico_bootrom/bootrom.c.obj
                0x1000a11c                rom_func_lookup
 .text.rom_data_lookup
                0x1000a12c       0x10 CMakeFiles/FIGHTINGBOX_MINI_RP2040.dir/C_/Program_Files/Raspberry_Pi/Pico_SDK_v1.5.1/pico-sdk/src/rp2_common/pico_bootrom/bootrom.c.obj
                0x1000a12c                rom_data_lookup
 .text.rom_funcs_lookup
                0x1000a13c       0x36 CMakeFiles/FIGHTINGBOX_MINI_RP2040.dir/C_/Program_Files/Raspberry_Pi/Pico_SDK_v1.5.1/pico-sdk/src/rp2_common/pico_bootrom/bootrom.c.obj
                0x1000a13c                rom_funcs_lookup
 *fill*         0x1000a172        0x2 
 .text.__wrap___aeabi_idiv
                0x1000a174       0x50 CMakeFiles/FIGHTINGBOX_MINI_RP2040.dir/C_/Program_Files/Raspberry_Pi/Pico_SDK_v1.5.1/pico-sdk/src/rp2_common/pico_divider/divider.S.obj
                0x1000a174                __wrap___aeabi_idivmod
                0x1000a174                divmod_s32s32
                0x1000a174                div_s32s32
                0x1000a174                __wrap___aeabi_idiv
                0x1000a17c                divmod_s32s32_unsafe
                0x1000a1a8                divmod_s32s32_savestate
 .text.__wrap___aeabi_uidiv
                0x1000a1c4       0x4c CMakeFiles/FIGHTINGBOX_MINI_RP2040.dir/C_/Program_Files/Raspberry_Pi/Pico_SDK_v1.5.1/pico-sdk/src/rp2_common/pico_divider/divider.S.obj
                0x1000a1c4                __wrap___aeabi_uidiv
                0x1000a1c4                __wrap___aeabi_uidivmod
                0x1000a1c4                div_u32u32
                0x1000a1c4                divmod_u32u32
                0x1000a1cc                divmod_u32u32_unsafe
                0x1000a1f4                divmod_u32u32_savestate
 .text.__wrap___aeabi_ldiv
                0x1000a210      0x424 CMakeFiles/FIGHTINGBOX_MINI_RP2040.dir/C_/Program_Files/Raspberry_Pi/Pico_SDK_v1.5.1/pico-sdk/src/rp2_common/pico_divider/divider.S.obj
                0x1000a210                div_s64s64
                0x1000a210                divmod_s64s64
                0x1000a210                __wrap___aeabi_ldivmod
                0x1000a240                divmod_u64u64
                0x1000a240                div_u64u64
                0x1000a240                __wrap___aeabi_uldivmod
                0x1000a250                divmod_u64u64_savestate
                0x1000a270                divmod_s64s64_unsafe
                0x1000a2f8                divmod_u64u64_unsafe
 .text.push_r8_r11
                0x1000a634        0xc CMakeFiles/FIGHTINGBOX_MINI_RP2040.dir/C_/Program_Files/Raspberry_Pi/Pico_SDK_v1.5.1/pico-sdk/src/rp2_common/pico_double/double_aeabi.S.obj
                0x1000a634                push_r8_r11
 .text.pop_r8_r11
                0x1000a640        0xc CMakeFiles/FIGHTINGBOX_MINI_RP2040.dir/C_/Program_Files/Raspberry_Pi/Pico_SDK_v1.5.1/pico-sdk/src/rp2_common/pico_double/double_aeabi.S.obj
                0x1000a640                pop_r8_r11
 .text.__wrap___aeabi_darithmetic
                0x1000a64c       0x80 CMakeFiles/FIGHTINGBOX_MINI_RP2040.dir/C_/Program_Files/Raspberry_Pi/Pico_SDK_v1.5.1/pico-sdk/src/rp2_common/pico_double/double_aeabi.S.obj
                0x1000a64c                __wrap___aeabi_drsub
                0x1000a652                __wrap___aeabi_dsub
                0x1000a664                __wrap___aeabi_dadd
                0x1000a676                __wrap___aeabi_ddiv
                0x1000a6b2                __wrap___aeabi_dmul
 .text.__wrap___aeabi_cdcmple
                0x1000a6cc       0x6c CMakeFiles/FIGHTINGBOX_MINI_RP2040.dir/C_/Program_Files/Raspberry_Pi/Pico_SDK_v1.5.1/pico-sdk/src/rp2_common/pico_double/double_aeabi.S.obj
                0x1000a6cc                __wrap___aeabi_cdrcmple
                0x1000a6dc                __wrap___aeabi_cdcmpeq
                0x1000a6dc                __wrap___aeabi_cdcmple
 .text.__wrap___aeabi_dcmplt
                0x1000a738        0xc CMakeFiles/FIGHTINGBOX_MINI_RP2040.dir/C_/Program_Files/Raspberry_Pi/Pico_SDK_v1.5.1/pico-sdk/src/rp2_common/pico_double/double_aeabi.S.obj
                0x1000a738                __wrap___aeabi_dcmplt
 .text.__wrap___aeabi_dcmple
                0x1000a744       0x10 CMakeFiles/FIGHTINGBOX_MINI_RP2040.dir/C_/Program_Files/Raspberry_Pi/Pico_SDK_v1.5.1/pico-sdk/src/rp2_common/pico_double/double_aeabi.S.obj
                0x1000a744                __wrap___aeabi_dcmple
 .text.__wrap___aeabi_dcmpge
                0x1000a754       0x10 CMakeFiles/FIGHTINGBOX_MINI_RP2040.dir/C_/Program_Files/Raspberry_Pi/Pico_SDK_v1.5.1/pico-sdk/src/rp2_common/pico_double/double_aeabi.S.obj
                0x1000a754                __wrap___aeabi_dcmpge
 .text.__wrap___aeabi_dcmpgt
                0x1000a764        0xa CMakeFiles/FIGHTINGBOX_MINI_RP2040.dir/C_/Program_Files/Raspberry_Pi/Pico_SDK_v1.5.1/pico-sdk/src/rp2_common/pico_double/double_aeabi.S.obj
                0x1000a764                __wrap___aeabi_dcmpgt
 .text.__wrap___aeabi_dcmpun
                0x1000a76e       0x1c CMakeFiles/FIGHTINGBOX_MINI_RP2040.dir/C_/Program_Files/Raspberry_Pi/Pico_SDK_v1.5.1/pico-sdk/src/rp2_common/pico_double/double_aeabi.S.obj
                0x1000a76e                __wrap___aeabi_dcmpun
 *fill*         0x1000a78a        0x2 
 .text.__wrap___aeabi_i2d
                0x1000a78c       0x38 CMakeFiles/FIGHTINGBOX_MINI_RP2040.dir/C_/Program_Files/Raspberry_Pi/Pico_SDK_v1.5.1/pico-sdk/src/rp2_common/pico_double/double_aeabi.S.obj
                0x1000a78c                __wrap___aeabi_ui2d
                0x1000a794                __wrap___aeabi_i2d
 .text.__wrap___aeabi_d2iz
                0x1000a7c4       0x48 CMakeFiles/FIGHTINGBOX_MINI_RP2040.dir/C_/Program_Files/Raspberry_Pi/Pico_SDK_v1.5.1/pico-sdk/src/rp2_common/pico_double/double_aeabi.S.obj
                0x1000a7c4                double2int_z
                0x1000a7c4                __wrap___aeabi_d2iz
 .text.__wrap___aeabi_d2uiz
                0x1000a80c       0x18 CMakeFiles/FIGHTINGBOX_MINI_RP2040.dir/C_/Program_Files/Raspberry_Pi/Pico_SDK_v1.5.1/pico-sdk/src/rp2_common/pico_double/double_aeabi.S.obj
                0x1000a80c                __wrap___aeabi_d2uiz
                0x1000a80c                double2uint
 .text.fix642double
                0x1000a824       0x18 CMakeFiles/FIGHTINGBOX_MINI_RP2040.dir/C_/Program_Files/Raspberry_Pi/Pico_SDK_v1.5.1/pico-sdk/src/rp2_common/pico_double/double_aeabi.S.obj
                0x1000a824                fix642double
 .text.__wrap___aeabi_d2f
                0x1000a83c       0x18 CMakeFiles/FIGHTINGBOX_MINI_RP2040.dir/C_/Program_Files/Raspberry_Pi/Pico_SDK_v1.5.1/pico-sdk/src/rp2_common/pico_double/double_aeabi.S.obj
                0x1000a83c                __wrap___aeabi_d2f
 .text.__wrap_sincostan_remainder
                0x1000a854       0x14 CMakeFiles/FIGHTINGBOX_MINI_RP2040.dir/C_/Program_Files/Raspberry_Pi/Pico_SDK_v1.5.1/pico-sdk/src/rp2_common/pico_double/double_aeabi.S.obj
                0x1000a854                sincostan_remainder
 .text.__wrap_cos
                0x1000a868       0x2c CMakeFiles/FIGHTINGBOX_MINI_RP2040.dir/C_/Program_Files/Raspberry_Pi/Pico_SDK_v1.5.1/pico-sdk/src/rp2_common/pico_double/double_aeabi.S.obj
                0x1000a868                __wrap_cos
 .text.__wrap_sin
                0x1000a894       0x2c CMakeFiles/FIGHTINGBOX_MINI_RP2040.dir/C_/Program_Files/Raspberry_Pi/Pico_SDK_v1.5.1/pico-sdk/src/rp2_common/pico_double/double_aeabi.S.obj
                0x1000a894                __wrap_sin
 .text.__aeabi_double_init
                0x1000a8c0       0xc8 CMakeFiles/FIGHTINGBOX_MINI_RP2040.dir/C_/Program_Files/Raspberry_Pi/Pico_SDK_v1.5.1/pico-sdk/src/rp2_common/pico_double/double_init_rom.c.obj
                0x1000a8c0                __aeabi_double_init
 .text.drem_0   0x1000a988      0x130 CMakeFiles/FIGHTINGBOX_MINI_RP2040.dir/C_/Program_Files/Raspberry_Pi/Pico_SDK_v1.5.1/pico-sdk/src/rp2_common/pico_double/double_math.c.obj
 .text.__wrap_fmod
                0x1000aab8       0xa8 CMakeFiles/FIGHTINGBOX_MINI_RP2040.dir/C_/Program_Files/Raspberry_Pi/Pico_SDK_v1.5.1/pico-sdk/src/rp2_common/pico_double/double_math.c.obj
                0x1000aab8                __wrap_fmod
 .text.__wrap_remquo
                0x1000ab60      0x17c CMakeFiles/FIGHTINGBOX_MINI_RP2040.dir/C_/Program_Files/Raspberry_Pi/Pico_SDK_v1.5.1/pico-sdk/src/rp2_common/pico_double/double_math.c.obj
                0x1000ab60                __wrap_remquo
 .text.__wrap_remainder
                0x1000acdc       0x10 CMakeFiles/FIGHTINGBOX_MINI_RP2040.dir/C_/Program_Files/Raspberry_Pi/Pico_SDK_v1.5.1/pico-sdk/src/rp2_common/pico_double/double_math.c.obj
                0x1000acdc                __wrap_remainder
 .text.double_table_shim_on_use_helper
                0x1000acec       0x34 CMakeFiles/FIGHTINGBOX_MINI_RP2040.dir/C_/Program_Files/Raspberry_Pi/Pico_SDK_v1.5.1/pico-sdk/src/rp2_common/pico_double/double_v1_rom_shim.S.obj
                0x1000acec                double_table_shim_on_use_helper
 .text.__wrap___aeabi_dsub
                0x1000ad20       0x10 CMakeFiles/FIGHTINGBOX_MINI_RP2040.dir/C_/Program_Files/Raspberry_Pi/Pico_SDK_v1.5.1/pico-sdk/src/rp2_common/pico_double/double_v1_rom_shim.S.obj
                0x1000ad20                drsub_shim
                0x1000ad26                dsub_shim
 .text.dadd_shim
                0x1000ad30      0x15c CMakeFiles/FIGHTINGBOX_MINI_RP2040.dir/C_/Program_Files/Raspberry_Pi/Pico_SDK_v1.5.1/pico-sdk/src/rp2_common/pico_double/double_v1_rom_shim.S.obj
                0x1000ad30                dadd_shim
 .text.dmul_shim
                0x1000ae8c      0x15c CMakeFiles/FIGHTINGBOX_MINI_RP2040.dir/C_/Program_Files/Raspberry_Pi/Pico_SDK_v1.5.1/pico-sdk/src/rp2_common/pico_double/double_v1_rom_shim.S.obj
                0x1000ae8c                dmul_shim
 .text.ddiv_shim
                0x1000afe8      0x1b0 CMakeFiles/FIGHTINGBOX_MINI_RP2040.dir/C_/Program_Files/Raspberry_Pi/Pico_SDK_v1.5.1/pico-sdk/src/rp2_common/pico_double/double_v1_rom_shim.S.obj
                0x1000afe8                ddiv_shim
 .text.dcordic_vec_step
                0x1000b198        0xe CMakeFiles/FIGHTINGBOX_MINI_RP2040.dir/C_/Program_Files/Raspberry_Pi/Pico_SDK_v1.5.1/pico-sdk/src/rp2_common/pico_double/double_v1_rom_shim.S.obj
                0x1000b198                dcordic_vec_step
 .text.dcordic_rot_step
                0x1000b1a6       0x76 CMakeFiles/FIGHTINGBOX_MINI_RP2040.dir/C_/Program_Files/Raspberry_Pi/Pico_SDK_v1.5.1/pico-sdk/src/rp2_common/pico_double/double_v1_rom_shim.S.obj
                0x1000b1a6                dcordic_rot_step
 .text.double2uint_shim
                0x1000b21c        0xe CMakeFiles/FIGHTINGBOX_MINI_RP2040.dir/C_/Program_Files/Raspberry_Pi/Pico_SDK_v1.5.1/pico-sdk/src/rp2_common/pico_double/double_v1_rom_shim.S.obj
                0x1000b21c                double2uint_shim
                0x1000b21e                double2ufix_shim
 .text.double2int64_shim
                0x1000b22a       0x1a CMakeFiles/FIGHTINGBOX_MINI_RP2040.dir/C_/Program_Files/Raspberry_Pi/Pico_SDK_v1.5.1/pico-sdk/src/rp2_common/pico_double/double_v1_rom_shim.S.obj
                0x1000b22a                double2int64_shim
                0x1000b22c                double2fix64_shim
 .text.double2uint64_shim
                0x1000b244       0x70 CMakeFiles/FIGHTINGBOX_MINI_RP2040.dir/C_/Program_Files/Raspberry_Pi/Pico_SDK_v1.5.1/pico-sdk/src/rp2_common/pico_double/double_v1_rom_shim.S.obj
                0x1000b244                double2uint64_shim
                0x1000b246                double2ufix64_shim
                0x1000b266                d2fix_a
 .text.double2float_shim
                0x1000b2b4       0x5c CMakeFiles/FIGHTINGBOX_MINI_RP2040.dir/C_/Program_Files/Raspberry_Pi/Pico_SDK_v1.5.1/pico-sdk/src/rp2_common/pico_double/double_v1_rom_shim.S.obj
                0x1000b2b4                double2float_shim
 .text.x2double_shims
                0x1000b310       0x90 CMakeFiles/FIGHTINGBOX_MINI_RP2040.dir/C_/Program_Files/Raspberry_Pi/Pico_SDK_v1.5.1/pico-sdk/src/rp2_common/pico_double/double_v1_rom_shim.S.obj
                0x1000b310                uint2double_shim
                0x1000b312                ufix2double_shim
                0x1000b318                int2double_shim
                0x1000b31a                fix2double_shim
                0x1000b320                uint642double_shim
                0x1000b322                ufix642double_shim
                0x1000b328                int642double_shim
                0x1000b32a                fix642double_shim
 .text.dunpacks
                0x1000b3a0       0x3c CMakeFiles/FIGHTINGBOX_MINI_RP2040.dir/C_/Program_Files/Raspberry_Pi/Pico_SDK_v1.5.1/pico-sdk/src/rp2_common/pico_double/double_v1_rom_shim.S.obj
                0x1000b3a0                dunpacks
 .text.dreduce  0x1000b3dc       0x82 CMakeFiles/FIGHTINGBOX_MINI_RP2040.dir/C_/Program_Files/Raspberry_Pi/Pico_SDK_v1.5.1/pico-sdk/src/rp2_common/pico_double/double_v1_rom_shim.S.obj
                0x1000b3dc                dreduce
 .text.dcos_shim
                0x1000b45e       0x10 CMakeFiles/FIGHTINGBOX_MINI_RP2040.dir/C_/Program_Files/Raspberry_Pi/Pico_SDK_v1.5.1/pico-sdk/src/rp2_common/pico_double/double_v1_rom_shim.S.obj
                0x1000b45e                dcos_shim
 .text.dsin_shim
                0x1000b46e       0x14 CMakeFiles/FIGHTINGBOX_MINI_RP2040.dir/C_/Program_Files/Raspberry_Pi/Pico_SDK_v1.5.1/pico-sdk/src/rp2_common/pico_double/double_v1_rom_shim.S.obj
                0x1000b46e                dsin_shim
 *fill*         0x1000b482        0x2 
 .text.dtrig_guts
                0x1000b484      0x2ec CMakeFiles/FIGHTINGBOX_MINI_RP2040.dir/C_/Program_Files/Raspberry_Pi/Pico_SDK_v1.5.1/pico-sdk/src/rp2_common/pico_double/double_v1_rom_shim.S.obj
                0x1000b55c                datan2_shim
 .text.__aeabi_lmul
                0x1000b770       0x32 CMakeFiles/FIGHTINGBOX_MINI_RP2040.dir/C_/Program_Files/Raspberry_Pi/Pico_SDK_v1.5.1/pico-sdk/src/rp2_common/pico_int64_ops/pico_int64_ops_aeabi.S.obj
                0x1000b770                __wrap___aeabi_lmul
 *fill*         0x1000b7a2        0x2 
 .text.__wrap___aeabi_farithmetic
                0x1000b7a4       0x58 CMakeFiles/FIGHTINGBOX_MINI_RP2040.dir/C_/Program_Files/Raspberry_Pi/Pico_SDK_v1.5.1/pico-sdk/src/rp2_common/pico_float/float_aeabi.S.obj
                0x1000b7a4                __wrap___aeabi_frsub
                0x1000b7aa                __wrap___aeabi_fsub
                0x1000b7b4                __wrap___aeabi_fadd
                0x1000b7be                __wrap___aeabi_fdiv
                0x1000b7ea                __wrap___aeabi_fmul
 .text.__wrap___aeabi_cfcmple
                0x1000b7fc       0x50 CMakeFiles/FIGHTINGBOX_MINI_RP2040.dir/C_/Program_Files/Raspberry_Pi/Pico_SDK_v1.5.1/pico-sdk/src/rp2_common/pico_float/float_aeabi.S.obj
                0x1000b7fc                __wrap___aeabi_cfrcmple
                0x1000b808                __wrap___aeabi_cfcmple
                0x1000b808                __wrap___aeabi_cfcmpeq
 .text.__wrap___aeabi_fcmpeq
                0x1000b84c       0x10 CMakeFiles/FIGHTINGBOX_MINI_RP2040.dir/C_/Program_Files/Raspberry_Pi/Pico_SDK_v1.5.1/pico-sdk/src/rp2_common/pico_float/float_aeabi.S.obj
                0x1000b84c                __wrap___aeabi_fcmpeq
 .text.__wrap___aeabi_fcmplt
                0x1000b85c        0xc CMakeFiles/FIGHTINGBOX_MINI_RP2040.dir/C_/Program_Files/Raspberry_Pi/Pico_SDK_v1.5.1/pico-sdk/src/rp2_common/pico_float/float_aeabi.S.obj
                0x1000b85c                __wrap___aeabi_fcmplt
 .text.__wrap___aeabi_fcmple
                0x1000b868       0x10 CMakeFiles/FIGHTINGBOX_MINI_RP2040.dir/C_/Program_Files/Raspberry_Pi/Pico_SDK_v1.5.1/pico-sdk/src/rp2_common/pico_float/float_aeabi.S.obj
                0x1000b868                __wrap___aeabi_fcmple
 .text.__wrap___aeabi_fcmpge
                0x1000b878       0x10 CMakeFiles/FIGHTINGBOX_MINI_RP2040.dir/C_/Program_Files/Raspberry_Pi/Pico_SDK_v1.5.1/pico-sdk/src/rp2_common/pico_float/float_aeabi.S.obj
                0x1000b878                __wrap___aeabi_fcmpge
 .text.__wrap___aeabi_fcmpgt
                0x1000b888        0xa CMakeFiles/FIGHTINGBOX_MINI_RP2040.dir/C_/Program_Files/Raspberry_Pi/Pico_SDK_v1.5.1/pico-sdk/src/rp2_common/pico_float/float_aeabi.S.obj
                0x1000b888                __wrap___aeabi_fcmpgt
 .text.__wrap___aeabi_ui2f
                0x1000b892        0xa CMakeFiles/FIGHTINGBOX_MINI_RP2040.dir/C_/Program_Files/Raspberry_Pi/Pico_SDK_v1.5.1/pico-sdk/src/rp2_common/pico_float/float_aeabi.S.obj
                0x1000b892                __wrap___aeabi_ui2f
 .text.__wrap___aeabi_i2f
                0x1000b89c       0x44 CMakeFiles/FIGHTINGBOX_MINI_RP2040.dir/C_/Program_Files/Raspberry_Pi/Pico_SDK_v1.5.1/pico-sdk/src/rp2_common/pico_float/float_aeabi.S.obj
                0x1000b89c                __wrap___aeabi_i2f
 .text.__wrap___aeabi_f2iz
                0x1000b8e0       0x4e CMakeFiles/FIGHTINGBOX_MINI_RP2040.dir/C_/Program_Files/Raspberry_Pi/Pico_SDK_v1.5.1/pico-sdk/src/rp2_common/pico_float/float_aeabi.S.obj
                0x1000b8e0                float2int_z
                0x1000b8e0                __wrap___aeabi_f2iz
 *fill*         0x1000b92e        0x2 
 .text.float2int
                0x1000b930       0x14 CMakeFiles/FIGHTINGBOX_MINI_RP2040.dir/C_/Program_Files/Raspberry_Pi/Pico_SDK_v1.5.1/pico-sdk/src/rp2_common/pico_float/float_aeabi.S.obj
                0x1000b930                float2int
 .text.__wrap___aeabi_f2uiz
                0x1000b944       0x10 CMakeFiles/FIGHTINGBOX_MINI_RP2040.dir/C_/Program_Files/Raspberry_Pi/Pico_SDK_v1.5.1/pico-sdk/src/rp2_common/pico_float/float_aeabi.S.obj
                0x1000b944                __wrap___aeabi_f2uiz
 .text.__wrap___aeabi_f2d
                0x1000b954       0x14 CMakeFiles/FIGHTINGBOX_MINI_RP2040.dir/C_/Program_Files/Raspberry_Pi/Pico_SDK_v1.5.1/pico-sdk/src/rp2_common/pico_float/float_aeabi.S.obj
                0x1000b954                __wrap___aeabi_f2d
 .text.__wrap_sqrtf
                0x1000b968       0x24 CMakeFiles/FIGHTINGBOX_MINI_RP2040.dir/C_/Program_Files/Raspberry_Pi/Pico_SDK_v1.5.1/pico-sdk/src/rp2_common/pico_float/float_aeabi.S.obj
                0x1000b968                __wrap_sqrtf
 .text.__wrap_atan2f
                0x1000b98c       0x14 CMakeFiles/FIGHTINGBOX_MINI_RP2040.dir/C_/Program_Files/Raspberry_Pi/Pico_SDK_v1.5.1/pico-sdk/src/rp2_common/pico_float/float_aeabi.S.obj
                0x1000b98c                __wrap_atan2f
 .text.__aeabi_float_init
                0x1000b9a0       0xfc CMakeFiles/FIGHTINGBOX_MINI_RP2040.dir/C_/Program_Files/Raspberry_Pi/Pico_SDK_v1.5.1/pico-sdk/src/rp2_common/pico_float/float_init_rom.c.obj
                0x1000b9a0                __aeabi_float_init
 .text.__wrap_roundf
                0x1000ba9c       0x3e CMakeFiles/FIGHTINGBOX_MINI_RP2040.dir/C_/Program_Files/Raspberry_Pi/Pico_SDK_v1.5.1/pico-sdk/src/rp2_common/pico_float/float_math.c.obj
                0x1000ba9c                __wrap_roundf
 *fill*         0x1000bada        0x2 
 .text.float_table_shim_on_use_helper
                0x1000badc       0x34 CMakeFiles/FIGHTINGBOX_MINI_RP2040.dir/C_/Program_Files/Raspberry_Pi/Pico_SDK_v1.5.1/pico-sdk/src/rp2_common/pico_float/float_v1_rom_shim.S.obj
                0x1000badc                float_table_shim_on_use_helper
 .text.fatan2_shim
                0x1000bb10       0x88 CMakeFiles/FIGHTINGBOX_MINI_RP2040.dir/C_/Program_Files/Raspberry_Pi/Pico_SDK_v1.5.1/pico-sdk/src/rp2_common/pico_float/float_v1_rom_shim.S.obj
                0x1000bb10                fatan2_shim
 .text.float232_shims
                0x1000bb98       0x18 CMakeFiles/FIGHTINGBOX_MINI_RP2040.dir/C_/Program_Files/Raspberry_Pi/Pico_SDK_v1.5.1/pico-sdk/src/rp2_common/pico_float/float_v1_rom_shim.S.obj
                0x1000bb98                float2int_shim
                0x1000bb9a                float2fix_shim
 .text.float2double_shim
                0x1000bbb0       0x30 CMakeFiles/FIGHTINGBOX_MINI_RP2040.dir/C_/Program_Files/Raspberry_Pi/Pico_SDK_v1.5.1/pico-sdk/src/rp2_common/pico_float/float_v1_rom_shim.S.obj
                0x1000bbb0                float2double_shim
 .text          0x1000bbe0       0x10 CMakeFiles/FIGHTINGBOX_MINI_RP2040.dir/C_/Program_Files/Raspberry_Pi/Pico_SDK_v1.5.1/pico-sdk/src/rp2_common/pico_mem_ops/mem_ops_aeabi.S.obj
                0x1000bbe0                __aeabi_mem_init
 .text.memset   0x1000bbf0        0xc CMakeFiles/FIGHTINGBOX_MINI_RP2040.dir/C_/Program_Files/Raspberry_Pi/Pico_SDK_v1.5.1/pico-sdk/src/rp2_common/pico_mem_ops/mem_ops_aeabi.S.obj
                0x1000bbf0                __wrap_memset
 .text.memcpy   0x1000bbfc        0xc CMakeFiles/FIGHTINGBOX_MINI_RP2040.dir/C_/Program_Files/Raspberry_Pi/Pico_SDK_v1.5.1/pico-sdk/src/rp2_common/pico_mem_ops/mem_ops_aeabi.S.obj
                0x1000bbfc                __wrap_memcpy
                0x1000bbfc                __wrap___aeabi_memcpy
 .text.stdio_out_chars_no_crlf
                0x1000bc08        0xe CMakeFiles/FIGHTINGBOX_MINI_RP2040.dir/C_/Program_Files/Raspberry_Pi/Pico_SDK_v1.5.1/pico-sdk/src/rp2_common/pico_stdio/stdio.c.obj
 *fill*         0x1000bc16        0x2 
 .text.stdio_out_chars_crlf
                0x1000bc18       0x80 CMakeFiles/FIGHTINGBOX_MINI_RP2040.dir/C_/Program_Files/Raspberry_Pi/Pico_SDK_v1.5.1/pico-sdk/src/rp2_common/pico_stdio/stdio.c.obj
 .text.stdio_stack_buffer_flush