Archive member included to satisfy reference by file (symbol)

c:/progra~1/raspbe~1/picosd~1.1/gcc-ar~1/bin/../lib/gcc/arm-none-eabi/10.3.1/../../../../arm-none-eabi/lib/thumb/v6-m/nofp\libm.a(lib_a-s_fmin.o)
                              CMakeFiles/FIGHTINGBOX_MINI_RP2040.dir/lib/HOJA-LIB-RP2040/src/input/stick_scaling.c.obj (fmin)
c:/progra~1/raspbe~1/picosd~1.1/gcc-ar~1/bin/../lib/gcc/arm-none-eabi/10.3.1/../../../../arm-none-eabi/lib/thumb/v6-m/nofp\libm.a(lib_a-s_fpclassify.o)
                              c:/progra~1/raspbe~1/picosd~1.1/gcc-ar~1/bin/../lib/gcc/arm-none-eabi/10.3.1/../../../../arm-none-eabi/lib/thumb/v6-m/nofp\libm.a(lib_a-s_fmin.o) (__fpclassifyd)
c:/progra~1/raspbe~1/picosd~1.1/gcc-ar~1/bin/../lib/gcc/arm-none-eabi/10.3.1/thumb/v6-m/nofp\libgcc.a(_dvmd_tls.o)
                              CMakeFiles/FIGHTINGBOX_MINI_RP2040.dir/C_/Program_Files/Raspberry_Pi/Pico_SDK_v1.5.1/pico-sdk/src/rp2_common/pico_divider/divider.S.obj (__aeabi_idiv0)
c:/progra~1/raspbe~1/picosd~1.1/gcc-ar~1/bin/../lib/gcc/arm-none-eabi/10.3.1/../../../../arm-none-eabi/lib/thumb/v6-m/nofp\libg.a(lib_a-calloc.o)
                              CMakeFiles/FIGHTINGBOX_MINI_RP2040.dir/C_/Program_Files/Raspberry_Pi/Pico_SDK_v1.5.1/pico-sdk/src/rp2_common/pico_malloc/pico_malloc.c.obj (calloc)
c:/progra~1/raspbe~1/picosd~1.1/gcc-ar~1/bin/../lib/gcc/arm-none-eabi/10.3.1/../../../../arm-none-eabi/lib/thumb/v6-m/nofp\libg.a(lib_a-callocr.o)
                              c:/progra~1/raspbe~1/picosd~1.1/gcc-ar~1/bin/../lib/gcc/arm-none-eabi/10.3.1/../../../../arm-none-eabi/lib/thumb/v6-m/nofp\libg.a(lib_a-calloc.o) (_calloc_r)
c:/progra~1/raspbe~1/picosd~1.1/gcc-ar~1/bin/../lib/gcc/arm-none-eabi/10.3.1/../../../../arm-none-eabi/lib/thumb/v6-m/nofp\libg.a(lib_a-errno.o)
                              c:/progra~1/raspbe~1/picosd~1.1/gcc-ar~1/bin/../lib/gcc/arm-none-eabi/10.3.1/../../../../arm-none-eabi/lib/thumb/v6-m/nofp\libg.a(lib_a-callocr.o) (__errno)
c:/progra~1/raspbe~1/picosd~1.1/gcc-ar~1/bin/../lib/gcc/arm-none-eabi/10.3.1/../../../../arm-none-eabi/lib/thumb/v6-m/nofp\libg.a(lib_a-impure.o)
                              c:/progra~1/raspbe~1/picosd~1.1/gcc-ar~1/bin/../lib/gcc/arm-none-eabi/10.3.1/../../../../arm-none-eabi/lib/thumb/v6-m/nofp\libg.a(lib_a-calloc.o) (_impure_ptr)
c:/progra~1/raspbe~1/picosd~1.1/gcc-ar~1/bin/../lib/gcc/arm-none-eabi/10.3.1/../../../../arm-none-eabi/lib/thumb/v6-m/nofp\libg.a(lib_a-init.o)
                              c:/progra~1/raspbe~1/picosd~1.1/gcc-ar~1/bin/../lib/gcc/arm-none-eabi/10.3.1/../../../../arm-none-eabi/lib/thumb/v6-m/nofp/crt0.o (__libc_init_array)
c:/progra~1/raspbe~1/picosd~1.1/gcc-ar~1/bin/../lib/gcc/arm-none-eabi/10.3.1/../../../../arm-none-eabi/lib/thumb/v6-m/nofp\libg.a(lib_a-malloc.o)
                              CMakeFiles/FIGHTINGBOX_MINI_RP2040.dir/C_/Program_Files/Raspberry_Pi/Pico_SDK_v1.5.1/pico-sdk/src/rp2_common/pico_malloc/pico_malloc.c.obj (malloc)
c:/progra~1/raspbe~1/picosd~1.1/gcc-ar~1/bin/../lib/gcc/arm-none-eabi/10.3.1/../../../../arm-none-eabi/lib/thumb/v6-m/nofp\libg.a(lib_a-mallocr.o)
                              c:/progra~1/raspbe~1/picosd~1.1/gcc-ar~1/bin/../lib/gcc/arm-none-eabi/10.3.1/../../../../arm-none-eabi/lib/thumb/v6-m/nofp\libg.a(lib_a-callocr.o) (_malloc_r)
c:/progra~1/raspbe~1/picosd~1.1/gcc-ar~1/bin/../lib/gcc/arm-none-eabi/10.3.1/../../../../arm-none-eabi/lib/thumb/v6-m/nofp\libg.a(lib_a-mlock.o)
                              c:/progra~1/raspbe~1/picosd~1.1/gcc-ar~1/bin/../lib/gcc/arm-none-eabi/10.3.1/../../../../arm-none-eabi/lib/thumb/v6-m/nofp\libg.a(lib_a-mallocr.o) (__malloc_lock)
c:/progra~1/raspbe~1/picosd~1.1/gcc-ar~1/bin/../lib/gcc/arm-none-eabi/10.3.1/../../../../arm-none-eabi/lib/thumb/v6-m/nofp\libg.a(lib_a-realloc.o)
                              CMakeFiles/FIGHTINGBOX_MINI_RP2040.dir/C_/Program_Files/Raspberry_Pi/Pico_SDK_v1.5.1/pico-sdk/src/rp2_common/pico_malloc/pico_malloc.c.obj (realloc)
c:/progra~1/raspbe~1/picosd~1.1/gcc-ar~1/bin/../lib/gcc/arm-none-eabi/10.3.1/../../../../arm-none-eabi/lib/thumb/v6-m/nofp\libg.a(lib_a-reallocr.o)
                              c:/progra~1/raspbe~1/picosd~1.1/gcc-ar~1/bin/../lib/gcc/arm-none-eabi/10.3.1/../../../../arm-none-eabi/lib/thumb/v6-m/nofp\libg.a(lib_a-realloc.o) (_realloc_r)
c:/progra~1/raspbe~1/picosd~1.1/gcc-ar~1/bin/../lib/gcc/arm-none-eabi/10.3.1/../../../../arm-none-eabi/lib/thumb/v6-m/nofp\libg.a(lib_a-sbrkr.o)
                              c:/progra~1/raspbe~1/picosd~1.1/gcc-ar~1/bin/../lib/gcc/arm-none-eabi/10.3.1/../../../../arm-none-eabi/lib/thumb/v6-m/nofp\libg.a(lib_a-mallocr.o) (_sbrk_r)
c:/progra~1/raspbe~1/picosd~1.1/gcc-ar~1/bin/../lib/gcc/arm-none-eabi/10.3.1/../../../../arm-none-eabi/lib/thumb/v6-m/nofp\libg.a(lib_a-strlen-stub.o)
                              CMakeFiles/FIGHTINGBOX_MINI_RP2040.dir/lib/HOJA-LIB-RP2040/src/usb/hoja_usb.c.obj (strlen)
[...]
Memory Configuration

Name             Origin             Length             Attributes
FLASH            0x10000000         0x00200000         xr
RAM              0x20000000         0x00040000         xrw
SCRATCH_X        0x20040000         0x00001000         xrw
SCRATCH_Y        0x20041000         0x00001000         xrw
*default*        0x00000000         0xffffffff

Linker script and memory map

LOAD c:/progra~1/raspbe~1/picosd~1.1/gcc-ar~1/bin/../lib/gcc/arm-none-eabi/10.3.1/thumb/v6-m/nofp/crti.o
LOAD c:/progra~1/raspbe~1/picosd~1.1/gcc-ar~1/bin/../lib/gcc/arm-none-eabi/10.3.1/thumb/v6-m/nofp/crtbegin.o
LOAD c:/progra~1/raspbe~1/picosd~1.1/gcc-ar~1/bin/../lib/gcc/arm-none-eabi/10.3.1/../../../../arm-none-eabi/lib/thumb/v6-m/nofp/crt0.o

.flash_begin    0x10000000        0x0
                0x10000000                __flash_binary_start = .

.boot2          0x10000000      0x100
                0x10000000                __boot2_start__ = .
 *(.boot2)
 .boot2         0x10000000      0x100 C:\Users\Mitch\AppData\Local\Temp\ccInUSqx.o
                0x10000100                __boot2_end__ = .
                0x00000001                ASSERT (((__boot2_end__ - __boot2_start__) == 0x100), ERROR: Pico second stage bootloader must be 256 bytes in size)

.text           0x10000100     0xf9f0
                0x10000100                __logical_binary_start = .
 *(.vectors)
 .vectors       0x10000100       0xd4 CMakeFiles/FIGHTINGBOX_MINI_RP2040.dir/C_/Program_Files/Raspberry_Pi/Pico_SDK_v1.5.1/pico-sdk/src/rp2_common/pico_standard_link/crt0.S.obj
                0x10000100                __VECTOR_TABLE
                0x10000100                __vectors
                0x100001c0                isr_invalid
                0x100001c0                __default_isrs_start
                0x100001c2                isr_nmi
                0x100001c4                isr_hardfault
                0x100001c6                isr_svcall
                0x100001c8                isr_pendsv
                0x100001ca                isr_systick
                0x100001cc                isr_irq23
                0x100001cc                isr_irq18
                0x100001cc                isr_irq11
                0x100001cc                isr_irq28
                0x100001cc                isr_irq19
                0x100001cc                isr_irq0
                0x100001cc                isr_irq6
                0x100001cc                isr_irq5
                0x100001cc                isr_irq12
                0x100001cc                isr_irq22
                0x100001cc                isr_irq31
                0x100001cc                isr_irq17
                0x100001cc                isr_irq27
                0x100001cc                isr_irq30
                0x100001cc                isr_irq2
                0x100001cc                isr_irq10
                0x100001cc                isr_irq8
                0x100001cc                isr_irq24
                0x100001cc                isr_irq1
                0x100001cc                isr_irq7
                0x100001cc                isr_irq21
                0x100001cc                isr_irq20
                0x100001cc                isr_irq15
                0x100001cc                isr_irq25
                0x100001cc                isr_irq13
                0x100001cc                __unhandled_user_irq
                0x100001cc                isr_irq4
                0x100001cc                isr_irq16
                0x100001cc                isr_irq29
                0x100001cc                isr_irq26
                0x100001cc                __default_isrs_end
                0x100001cc                isr_irq3
                0x100001cc                isr_irq14
                0x100001cc                isr_irq9
                0x100001d2                unhandled_user_irq_num_in_r0
 *(.binary_info_header)
 .binary_info_header
                0x100001d4       0x14 CMakeFiles/FIGHTINGBOX_MINI_RP2040.dir/C_/Program_Files/Raspberry_Pi/Pico_SDK_v1.5.1/pico-sdk/src/rp2_common/pico_standard_link/crt0.S.obj
                0x100001e8                __binary_info_header_end = .
 *(.reset)
 .reset         0x100001e8       0xa0 CMakeFiles/FIGHTINGBOX_MINI_RP2040.dir/C_/Program_Files/Raspberry_Pi/Pico_SDK_v1.5.1/pico-sdk/src/rp2_common/pico_standard_link/crt0.S.obj
                0x100001e8                _entry_point
 .reset         0x10000288       0x30 CMakeFiles/FIGHTINGBOX_MINI_RP2040.dir/C_/Program_Files/Raspberry_Pi/Pico_SDK_v1.5.1/pico-sdk/src/rp2_common/pico_standard_link/binary_info.c.obj
 *(.init)
 .init          0x100002b8        0x4 c:/progra~1/raspbe~1/picosd~1.1/gcc-ar~1/bin/../lib/gcc/arm-none-eabi/10.3.1/thumb/v6-m/nofp/crti.o
                0x100002b8                _init
 *(EXCLUDE_FILE(*libm.a: *libc.a:*lib_a-mem*.o *libgcc.a:) .text*)
 .text          0x100002bc       0x48 c:/progra~1/raspbe~1/picosd~1.1/gcc-ar~1/bin/../lib/gcc/arm-none-eabi/10.3.1/thumb/v6-m/nofp/crtbegin.o
 .text.cb_hoja_hardware_setup
                0x10000304       0x76 CMakeFiles/FIGHTINGBOX_MINI_RP2040.dir/src/main.c.obj
                0x10000304                cb_hoja_hardware_setup
 .text.cb_hoja_read_buttons
                0x1000037a      0x20a CMakeFiles/FIGHTINGBOX_MINI_RP2040.dir/src/main.c.obj
                0x1000037a                cb_hoja_read_buttons
 .text.cb_hoja_read_analog
                0x10000584        0xe CMakeFiles/FIGHTINGBOX_MINI_RP2040.dir/src/main.c.obj
                0x10000584                cb_hoja_read_analog
 .text.cb_hoja_task_0_hook
                0x10000592        0x8 CMakeFiles/FIGHTINGBOX_MINI_RP2040.dir/src/main.c.obj
                0x10000592                cb_hoja_task_0_hook
 *fill*         0x1000059a        0x2 
 .text.main     0x1000059c       0x50 CMakeFiles/FIGHTINGBOX_MINI_RP2040.dir/src/main.c.obj
                0x1000059c                main
 .text.draw     0x100005ec       0x48 CMakeFiles/FIGHTINGBOX_MINI_RP2040.dir/src/display.c.obj
                0x100005ec                draw
 .text.display_init
                0x10000634        0x8 CMakeFiles/FIGHTINGBOX_MINI_RP2040.dir/src/display.c.obj
                0x10000634                display_init
 .text.display_task
                0x1000063c       0x38 CMakeFiles/FIGHTINGBOX_MINI_RP2040.dir/src/display.c.obj
                0x1000063c                display_task
 .text.SSD1306_Write_Cmd
                0x10000674       0x24 CMakeFiles/FIGHTINGBOX_MINI_RP2040.dir/lib/SSDK1306/lib/ssd1306.c.obj
                0x10000674                SSD1306_Write_Cmd
 .text.SSD1306_Init
                0x10000698       0x40 CMakeFiles/FIGHTINGBOX_MINI_RP2040.dir/lib/SSDK1306/lib/ssd1306.c.obj
                0x10000698                SSD1306_Init
 .text.SSD1306_UpdateScreen
                0x100006d8       0x60 CMakeFiles/FIGHTINGBOX_MINI_RP2040.dir/lib/SSDK1306/lib/ssd1306.c.obj
                0x100006d8                SSD1306_UpdateScreen
 .text.SSD1306_DrawPixel
                0x10000738       0x34 CMakeFiles/FIGHTINGBOX_MINI_RP2040.dir/lib/SSDK1306/lib/ssd1306.c.obj
                0x10000738                SSD1306_DrawPixel
 .text.cb_hoja_hardware_test
                0x1000076c        0x4 CMakeFiles/FIGHTINGBOX_MINI_RP2040.dir/lib/HOJA-LIB-RP2040/src/hoja.c.obj
                0x1000076c                cb_hoja_hardware_test
 .text.cb_hoja_read_imu
                0x10000770        0x2 CMakeFiles/FIGHTINGBOX_MINI_RP2040.dir/lib/HOJA-LIB-RP2040/src/hoja.c.obj
                0x10000770                cb_hoja_read_imu
 .text.cb_hoja_rumble_init
                0x10000772        0x2 CMakeFiles/FIGHTINGBOX_MINI_RP2040.dir/lib/HOJA-LIB-RP2040/src/hoja.c.obj
                0x10000772                cb_hoja_rumble_init
 .text.cb_hoja_rumble_set
                0x10000774        0x2 CMakeFiles/FIGHTINGBOX_MINI_RP2040.dir/lib/HOJA-LIB-RP2040/src/hoja.c.obj
                0x10000774                cb_hoja_rumble_set
 *fill*         0x10000776        0x2 
 .text.hoja_rumble_set
                0x10000778       0x18 CMakeFiles/FIGHTINGBOX_MINI_RP2040.dir/lib/HOJA-LIB-RP2040/src/hoja.c.obj
                0x10000778                hoja_rumble_set
 .text.cb_hoja_rumble_test
                0x10000790        0x2 CMakeFiles/FIGHTINGBOX_MINI_RP2040.dir/lib/HOJA-LIB-RP2040/src/hoja.c.obj
                0x10000790                cb_hoja_rumble_test
 .text.cb_hoja_task_1_hook
                0x10000792        0x2 CMakeFiles/FIGHTINGBOX_MINI_RP2040.dir/lib/HOJA-LIB-RP2040/src/hoja.c.obj
                0x10000792                cb_hoja_task_1_hook
 .text._hoja_task_1
                0x10000794       0x48 CMakeFiles/FIGHTINGBOX_MINI_RP2040.dir/lib/HOJA-LIB-RP2040/src/hoja.c.obj
                0x10000794                _hoja_task_1
 .text.cb_hoja_set_bluetooth_enabled
                0x100007dc        0x2 CMakeFiles/FIGHTINGBOX_MINI_RP2040.dir/lib/HOJA-LIB-RP2040/src/hoja.c.obj
                0x100007dc                cb_hoja_set_bluetooth_enabled
 .text.cb_hoja_set_uart_enabled
                0x100007de        0x2 CMakeFiles/FIGHTINGBOX_MINI_RP2040.dir/lib/HOJA-LIB-RP2040/src/hoja.c.obj
                0x100007de                cb_hoja_set_uart_enabled
 .text.cb_hoja_baseband_update_loop
                0x100007e0        0x2 CMakeFiles/FIGHTINGBOX_MINI_RP2040.dir/lib/HOJA-LIB-RP2040/src/hoja.c.obj
                0x100007e0                cb_hoja_baseband_update_loop
 *fill*         0x100007e2        0x2 
 .text.hoja_get_input_method
                0x100007e4        0xc CMakeFiles/FIGHTINGBOX_MINI_RP2040.dir/lib/HOJA-LIB-RP2040/src/hoja.c.obj
                0x100007e4                hoja_get_input_method
 .text.hoja_shutdown_instant
                0x100007f0       0x1a CMakeFiles/FIGHTINGBOX_MINI_RP2040.dir/lib/HOJA-LIB-RP2040/src/hoja.c.obj
                0x100007f0                hoja_shutdown_instant
 *fill*         0x1000080a        0x2 
 .text._hoja_task_0
                0x1000080c       0xf0 CMakeFiles/FIGHTINGBOX_MINI_RP2040.dir/lib/HOJA-LIB-RP2040/src/hoja.c.obj
                0x1000080c                _hoja_task_0
 .text.hoja_init
                0x100008fc      0x1d0 CMakeFiles/FIGHTINGBOX_MINI_RP2040.dir/lib/HOJA-LIB-RP2040/src/hoja.c.obj
                0x100008fc                hoja_init
 .text.hoja_setup_gpio_button
                0x10000acc       0x1e CMakeFiles/FIGHTINGBOX_MINI_RP2040.dir/lib/HOJA-LIB-RP2040/src/hoja.c.obj
                0x10000acc                hoja_setup_gpio_button
 *fill*         0x10000aea        0x2 
 .text._settings_validate
                0x10000aec       0x2c CMakeFiles/FIGHTINGBOX_MINI_RP2040.dir/lib/HOJA-LIB-RP2040/src/hoja_settings.c.obj
                0x10000aec                _settings_validate
 .text._settings_migrate
                0x10000b18      0x1b4 CMakeFiles/FIGHTINGBOX_MINI_RP2040.dir/lib/HOJA-LIB-RP2040/src/hoja_settings.c.obj
                0x10000b18                _settings_migrate
 .text._settings_get_config_version
                0x10000ccc       0x24 CMakeFiles/FIGHTINGBOX_MINI_RP2040.dir/lib/HOJA-LIB-RP2040/src/hoja_settings.c.obj
                0x10000ccc                _settings_get_config_version
 .text._generate_mac
                0x10000cf0       0x58 CMakeFiles/FIGHTINGBOX_MINI_RP2040.dir/lib/HOJA-LIB-RP2040/src/hoja_settings.c.obj
                0x10000cf0                _generate_mac
 .text._settings_init_default
                0x10000d48      0x20c CMakeFiles/FIGHTINGBOX_MINI_RP2040.dir/lib/HOJA-LIB-RP2040/src/hoja_settings.c.obj
                0x10000d48                _settings_init_default
 .text.settings_get_bank
                0x10000f54        0xc CMakeFiles/FIGHTINGBOX_MINI_RP2040.dir/lib/HOJA-LIB-RP2040/src/hoja_settings.c.obj
                0x10000f54                settings_get_bank
 .text.settings_core1_save_check
                0x10000f60       0xa0 CMakeFiles/FIGHTINGBOX_MINI_RP2040.dir/lib/HOJA-LIB-RP2040/src/hoja_settings.c.obj
                0x10000f60                settings_core1_save_check
 .text.settings_save_webindicate
                0x10001000        0xc CMakeFiles/FIGHTINGBOX_MINI_RP2040.dir/lib/HOJA-LIB-RP2040/src/hoja_settings.c.obj
                0x10001000                settings_save_webindicate
 .text.settings_save
                0x1000100c        0xc CMakeFiles/FIGHTINGBOX_MINI_RP2040.dir/lib/HOJA-LIB-RP2040/src/hoja_settings.c.obj
                0x1000100c                settings_save
 .text.settings_load
                0x10001018       0xf8 CMakeFiles/FIGHTINGBOX_MINI_RP2040.dir/lib/HOJA-LIB-RP2040/src/hoja_settings.c.obj
                0x10001018                settings_load
 .text.settings_set_rumble
                0x10001110       0x1c CMakeFiles/FIGHTINGBOX_MINI_RP2040.dir/lib/HOJA-LIB-RP2040/src/hoja_settings.c.obj
                0x10001110                settings_set_rumble
 .text.settings_set_deadzone
                0x1000112c       0x44 CMakeFiles/FIGHTINGBOX_MINI_RP2040.dir/lib/HOJA-LIB-RP2040/src/hoja_settings.c.obj
                0x1000112c                settings_set_deadzone
 .text.settings_set_centers
                0x10001170       0x44 CMakeFiles/FIGHTINGBOX_MINI_RP2040.dir/lib/HOJA-LIB-RP2040/src/hoja_settings.c.obj
                0x10001170                settings_set_centers
 .text.settings_set_mode
                0x100011b4       0x10 CMakeFiles/FIGHTINGBOX_MINI_RP2040.dir/lib/HOJA-LIB-RP2040/src/hoja_settings.c.obj
                0x100011b4                settings_set_mode
 .text.hoja_comms_task
                0x100011c4       0x14 CMakeFiles/FIGHTINGBOX_MINI_RP2040.dir/lib/HOJA-LIB-RP2040/src/hoja_comms.c.obj
                0x100011c4                hoja_comms_task
 .text.hoja_comms_current_mode
                0x100011d8        0xc CMakeFiles/FIGHTINGBOX_MINI_RP2040.dir/lib/HOJA-LIB-RP2040/src/hoja_comms.c.obj
                0x100011d8                hoja_comms_current_mode
 .text.hoja_comms_init
                0x100011e4       0xb0 CMakeFiles/FIGHTINGBOX_MINI_RP2040.dir/lib/HOJA-LIB-RP2040/src/hoja_comms.c.obj
                0x100011e4                hoja_comms_init
 .text.ws2812_program_init
                0x10001294      0x154 CMakeFiles/FIGHTINGBOX_MINI_RP2040.dir/lib/HOJA-LIB-RP2040/src/utilities/rgb.c.obj
 .text._rgb_set_dirty
                0x100013e8        0xc CMakeFiles/FIGHTINGBOX_MINI_RP2040.dir/lib/HOJA-LIB-RP2040/src/utilities/rgb.c.obj
                0x100013e8                _rgb_set_dirty
 .text._rgbanim_cycleoffset_do
                0x100013f4       0xbc CMakeFiles/FIGHTINGBOX_MINI_RP2040.dir/lib/HOJA-LIB-RP2040/src/utilities/rgb.c.obj
                0x100013f4                _rgbanim_cycleoffset_do
 .text.rgb_set_override
                0x100014b0       0x1c CMakeFiles/FIGHTINGBOX_MINI_RP2040.dir/lib/HOJA-LIB-RP2040/src/utilities/rgb.c.obj
                0x100014b0                rgb_set_override
 .text._rgb_convert_hue_saturation
                0x100014cc       0x84 CMakeFiles/FIGHTINGBOX_MINI_RP2040.dir/lib/HOJA-LIB-RP2040/src/utilities/rgb.c.obj
                0x100014cc                _rgb_convert_hue_saturation
 .text._rgb_set_color_brightness
                0x10001550       0xa4 CMakeFiles/FIGHTINGBOX_MINI_RP2040.dir/lib/HOJA-LIB-RP2040/src/utilities/rgb.c.obj
                0x10001550                _rgb_set_color_brightness
 .text._rgb_normalize_output_power
                0x100015f4       0x88 CMakeFiles/FIGHTINGBOX_MINI_RP2040.dir/lib/HOJA-LIB-RP2040/src/utilities/rgb.c.obj
                0x100015f4                _rgb_normalize_output_power
 .text._rgbanim_rainbowoffset_do
                0x1000167c       0x8c CMakeFiles/FIGHTINGBOX_MINI_RP2040.dir/lib/HOJA-LIB-RP2040/src/utilities/rgb.c.obj
                0x1000167c                _rgbanim_rainbowoffset_do
 .text._rgb_update_all
                0x10001708       0x28 CMakeFiles/FIGHTINGBOX_MINI_RP2040.dir/lib/HOJA-LIB-RP2040/src/utilities/rgb.c.obj
                0x10001708                _rgb_update_all
 .text._rgb_blend
                0x10001730       0xb2 CMakeFiles/FIGHTINGBOX_MINI_RP2040.dir/lib/HOJA-LIB-RP2040/src/utilities/rgb.c.obj
                0x10001730                _rgb_blend
 *fill*         0x100017e2        0x2 
 .text.rgb_set_player
                0x100017e4       0x1c CMakeFiles/FIGHTINGBOX_MINI_RP2040.dir/lib/HOJA-LIB-RP2040/src/utilities/rgb.c.obj
                0x100017e4                rgb_set_player
 .text._rgb_animate_step
                0x10001800       0xbc CMakeFiles/FIGHTINGBOX_MINI_RP2040.dir/lib/HOJA-LIB-RP2040/src/utilities/rgb.c.obj
                0x10001800                _rgb_animate_step
 .text._rgb_set_sequential
                0x100018bc       0x32 CMakeFiles/FIGHTINGBOX_MINI_RP2040.dir/lib/HOJA-LIB-RP2040/src/utilities/rgb.c.obj
                0x100018bc                _rgb_set_sequential
 *fill*         0x100018ee        0x2 
 .text._rgb_set_brightness
                0x100018f0       0x14 CMakeFiles/FIGHTINGBOX_MINI_RP2040.dir/lib/HOJA-LIB-RP2040/src/utilities/rgb.c.obj
                0x100018f0                _rgb_set_brightness
 .text._rgb_set_all
                0x10001904       0x30 CMakeFiles/FIGHTINGBOX_MINI_RP2040.dir/lib/HOJA-LIB-RP2040/src/utilities/rgb.c.obj
                0x10001904                _rgb_set_all
 .text._rgbanim_rainbow_do
                0x10001934       0x34 CMakeFiles/FIGHTINGBOX_MINI_RP2040.dir/lib/HOJA-LIB-RP2040/src/utilities/rgb.c.obj
                0x10001934                _rgbanim_rainbow_do
 .text._rgbanim_cycle_do
                0x10001968       0x88 CMakeFiles/FIGHTINGBOX_MINI_RP2040.dir/lib/HOJA-LIB-RP2040/src/utilities/rgb.c.obj
                0x10001968                _rgbanim_cycle_do
 .text._rgbanim_flash_do
                0x100019f0       0x4c CMakeFiles/FIGHTINGBOX_MINI_RP2040.dir/lib/HOJA-LIB-RP2040/src/utilities/rgb.c.obj
                0x100019f0                _rgbanim_flash_do
 .text._rgb_indicate_override_do
                0x10001a3c       0x7c CMakeFiles/FIGHTINGBOX_MINI_RP2040.dir/lib/HOJA-LIB-RP2040/src/utilities/rgb.c.obj
                0x10001a3c                _rgb_indicate_override_do
 .text.rgb_set_group
                0x10001ab8       0xfc CMakeFiles/FIGHTINGBOX_MINI_RP2040.dir/lib/HOJA-LIB-RP2040/src/utilities/rgb.c.obj
                0x10001ab8                rgb_set_group
 .text._rgb_preset_reload
                0x10001bb4       0x3c CMakeFiles/FIGHTINGBOX_MINI_RP2040.dir/lib/HOJA-LIB-RP2040/src/utilities/rgb.c.obj
                0x10001bb4                _rgb_preset_reload
 .text._rgb_load_preset
                0x10001bf0       0x10 CMakeFiles/FIGHTINGBOX_MINI_RP2040.dir/lib/HOJA-LIB-RP2040/src/utilities/rgb.c.obj
                0x10001bf0                _rgb_load_preset
 .text._rgbanim_preset_do
                0x10001c00       0x28 CMakeFiles/FIGHTINGBOX_MINI_RP2040.dir/lib/HOJA-LIB-RP2040/src/utilities/rgb.c.obj
                0x10001c00                _rgbanim_preset_do
 .text.rgb_update_speed
                0x10001c28       0x54 CMakeFiles/FIGHTINGBOX_MINI_RP2040.dir/lib/HOJA-LIB-RP2040/src/utilities/rgb.c.obj
                0x10001c28                rgb_update_speed
 .text.rgb_indicate
                0x10001c7c       0x24 CMakeFiles/FIGHTINGBOX_MINI_RP2040.dir/lib/HOJA-LIB-RP2040/src/utilities/rgb.c.obj
                0x10001c7c                rgb_indicate
 .text.rgb_init
                0x10001ca0       0xdc CMakeFiles/FIGHTINGBOX_MINI_RP2040.dir/lib/HOJA-LIB-RP2040/src/utilities/rgb.c.obj
                0x10001ca0                rgb_init
 .text.rgb_flash
                0x10001d7c       0x14 CMakeFiles/FIGHTINGBOX_MINI_RP2040.dir/lib/HOJA-LIB-RP2040/src/utilities/rgb.c.obj
                0x10001d7c                rgb_flash
 .text.rgb_task
                0x10001d90       0x70 CMakeFiles/FIGHTINGBOX_MINI_RP2040.dir/lib/HOJA-LIB-RP2040/src/utilities/rgb.c.obj
                0x10001d90                rgb_task
 .text.util_battery_monitor_task_usb
                0x10001e00        0x2 CMakeFiles/FIGHTINGBOX_MINI_RP2040.dir/lib/HOJA-LIB-RP2040/src/utilities/battery.c.obj
                0x10001e00                util_battery_monitor_task_usb
 .text.util_battery_enable_ship_mode
                0x10001e02        0xe CMakeFiles/FIGHTINGBOX_MINI_RP2040.dir/lib/HOJA-LIB-RP2040/src/utilities/battery.c.obj
                0x10001e02                util_battery_enable_ship_mode
 .text.util_battery_set_charge_rate
                0x10001e10       0x38 CMakeFiles/FIGHTINGBOX_MINI_RP2040.dir/lib/HOJA-LIB-RP2040/src/utilities/battery.c.obj
                0x10001e10                util_battery_set_charge_rate
 .text.util_wire_connected
                0x10001e48       0x10 CMakeFiles/FIGHTINGBOX_MINI_RP2040.dir/lib/HOJA-LIB-RP2040/src/utilities/battery.c.obj
                0x10001e48                util_wire_connected
 .text._scratch_set
                0x10001e58       0x14 CMakeFiles/FIGHTINGBOX_MINI_RP2040.dir/lib/HOJA-LIB-RP2040/src/utilities/reboot.c.obj
                0x10001e58                _scratch_set
 .text._scratch_get
                0x10001e6c       0x24 CMakeFiles/FIGHTINGBOX_MINI_RP2040.dir/lib/HOJA-LIB-RP2040/src/utilities/reboot.c.obj
                0x10001e6c                _scratch_get
 .text.reboot_get_memory
                0x10001e90        0xa CMakeFiles/FIGHTINGBOX_MINI_RP2040.dir/lib/HOJA-LIB-RP2040/src/utilities/reboot.c.obj
                0x10001e90                reboot_get_memory
 .text.interval_run
                0x10001e9a       0x26 CMakeFiles/FIGHTINGBOX_MINI_RP2040.dir/lib/HOJA-LIB-RP2040/src/utilities/interval.c.obj
                0x10001e9a                interval_run
 .text.interval_resettable_run
                0x10001ec0       0x3a CMakeFiles/FIGHTINGBOX_MINI_RP2040.dir/lib/HOJA-LIB-RP2040/src/utilities/interval.c.obj
                0x10001ec0                interval_resettable_run
 *fill*         0x10001efa        0x2 
 .text.tud_descriptor_bos_cb
                0x10001efc       0x1c CMakeFiles/FIGHTINGBOX_MINI_RP2040.dir/lib/HOJA-LIB-RP2040/src/usb/desc_bos.c.obj
                0x10001efc                tud_descriptor_bos_cb
 .text.tud_hid_ready
                0x10001f18        0xa CMakeFiles/FIGHTINGBOX_MINI_RP2040.dir/lib/HOJA-LIB-RP2040/src/usb/hoja_usb.c.obj
 *fill*         0x10001f22        0x2 
 .text.hoja_usb_set_usb_clear
                0x10001f24       0x28 CMakeFiles/FIGHTINGBOX_MINI_RP2040.dir/lib/HOJA-LIB-RP2040/src/usb/hoja_usb.c.obj
                0x10001f24                hoja_usb_set_usb_clear
 .text.hoja_usb_unset_usb_clear
                0x10001f4c       0x28 CMakeFiles/FIGHTINGBOX_MINI_RP2040.dir/lib/HOJA-LIB-RP2040/src/usb/hoja_usb.c.obj
                0x10001f4c                hoja_usb_unset_usb_clear
 .text.hoja_usb_get_usb_clear
                0x10001f74       0x4c CMakeFiles/FIGHTINGBOX_MINI_RP2040.dir/lib/HOJA-LIB-RP2040/src/usb/hoja_usb.c.obj
                0x10001f74                hoja_usb_get_usb_clear
 .text.usbd_app_driver_get_cb
                0x10001fc0       0x24 CMakeFiles/FIGHTINGBOX_MINI_RP2040.dir/lib/HOJA-LIB-RP2040/src/usb/hoja_usb.c.obj
                0x10001fc0                usbd_app_driver_get_cb
 .text._hoja_usb_set_interval
                0x10001fe4       0x44 CMakeFiles/FIGHTINGBOX_MINI_RP2040.dir/lib/HOJA-LIB-RP2040/src/usb/hoja_usb.c.obj
                0x10001fe4                _hoja_usb_set_interval
 .text.hoja_usb_start
                0x10002028       0xb0 CMakeFiles/FIGHTINGBOX_MINI_RP2040.dir/lib/HOJA-LIB-RP2040/src/usb/hoja_usb.c.obj
                0x10002028                hoja_usb_start
 .text.hoja_usb_task
                0x100020d8       0xcc CMakeFiles/FIGHTINGBOX_MINI_RP2040.dir/lib/HOJA-LIB-RP2040/src/usb/hoja_usb.c.obj
                0x100020d8                hoja_usb_task
 .text.tud_descriptor_device_cb
                0x100021a4       0x38 CMakeFiles/FIGHTINGBOX_MINI_RP2040.dir/lib/HOJA-LIB-RP2040/src/usb/hoja_usb.c.obj
                0x100021a4                tud_descriptor_device_cb
 .text.tud_descriptor_configuration_cb
                0x100021dc       0x38 CMakeFiles/FIGHTINGBOX_MINI_RP2040.dir/lib/HOJA-LIB-RP2040/src/usb/hoja_usb.c.obj
                0x100021dc                tud_descriptor_configuration_cb
 .text.tud_hid_get_report_cb
                0x10002214        0x4 CMakeFiles/FIGHTINGBOX_MINI_RP2040.dir/lib/HOJA-LIB-RP2040/src/usb/hoja_usb.c.obj
                0x10002214                tud_hid_get_report_cb
 .text.tud_hid_report_complete_cb
                0x10002218       0x54 CMakeFiles/FIGHTINGBOX_MINI_RP2040.dir/lib/HOJA-LIB-RP2040/src/usb/hoja_usb.c.obj
                0x10002218                tud_hid_report_complete_cb
 .text.tud_hid_set_report_cb
                0x1000226c       0xd8 CMakeFiles/FIGHTINGBOX_MINI_RP2040.dir/lib/HOJA-LIB-RP2040/src/usb/hoja_usb.c.obj
                0x1000226c                tud_hid_set_report_cb
 .text.tud_hid_descriptor_report_cb
                0x10002344       0x2c CMakeFiles/FIGHTINGBOX_MINI_RP2040.dir/lib/HOJA-LIB-RP2040/src/usb/hoja_usb.c.obj
                0x10002344                tud_hid_descriptor_report_cb
 .text.tud_descriptor_string_cb
                0x10002370       0x9c CMakeFiles/FIGHTINGBOX_MINI_RP2040.dir/lib/HOJA-LIB-RP2040/src/usb/hoja_usb.c.obj
                0x10002370                tud_descriptor_string_cb
 .text.tud_vendor_rx_cb
                0x1000240c       0x38 CMakeFiles/FIGHTINGBOX_MINI_RP2040.dir/lib/HOJA-LIB-RP2040/src/usb/hoja_usb.c.obj
                0x1000240c                tud_vendor_rx_cb
 .text.tud_vendor_control_xfer_cb
                0x10002444      0x100 CMakeFiles/FIGHTINGBOX_MINI_RP2040.dir/lib/HOJA-LIB-RP2040/src/usb/hoja_usb.c.obj
                0x10002444                tud_vendor_control_xfer_cb
 .text.dir_to_hat
                0x10002544       0x88 CMakeFiles/FIGHTINGBOX_MINI_RP2040.dir/lib/HOJA-LIB-RP2040/src/usb/hoja_usb.c.obj
                0x10002544                dir_to_hat
 .text.xinputd_control_xfer_cb
                0x100025cc        0x4 CMakeFiles/FIGHTINGBOX_MINI_RP2040.dir/lib/HOJA-LIB-RP2040/src/usb/xinput_device.c.obj
                0x100025cc                xinputd_control_xfer_cb
 .text.xinputd_reset
                0x100025d0       0x14 CMakeFiles/FIGHTINGBOX_MINI_RP2040.dir/lib/HOJA-LIB-RP2040/src/usb/xinput_device.c.obj
                0x100025d0                xinputd_reset
 .text.xinputd_init
                0x100025e4        0xa CMakeFiles/FIGHTINGBOX_MINI_RP2040.dir/lib/HOJA-LIB-RP2040/src/usb/xinput_device.c.obj
                0x100025e4                xinputd_init
 *fill*         0x100025ee        0x2 
 .text.xinputd_open
                0x100025f0       0x70 CMakeFiles/FIGHTINGBOX_MINI_RP2040.dir/lib/HOJA-LIB-RP2040/src/usb/xinput_device.c.obj
                0x100025f0                xinputd_open
 .text.xinputd_xfer_cb
                0x10002660       0x68 CMakeFiles/FIGHTINGBOX_MINI_RP2040.dir/lib/HOJA-LIB-RP2040/src/usb/xinput_device.c.obj
                0x10002660                xinputd_xfer_cb
 .text.tud_xinput_getout
                0x100026c8       0x54 CMakeFiles/FIGHTINGBOX_MINI_RP2040.dir/lib/HOJA-LIB-RP2040/src/usb/xinput_device.c.obj
                0x100026c8                tud_xinput_getout
 .text.tud_xinput_report
                0x1000271c       0x58 CMakeFiles/FIGHTINGBOX_MINI_RP2040.dir/lib/HOJA-LIB-RP2040/src/usb/xinput_device.c.obj
                0x1000271c                tud_xinput_report
 .text.tud_xinput_ready
                0x10002774       0x48 CMakeFiles/FIGHTINGBOX_MINI_RP2040.dir/lib/HOJA-LIB-RP2040/src/usb/xinput_device.c.obj
                0x10002774                tud_xinput_ready
 .text.ginputd_reset
                0x100027bc       0x14 CMakeFiles/FIGHTINGBOX_MINI_RP2040.dir/lib/HOJA-LIB-RP2040/src/usb/ginput_device.c.obj
                0x100027bc                ginputd_reset
 .text.ginputd_init
                0x100027d0        0xa CMakeFiles/FIGHTINGBOX_MINI_RP2040.dir/lib/HOJA-LIB-RP2040/src/usb/ginput_device.c.obj
                0x100027d0                ginputd_init
 *fill*         0x100027da        0x2 
 .text.ginputd_open
                0x100027dc       0xc4 CMakeFiles/FIGHTINGBOX_MINI_RP2040.dir/lib/HOJA-LIB-RP2040/src/usb/ginput_device.c.obj
                0x100027dc                ginputd_open
 .text.ginputd_xfer_cb
                0x100028a0       0x84 CMakeFiles/FIGHTINGBOX_MINI_RP2040.dir/lib/HOJA-LIB-RP2040/src/usb/ginput_device.c.obj
                0x100028a0                ginputd_xfer_cb
 .text.ginputd_control_xfer_cb
                0x10002924      0x28c CMakeFiles/FIGHTINGBOX_MINI_RP2040.dir/lib/HOJA-LIB-RP2040/src/usb/ginput_device.c.obj
                0x10002924                ginputd_control_xfer_cb
 .text.tud_ginput_n_ready
                0x10002bb0       0x50 CMakeFiles/FIGHTINGBOX_MINI_RP2040.dir/lib/HOJA-LIB-RP2040/src/usb/ginput_device.c.obj
                0x10002bb0                tud_ginput_n_ready
 .text.tud_ginput_ready
                0x10002c00        0xa CMakeFiles/FIGHTINGBOX_MINI_RP2040.dir/lib/HOJA-LIB-RP2040/src/usb/ginput_device.c.obj
                0x10002c00                tud_ginput_ready
 *fill*         0x10002c0a        0x2 
 .text.tud_ginput_n_report
                0x10002c0c       0x94 CMakeFiles/FIGHTINGBOX_MINI_RP2040.dir/lib/HOJA-LIB-RP2040/src/usb/ginput_device.c.obj
                0x10002c0c                tud_ginput_n_report
 .text.tud_ginput_report
                0x10002ca0       0x10 CMakeFiles/FIGHTINGBOX_MINI_RP2040.dir/lib/HOJA-LIB-RP2040/src/usb/ginput_device.c.obj
                0x10002ca0                tud_ginput_report
 .text.switch_analog_encode
                0x10002cb0       0x16 CMakeFiles/FIGHTINGBOX_MINI_RP2040.dir/lib/HOJA-LIB-RP2040/src/switch/switch_analog.c.obj
                0x10002cb0                switch_analog_encode
 *fill*         0x10002cc6        0x2 
 .text.switch_analog_calibration_init
                0x10002cc8       0x50 CMakeFiles/FIGHTINGBOX_MINI_RP2040.dir/lib/HOJA-LIB-RP2040/src/switch/switch_analog.c.obj
                0x10002cc8                switch_analog_calibration_init
 .text.clear_report
                0x10002d18       0x14 CMakeFiles/FIGHTINGBOX_MINI_RP2040.dir/lib/HOJA-LIB-RP2040/src/switch/switch_commands.c.obj
                0x10002d18                clear_report
 .text.set_report_id
                0x10002d2c        0xc CMakeFiles/FIGHTINGBOX_MINI_RP2040.dir/lib/HOJA-LIB-RP2040/src/switch/switch_commands.c.obj
                0x10002d2c                set_report_id
 .text.set_ack  0x10002d38        0xc CMakeFiles/FIGHTINGBOX_MINI_RP2040.dir/lib/HOJA-LIB-RP2040/src/switch/switch_commands.c.obj
                0x10002d38                set_ack
 .text.set_command
                0x10002d44        0xc CMakeFiles/FIGHTINGBOX_MINI_RP2040.dir/lib/HOJA-LIB-RP2040/src/switch/switch_commands.c.obj
                0x10002d44                set_command
 .text.set_timer
                0x10002d50       0x28 CMakeFiles/FIGHTINGBOX_MINI_RP2040.dir/lib/HOJA-LIB-RP2040/src/switch/switch_commands.c.obj
                0x10002d50                set_timer
 .text.set_battconn
                0x10002d78       0x14 CMakeFiles/FIGHTINGBOX_MINI_RP2040.dir/lib/HOJA-LIB-RP2040/src/switch/switch_commands.c.obj
                0x10002d78                set_battconn
 .text.set_devinfo
                0x10002d8c       0x20 CMakeFiles/FIGHTINGBOX_MINI_RP2040.dir/lib/HOJA-LIB-RP2040/src/switch/switch_commands.c.obj
                0x10002d8c                set_devinfo
 .text.set_sub_triggertime
                0x10002dac       0x24 CMakeFiles/FIGHTINGBOX_MINI_RP2040.dir/lib/HOJA-LIB-RP2040/src/switch/switch_commands.c.obj
                0x10002dac                set_sub_triggertime
 .text._get_low_frequency
                0x10002dd0       0x30 CMakeFiles/FIGHTINGBOX_MINI_RP2040.dir/lib/HOJA-LIB-RP2040/src/switch/switch_commands.c.obj
                0x10002dd0                _get_low_frequency
 .text._get_high_frequency
                0x10002e00       0x30 CMakeFiles/FIGHTINGBOX_MINI_RP2040.dir/lib/HOJA-LIB-RP2040/src/switch/switch_commands.c.obj
                0x10002e00                _get_high_frequency
 .text._get_amplitude
                0x10002e30       0x24 CMakeFiles/FIGHTINGBOX_MINI_RP2040.dir/lib/HOJA-LIB-RP2040/src/switch/switch_commands.c.obj
                0x10002e30                _get_amplitude
 .text.rumble_translate
                0x10002e54      0x140 CMakeFiles/FIGHTINGBOX_MINI_RP2040.dir/lib/HOJA-LIB-RP2040/src/switch/switch_commands.c.obj
                0x10002e54                rumble_translate
 .text.info_set_mac
                0x10002f94       0x34 CMakeFiles/FIGHTINGBOX_MINI_RP2040.dir/lib/HOJA-LIB-RP2040/src/switch/switch_commands.c.obj
                0x10002f94                info_set_mac
 .text.info_handler
                0x10002fc8       0x34 CMakeFiles/FIGHTINGBOX_MINI_RP2040.dir/lib/HOJA-LIB-RP2040/src/switch/switch_commands.c.obj
                0x10002fc8                info_handler
 .text.pairing_set
                0x10002ffc       0xc0 CMakeFiles/FIGHTINGBOX_MINI_RP2040.dir/lib/HOJA-LIB-RP2040/src/switch/switch_commands.c.obj
                0x10002ffc                pairing_set
 .text.command_handler
                0x100030bc      0x134 CMakeFiles/FIGHTINGBOX_MINI_RP2040.dir/lib/HOJA-LIB-RP2040/src/switch/switch_commands.c.obj
                0x100030bc                command_handler
 .text.report_handler
                0x100031f0       0x36 CMakeFiles/FIGHTINGBOX_MINI_RP2040.dir/lib/HOJA-LIB-RP2040/src/switch/switch_commands.c.obj
                0x100031f0                report_handler
 *fill*         0x10003226        0x2 
 .text._unknown_thing
                0x10003228       0x2c CMakeFiles/FIGHTINGBOX_MINI_RP2040.dir/lib/HOJA-LIB-RP2040/src/switch/switch_commands.c.obj
                0x10003228                _unknown_thing
 .text.switch_commands_process
                0x10003254      0x1a0 CMakeFiles/FIGHTINGBOX_MINI_RP2040.dir/lib/HOJA-LIB-RP2040/src/switch/switch_commands.c.obj
                0x10003254                switch_commands_process
 .text.switch_commands_future_handle
                0x100033f4       0x28 CMakeFiles/FIGHTINGBOX_MINI_RP2040.dir/lib/HOJA-LIB-RP2040/src/switch/switch_commands.c.obj
                0x100033f4                switch_commands_future_handle
 .text.switch_commands_bulkset
                0x1000341c       0x10 CMakeFiles/FIGHTINGBOX_MINI_RP2040.dir/lib/HOJA-LIB-RP2040/src/switch/switch_commands.c.obj
                0x1000341c                switch_commands_bulkset
 .text.sw_spi_getaddressdata
                0x1000342c      0x18c CMakeFiles/FIGHTINGBOX_MINI_RP2040.dir/lib/HOJA-LIB-RP2040/src/switch/switch_spi.c.obj
                0x1000342c                sw_spi_getaddressdata
 .text.sw_spi_readfromaddress
                0x100035b8       0x50 CMakeFiles/FIGHTINGBOX_MINI_RP2040.dir/lib/HOJA-LIB-RP2040/src/switch/switch_spi.c.obj
                0x100035b8                sw_spi_readfromaddress
 .text.imu_pack_quat
                0x10003608      0x1fc CMakeFiles/FIGHTINGBOX_MINI_RP2040.dir/lib/HOJA-LIB-RP2040/src/input/imu.c.obj
                0x10003608                imu_pack_quat
 .text._imu_rotate_quaternion
                0x10003804      0x146 CMakeFiles/FIGHTINGBOX_MINI_RP2040.dir/lib/HOJA-LIB-RP2040/src/input/imu.c.obj
                0x10003804                _imu_rotate_quaternion
 .text._imu_quat_normalize
                0x1000394a       0x7c CMakeFiles/FIGHTINGBOX_MINI_RP2040.dir/lib/HOJA-LIB-RP2040/src/input/imu.c.obj
                0x1000394a                _imu_quat_normalize
 *fill*         0x100039c6        0x2 
 .text._imu_update_quaternion
                0x100039c8      0x298 CMakeFiles/FIGHTINGBOX_MINI_RP2040.dir/lib/HOJA-LIB-RP2040/src/input/imu.c.obj
                0x100039c8                _imu_update_quaternion
 .text.imu_fifo_push
                0x10003c60       0xa8 CMakeFiles/FIGHTINGBOX_MINI_RP2040.dir/lib/HOJA-LIB-RP2040/src/input/imu.c.obj
                0x10003c60                imu_fifo_push
 .text.imu_fifo_last
                0x10003d08       0x38 CMakeFiles/FIGHTINGBOX_MINI_RP2040.dir/lib/HOJA-LIB-RP2040/src/input/imu.c.obj
                0x10003d08                imu_fifo_last
 .text._imu_average_value
                0x10003d40       0x30 CMakeFiles/FIGHTINGBOX_MINI_RP2040.dir/lib/HOJA-LIB-RP2040/src/input/imu.c.obj
                0x10003d40                _imu_average_value
 .text.imu_calibrate_start
                0x10003d70       0xc0 CMakeFiles/FIGHTINGBOX_MINI_RP2040.dir/lib/HOJA-LIB-RP2040/src/input/imu.c.obj
                0x10003d70                imu_calibrate_start
 .text.imu_calibrate_stop
                0x10003e30       0x2c CMakeFiles/FIGHTINGBOX_MINI_RP2040.dir/lib/HOJA-LIB-RP2040/src/input/imu.c.obj
                0x10003e30                imu_calibrate_stop
 .text._imu_calibrate_task
                0x10003e5c      0x160 CMakeFiles/FIGHTINGBOX_MINI_RP2040.dir/lib/HOJA-LIB-RP2040/src/input/imu.c.obj
                0x10003e5c                _imu_calibrate_task
 .text.imu_set_enabled
                0x10003fbc        0xc CMakeFiles/FIGHTINGBOX_MINI_RP2040.dir/lib/HOJA-LIB-RP2040/src/input/imu.c.obj
                0x10003fbc                imu_set_enabled
 .text.imu_task
                0x10003fc8      0x158 CMakeFiles/FIGHTINGBOX_MINI_RP2040.dir/lib/HOJA-LIB-RP2040/src/input/imu.c.obj
                0x10003fc8                imu_task
 .text._remap_load_remap
                0x10004120       0x60 CMakeFiles/FIGHTINGBOX_MINI_RP2040.dir/lib/HOJA-LIB-RP2040/src/input/remap.c.obj
                0x10004120                _remap_load_remap
 .text._remap_pack_remap
                0x10004180       0xda CMakeFiles/FIGHTINGBOX_MINI_RP2040.dir/lib/HOJA-LIB-RP2040/src/input/remap.c.obj
                0x10004180                _remap_pack_remap
 .text._remap_unpack_remap
                0x1000425a       0x72 CMakeFiles/FIGHTINGBOX_MINI_RP2040.dir/lib/HOJA-LIB-RP2040/src/input/remap.c.obj
                0x1000425a                _remap_unpack_remap
 .text.remap_reset_default
                0x100042cc       0x74 CMakeFiles/FIGHTINGBOX_MINI_RP2040.dir/lib/HOJA-LIB-RP2040/src/input/remap.c.obj
                0x100042cc                remap_reset_default
 .text.remap_init
                0x10004340       0x5c CMakeFiles/FIGHTINGBOX_MINI_RP2040.dir/lib/HOJA-LIB-RP2040/src/input/remap.c.obj
                0x10004340                remap_init
 .text.remap_set_gc_sp
                0x1000439c       0x10 CMakeFiles/FIGHTINGBOX_MINI_RP2040.dir/lib/HOJA-LIB-RP2040/src/input/remap.c.obj
                0x1000439c                remap_set_gc_sp
 .text.remap_listen_stop
                0x100043ac       0x20 CMakeFiles/FIGHTINGBOX_MINI_RP2040.dir/lib/HOJA-LIB-RP2040/src/input/remap.c.obj
                0x100043ac                remap_listen_stop
 .text.remap_send_data_webusb
                0x100043cc       0xf8 CMakeFiles/FIGHTINGBOX_MINI_RP2040.dir/lib/HOJA-LIB-RP2040/src/input/remap.c.obj
                0x100043cc                remap_send_data_webusb
 .text._remap_listener
                0x100044c4       0xec CMakeFiles/FIGHTINGBOX_MINI_RP2040.dir/lib/HOJA-LIB-RP2040/src/input/remap.c.obj
                0x100044c4                _remap_listener
 .text.remap_listen_enable
                0x100045b0       0x40 CMakeFiles/FIGHTINGBOX_MINI_RP2040.dir/lib/HOJA-LIB-RP2040/src/input/remap.c.obj
                0x100045b0                remap_listen_enable
 .text.remap_buttons_task
                0x100045f0      0x364 CMakeFiles/FIGHTINGBOX_MINI_RP2040.dir/lib/HOJA-LIB-RP2040/src/input/remap.c.obj
                0x100045f0                remap_buttons_task
 .text.snapback_process
                0x10004954        0xe CMakeFiles/FIGHTINGBOX_MINI_RP2040.dir/lib/HOJA-LIB-RP2040/src/input/snapback.c.obj
                0x10004954                snapback_process
 *fill*         0x10004962        0x2 
 .text._snapback_add_value
                0x10004964       0x30 CMakeFiles/FIGHTINGBOX_MINI_RP2040.dir/lib/HOJA-LIB-RP2040/src/input/snapback.c.obj
                0x10004964                _snapback_add_value
 .text.snapback_webcapture_task
                0x10004994      0x118 CMakeFiles/FIGHTINGBOX_MINI_RP2040.dir/lib/HOJA-LIB-RP2040/src/input/snapback.c.obj
                0x10004994                snapback_webcapture_task
 .text._stick_sub_angle_scale
                0x10004aac       0x40 CMakeFiles/FIGHTINGBOX_MINI_RP2040.dir/lib/HOJA-LIB-RP2040/src/input/stick_scaling.c.obj
                0x10004aac                _stick_sub_angle_scale
 .text._get_angle_distance
                0x10004aec       0x34 CMakeFiles/FIGHTINGBOX_MINI_RP2040.dir/lib/HOJA-LIB-RP2040/src/input/stick_scaling.c.obj
                0x10004aec                _get_angle_distance
 .text._is_angle_between
                0x10004b20       0x58 CMakeFiles/FIGHTINGBOX_MINI_RP2040.dir/lib/HOJA-LIB-RP2040/src/input/stick_scaling.c.obj
                0x10004b20                _is_angle_between
 .text._stick_get_processed_octant
                0x10004b78       0x38 CMakeFiles/FIGHTINGBOX_MINI_RP2040.dir/lib/HOJA-LIB-RP2040/src/input/stick_scaling.c.obj
                0x10004b78                _stick_get_processed_octant
 .text._stick_get_octant
                0x10004bb0       0x58 CMakeFiles/FIGHTINGBOX_MINI_RP2040.dir/lib/HOJA-LIB-RP2040/src/input/stick_scaling.c.obj
                0x10004bb0                _stick_get_octant
 .text._stick_angle_adjust
                0x10004c08       0x3c CMakeFiles/FIGHTINGBOX_MINI_RP2040.dir/lib/HOJA-LIB-RP2040/src/input/stick_scaling.c.obj
                0x10004c08                _stick_angle_adjust
 .text.stick_get_angle
                0x10004c44       0x70 CMakeFiles/FIGHTINGBOX_MINI_RP2040.dir/lib/HOJA-LIB-RP2040/src/input/stick_scaling.c.obj
                0x10004c44                stick_get_angle
 .text.stick_get_distance
                0x10004cb4       0x56 CMakeFiles/FIGHTINGBOX_MINI_RP2040.dir/lib/HOJA-LIB-RP2040/src/input/stick_scaling.c.obj
                0x10004cb4                stick_get_distance
 *fill*         0x10004d0a        0x2 
 .text.stick_normalized_vector
                0x10004d0c       0x40 CMakeFiles/FIGHTINGBOX_MINI_RP2040.dir/lib/HOJA-LIB-RP2040/src/input/stick_scaling.c.obj
                0x10004d0c                stick_normalized_vector
 .text._stick_process_input
                0x10004d4c      0x168 CMakeFiles/FIGHTINGBOX_MINI_RP2040.dir/lib/HOJA-LIB-RP2040/src/input/stick_scaling.c.obj
                0x10004d4c                _stick_process_input
 .text._precalculate_distance_scalers
                0x10004eb4       0x24 CMakeFiles/FIGHTINGBOX_MINI_RP2040.dir/lib/HOJA-LIB-RP2040/src/input/stick_scaling.c.obj
                0x10004eb4                _precalculate_distance_scalers
 .text._precalculate_angle_scalers
                0x10004ed8       0x38 CMakeFiles/FIGHTINGBOX_MINI_RP2040.dir/lib/HOJA-LIB-RP2040/src/input/stick_scaling.c.obj
                0x10004ed8                _precalculate_angle_scalers
 .text._precalculate_angle_substate
                0x10004f10       0x7c CMakeFiles/FIGHTINGBOX_MINI_RP2040.dir/lib/HOJA-LIB-RP2040/src/input/stick_scaling.c.obj
                0x10004f10                _precalculate_angle_substate
 .text.stick_scaling_get_settings
                0x10004f8c       0x40 CMakeFiles/FIGHTINGBOX_MINI_RP2040.dir/lib/HOJA-LIB-RP2040/src/input/stick_scaling.c.obj
                0x10004f8c                stick_scaling_get_settings
 .text.stick_scaling_set_settings
                0x10004fcc       0x28 CMakeFiles/FIGHTINGBOX_MINI_RP2040.dir/lib/HOJA-LIB-RP2040/src/input/stick_scaling.c.obj
                0x10004fcc                stick_scaling_set_settings
 .text.stick_scaling_init
                0x10004ff4       0x60 CMakeFiles/FIGHTINGBOX_MINI_RP2040.dir/lib/HOJA-LIB-RP2040/src/input/stick_scaling.c.obj
                0x10004ff4                stick_scaling_init
 .text.stick_scaling_reset_distances
                0x10005054       0x44 CMakeFiles/FIGHTINGBOX_MINI_RP2040.dir/lib/HOJA-LIB-RP2040/src/input/stick_scaling.c.obj
                0x10005054                stick_scaling_reset_distances
 .text.stick_scaling_capture_distances
                0x10005098      0x1bc CMakeFiles/FIGHTINGBOX_MINI_RP2040.dir/lib/HOJA-LIB-RP2040/src/input/stick_scaling.c.obj
                0x10005098                stick_scaling_capture_distances
 .text.stick_scaling_capture_center
                0x10005254       0x2c CMakeFiles/FIGHTINGBOX_MINI_RP2040.dir/lib/HOJA-LIB-RP2040/src/input/stick_scaling.c.obj
                0x10005254                stick_scaling_capture_center
 .text.stick_scaling_get_octant_axis
                0x10005280       0xac CMakeFiles/FIGHTINGBOX_MINI_RP2040.dir/lib/HOJA-LIB-RP2040/src/input/stick_scaling.c.obj
                0x10005280                stick_scaling_get_octant_axis
 .text.stick_scaling_get_octant_axis_offset
                0x1000532c       0xd4 CMakeFiles/FIGHTINGBOX_MINI_RP2040.dir/lib/HOJA-LIB-RP2040/src/input/stick_scaling.c.obj
                0x1000532c                stick_scaling_get_octant_axis_offset
 .text.stick_scaling_capture_angle
                0x10005400       0xfc CMakeFiles/FIGHTINGBOX_MINI_RP2040.dir/lib/HOJA-LIB-RP2040/src/input/stick_scaling.c.obj
                0x10005400                stick_scaling_capture_angle
 .text.stick_scaling_process_data
                0x100054fc      0x168 CMakeFiles/FIGHTINGBOX_MINI_RP2040.dir/lib/HOJA-LIB-RP2040/src/input/stick_scaling.c.obj
                0x100054fc                stick_scaling_process_data
 .text.analog_send_reset
                0x10005664       0x24 CMakeFiles/FIGHTINGBOX_MINI_RP2040.dir/lib/HOJA-LIB-RP2040/src/input/analog.c.obj
                0x10005664                analog_send_reset
 .text.analog_calibrate_start
                0x10005688       0x48 CMakeFiles/FIGHTINGBOX_MINI_RP2040.dir/lib/HOJA-LIB-RP2040/src/input/analog.c.obj
                0x10005688                analog_calibrate_start
 .text.analog_init
                0x100056d0       0x40 CMakeFiles/FIGHTINGBOX_MINI_RP2040.dir/lib/HOJA-LIB-RP2040/src/input/analog.c.obj
                0x100056d0                analog_init
 .text.analog_calibrate_stop
                0x10005710       0x2c CMakeFiles/FIGHTINGBOX_MINI_RP2040.dir/lib/HOJA-LIB-RP2040/src/input/analog.c.obj
                0x10005710                analog_calibrate_stop
 .text.analog_calibrate_save
                0x1000573c       0x34 CMakeFiles/FIGHTINGBOX_MINI_RP2040.dir/lib/HOJA-LIB-RP2040/src/input/analog.c.obj
                0x1000573c                analog_calibrate_save
 .text.analog_calibrate_angle
                0x10005770       0x10 CMakeFiles/FIGHTINGBOX_MINI_RP2040.dir/lib/HOJA-LIB-RP2040/src/input/analog.c.obj
                0x10005770                analog_calibrate_angle
 .text._analog_calibrate_loop
                0x10005780       0x60 CMakeFiles/FIGHTINGBOX_MINI_RP2040.dir/lib/HOJA-LIB-RP2040/src/input/analog.c.obj
                0x10005780                _analog_calibrate_loop
 .text._analog_distance_check
                0x100057e0       0x4e CMakeFiles/FIGHTINGBOX_MINI_RP2040.dir/lib/HOJA-LIB-RP2040/src/input/analog.c.obj
                0x100057e0                _analog_distance_check
 *fill*         0x1000582e        0x2 
 .text.analog_get_octoangle_data
                0x10005830       0x18 CMakeFiles/FIGHTINGBOX_MINI_RP2040.dir/lib/HOJA-LIB-RP2040/src/input/analog.c.obj
                0x10005830                analog_get_octoangle_data
 .text.analog_get_subangle_data
                0x10005848       0x18 CMakeFiles/FIGHTINGBOX_MINI_RP2040.dir/lib/HOJA-LIB-RP2040/src/input/analog.c.obj
                0x10005848                analog_get_subangle_data
 .text._analog_process_deadzone
                0x10005860      0x244 CMakeFiles/FIGHTINGBOX_MINI_RP2040.dir/lib/HOJA-LIB-RP2040/src/input/analog.c.obj
                0x10005860                _analog_process_deadzone
 .text.analog_task
                0x10005aa4       0xa8 CMakeFiles/FIGHTINGBOX_MINI_RP2040.dir/lib/HOJA-LIB-RP2040/src/input/analog.c.obj
                0x10005aa4                analog_task
 .text.triggers_scale_init
                0x10005b4c       0x58 CMakeFiles/FIGHTINGBOX_MINI_RP2040.dir/lib/HOJA-LIB-RP2040/src/input/triggers.c.obj
                0x10005b4c                triggers_scale_init
 .text.macro_handler_task
                0x10005ba4       0xd8 CMakeFiles/FIGHTINGBOX_MINI_RP2040.dir/lib/HOJA-LIB-RP2040/src/input/macros.c.obj
                0x10005ba4                macro_handler_task
 .text.macro_safe_mode_check
                0x10005c7c        0xc CMakeFiles/FIGHTINGBOX_MINI_RP2040.dir/lib/HOJA-LIB-RP2040/src/input/macros.c.obj
                0x10005c7c                macro_safe_mode_check
 .text.gcinput_hid_report
                0x10005c88      0x45c CMakeFiles/FIGHTINGBOX_MINI_RP2040.dir/lib/HOJA-LIB-RP2040/src/devices/gcinput.c.obj
                0x10005c88                gcinput_hid_report
 .text.gamecube_comms_task
                0x100060e4        0x2 CMakeFiles/FIGHTINGBOX_MINI_RP2040.dir/lib/HOJA-LIB-RP2040/src/devices/gamecube.c.obj
                0x100060e4                gamecube_comms_task
 .text.n64_comms_task
                0x100060e6        0x2 CMakeFiles/FIGHTINGBOX_MINI_RP2040.dir/lib/HOJA-LIB-RP2040/src/devices/n64.c.obj
                0x100060e6                n64_comms_task
 .text.nspi_comms_task
                0x100060e8        0x2 CMakeFiles/FIGHTINGBOX_MINI_RP2040.dir/lib/HOJA-LIB-RP2040/src/devices/nspi.c.obj
                0x100060e8                nspi_comms_task
 *fill*         0x100060ea        0x2 
 .text.swpro_hid_report
                0x100060ec      0x16c CMakeFiles/FIGHTINGBOX_MINI_RP2040.dir/lib/HOJA-LIB-RP2040/src/devices/swpro.c.obj
                0x100060ec                swpro_hid_report
 .text.webusb_output_enabled
                0x10006258        0xc CMakeFiles/FIGHTINGBOX_MINI_RP2040.dir/lib/HOJA-LIB-RP2040/src/devices/webusb.c.obj
                0x10006258                webusb_output_enabled
 .text.webusb_enable_output
                0x10006264        0xc CMakeFiles/FIGHTINGBOX_MINI_RP2040.dir/lib/HOJA-LIB-RP2040/src/devices/webusb.c.obj
                0x10006264                webusb_enable_output
 .text.webusb_ready_blocking
                0x10006270       0x3e CMakeFiles/FIGHTINGBOX_MINI_RP2040.dir/lib/HOJA-LIB-RP2040/src/devices/webusb.c.obj
                0x10006270                webusb_ready_blocking
 *fill*         0x100062ae        0x2 
 .text.webusb_input_report_task
                0x100062b0      0x128 CMakeFiles/FIGHTINGBOX_MINI_RP2040.dir/lib/HOJA-LIB-RP2040/src/devices/webusb.c.obj
                0x100062b0                webusb_input_report_task
 .text.webusb_save_confirm
                0x100063d8       0x48 CMakeFiles/FIGHTINGBOX_MINI_RP2040.dir/lib/HOJA-LIB-RP2040/src/devices/webusb.c.obj
                0x100063d8                webusb_save_confirm
 .text.webusb_command_processor
                0x10006420      0x740 CMakeFiles/FIGHTINGBOX_MINI_RP2040.dir/lib/HOJA-LIB-RP2040/src/devices/webusb.c.obj
                0x10006420                webusb_command_processor
 .text.sign_axis
                0x10006b60       0x54 CMakeFiles/FIGHTINGBOX_MINI_RP2040.dir/lib/HOJA-LIB-RP2040/src/devices/xinput.c.obj
                0x10006b60                sign_axis
 .text.xinput_hid_report
                0x10006bb4      0x17c CMakeFiles/FIGHTINGBOX_MINI_RP2040.dir/lib/HOJA-LIB-RP2040/src/devices/xinput.c.obj
                0x10006bb4                xinput_hid_report
 .text.btinput_capability_reset_flag
                0x10006d30        0x2 CMakeFiles/FIGHTINGBOX_MINI_RP2040.dir/lib/HOJA-LIB-RP2040/src/devices/btinput.c.obj
                0x10006d30                btinput_capability_reset_flag
 *fill*         0x10006d32        0x2 
 .text.btinput_get_version
                0x10006d34        0x8 CMakeFiles/FIGHTINGBOX_MINI_RP2040.dir/lib/HOJA-LIB-RP2040/src/devices/btinput.c.obj
                0x10006d34                btinput_get_version
 .text.ds4_hid_report
                0x10006d3c      0x1d4 CMakeFiles/FIGHTINGBOX_MINI_RP2040.dir/lib/HOJA-LIB-RP2040/src/devices/ds4input.c.obj
                0x10006d3c                ds4_hid_report
 .text.gpio_set_function
                0x10006f10       0x30 CMakeFiles/FIGHTINGBOX_MINI_RP2040.dir/C_/Program_Files/Raspberry_Pi/Pico_SDK_v1.5.1/pico-sdk/src/rp2_common/hardware_gpio/gpio.c.obj
                0x10006f10                gpio_set_function
 .text.gpio_set_pulls
                0x10006f40       0x34 CMakeFiles/FIGHTINGBOX_MINI_RP2040.dir/C_/Program_Files/Raspberry_Pi/Pico_SDK_v1.5.1/pico-sdk/src/rp2_common/hardware_gpio/gpio.c.obj
                0x10006f40                gpio_set_pulls
 .text.gpio_init
                0x10006f74       0x16 CMakeFiles/FIGHTINGBOX_MINI_RP2040.dir/C_/Program_Files/Raspberry_Pi/Pico_SDK_v1.5.1/pico-sdk/src/rp2_common/hardware_gpio/gpio.c.obj
                0x10006f74                gpio_init
 *fill*         0x10006f8a        0x2 
 .text.running_on_fpga
                0x10006f8c       0x14 CMakeFiles/FIGHTINGBOX_MINI_RP2040.dir/C_/Program_Files/Raspberry_Pi/Pico_SDK_v1.5.1/pico-sdk/src/rp2_common/pico_platform/platform.c.obj
                0x10006f8c                running_on_fpga
 .text.hw_claim_lock
                0x10006fa0       0x18 CMakeFiles/FIGHTINGBOX_MINI_RP2040.dir/C_/Program_Files/Raspberry_Pi/Pico_SDK_v1.5.1/pico-sdk/src/rp2_common/hardware_claim/claim.c.obj
                0x10006fa0                hw_claim_lock
 .text.hw_claim_unlock
                0x10006fb8       0x14 CMakeFiles/FIGHTINGBOX_MINI_RP2040.dir/C_/Program_Files/Raspberry_Pi/Pico_SDK_v1.5.1/pico-sdk/src/rp2_common/hardware_claim/claim.c.obj
                0x10006fb8                hw_claim_unlock
 .text.hw_claim_or_assert
                0x10006fcc       0x32 CMakeFiles/FIGHTINGBOX_MINI_RP2040.dir/C_/Program_Files/Raspberry_Pi/Pico_SDK_v1.5.1/pico-sdk/src/rp2_common/hardware_claim/claim.c.obj
                0x10006fcc                hw_claim_or_assert
 .text.hw_claim_unused_from_range
                0x10006ffe       0x50 CMakeFiles/FIGHTINGBOX_MINI_RP2040.dir/C_/Program_Files/Raspberry_Pi/Pico_SDK_v1.5.1/pico-sdk/src/rp2_common/hardware_claim/claim.c.obj
                0x10006ffe                hw_claim_unused_from_range
 *fill*         0x1000704e        0x2 
 .text.spin_locks_reset
                0x10007050       0x20 CMakeFiles/FIGHTINGBOX_MINI_RP2040.dir/C_/Program_Files/Raspberry_Pi/Pico_SDK_v1.5.1/pico-sdk/src/rp2_common/hardware_sync/sync.c.obj
                0x10007050                spin_locks_reset
 .text.next_striped_spin_lock_num
                0x10007070       0x1c CMakeFiles/FIGHTINGBOX_MINI_RP2040.dir/C_/Program_Files/Raspberry_Pi/Pico_SDK_v1.5.1/pico-sdk/src/rp2_common/hardware_sync/sync.c.obj
                0x10007070                next_striped_spin_lock_num
 .text.spin_lock_claim_unused
                0x1000708c       0x20 CMakeFiles/FIGHTINGBOX_MINI_RP2040.dir/C_/Program_Files/Raspberry_Pi/Pico_SDK_v1.5.1/pico-sdk/src/rp2_common/hardware_sync/sync.c.obj
                0x1000708c                spin_lock_claim_unused
 .text.set_raw_irq_handler_and_unlock
                0x100070ac       0x28 CMakeFiles/FIGHTINGBOX_MINI_RP2040.dir/C_/Program_Files/Raspberry_Pi/Pico_SDK_v1.5.1/pico-sdk/src/rp2_common/hardware_irq/irq.c.obj
 .text.make_branch
                0x100070d4       0x48 CMakeFiles/FIGHTINGBOX_MINI_RP2040.dir/C_/Program_Files/Raspberry_Pi/Pico_SDK_v1.5.1/pico-sdk/src/rp2_common/hardware_irq/irq.c.obj
 .text.insert_branch_and_link
                0x1000711c       0x40 CMakeFiles/FIGHTINGBOX_MINI_RP2040.dir/C_/Program_Files/Raspberry_Pi/Pico_SDK_v1.5.1/pico-sdk/src/rp2_common/hardware_irq/irq.c.obj
 .text.irq_is_enabled
                0x1000715c       0x18 CMakeFiles/FIGHTINGBOX_MINI_RP2040.dir/C_/Program_Files/Raspberry_Pi/Pico_SDK_v1.5.1/pico-sdk/src/rp2_common/hardware_irq/irq.c.obj
                0x1000715c                irq_is_enabled
 .text.irq_set_mask_enabled
                0x10007174       0x20 CMakeFiles/FIGHTINGBOX_MINI_RP2040.dir/C_/Program_Files/Raspberry_Pi/Pico_SDK_v1.5.1/pico-sdk/src/rp2_common/hardware_irq/irq.c.obj
                0x10007174                irq_set_mask_enabled
 .text.irq_set_enabled
                0x10007194        0xe CMakeFiles/FIGHTINGBOX_MINI_RP2040.dir/C_/Program_Files/Raspberry_Pi/Pico_SDK_v1.5.1/pico-sdk/src/rp2_common/hardware_irq/irq.c.obj
                0x10007194                irq_set_enabled
 *fill*         0x100071a2        0x2 
 .text.irq_get_vtable_handler
                0x100071a4       0x10 CMakeFiles/FIGHTINGBOX_MINI_RP2040.dir/C_/Program_Files/Raspberry_Pi/Pico_SDK_v1.5.1/pico-sdk/src/rp2_common/hardware_irq/irq.c.obj
                0x100071a4                irq_get_vtable_handler
 .text.irq_set_exclusive_handler
                0x100071b4       0x54 CMakeFiles/FIGHTINGBOX_MINI_RP2040.dir/C_/Program_Files/Raspberry_Pi/Pico_SDK_v1.5.1/pico-sdk/src/rp2_common/hardware_irq/irq.c.obj
                0x100071b4                irq_set_exclusive_handler
 .text.irq_add_shared_handler
                0x10007208      0x234 CMakeFiles/FIGHTINGBOX_MINI_RP2040.dir/C_/Program_Files/Raspberry_Pi/Pico_SDK_v1.5.1/pico-sdk/src/rp2_common/hardware_irq/irq.c.obj
                0x10007208                irq_add_shared_handler
 .text.irq_remove_handler
                0x1000743c      0x1ac CMakeFiles/FIGHTINGBOX_MINI_RP2040.dir/C_/Program_Files/Raspberry_Pi/Pico_SDK_v1.5.1/pico-sdk/src/rp2_common/hardware_irq/irq.c.obj
                0x1000743c                irq_remove_handler
 .text.irq_add_tail_to_free_list
                0x100075e8       0xf0 CMakeFiles/FIGHTINGBOX_MINI_RP2040.dir/C_/Program_Files/Raspberry_Pi/Pico_SDK_v1.5.1/pico-sdk/src/rp2_common/hardware_irq/irq.c.obj
                0x100075e8                irq_add_tail_to_free_list
 .text.irq_init_priorities
                0x100076d8       0x1c CMakeFiles/FIGHTINGBOX_MINI_RP2040.dir/C_/Program_Files/Raspberry_Pi/Pico_SDK_v1.5.1/pico-sdk/src/rp2_common/hardware_irq/irq.c.obj
                0x100076d8                irq_init_priorities
 .text.lock_init
                0x100076f4       0x10 CMakeFiles/FIGHTINGBOX_MINI_RP2040.dir/C_/Program_Files/Raspberry_Pi/Pico_SDK_v1.5.1/pico-sdk/src/common/pico_sync/lock_core.c.obj
                0x100076f4                lock_init
 .text.mutex_init
                0x10007704       0x1a CMakeFiles/FIGHTINGBOX_MINI_RP2040.dir/C_/Program_Files/Raspberry_Pi/Pico_SDK_v1.5.1/pico-sdk/src/common/pico_sync/mutex.c.obj
                0x10007704                mutex_init
 .text.recursive_mutex_init
                0x1000771e       0x1e CMakeFiles/FIGHTINGBOX_MINI_RP2040.dir/C_/Program_Files/Raspberry_Pi/Pico_SDK_v1.5.1/pico-sdk/src/common/pico_sync/mutex.c.obj
                0x1000771e                recursive_mutex_init
 .text.critical_section_init_with_lock_num
                0x1000773c       0x14 CMakeFiles/FIGHTINGBOX_MINI_RP2040.dir/C_/Program_Files/Raspberry_Pi/Pico_SDK_v1.5.1/pico-sdk/src/common/pico_sync/critical_section.c.obj
                0x1000773c                critical_section_init_with_lock_num
 .text.critical_section_init
                0x10007750       0x14 CMakeFiles/FIGHTINGBOX_MINI_RP2040.dir/C_/Program_Files/Raspberry_Pi/Pico_SDK_v1.5.1/pico-sdk/src/common/pico_sync/critical_section.c.obj
                0x10007750                critical_section_init
 .text.alarm_pool_post_alloc_init
                0x10007764       0x40 CMakeFiles/FIGHTINGBOX_MINI_RP2040.dir/C_/Program_Files/Raspberry_Pi/Pico_SDK_v1.5.1/pico-sdk/src/common/pico_time/time.c.obj
 .text.sleep_until_callback
                0x100077a4       0x30 CMakeFiles/FIGHTINGBOX_MINI_RP2040.dir/C_/Program_Files/Raspberry_Pi/Pico_SDK_v1.5.1/pico-sdk/src/common/pico_time/time.c.obj
 .text.timer_pool_entry_comparator
                0x100077d4       0x7c CMakeFiles/FIGHTINGBOX_MINI_RP2040.dir/C_/Program_Files/Raspberry_Pi/Pico_SDK_v1.5.1/pico-sdk/src/common/pico_time/time.c.obj
                0x100077d4                timer_pool_entry_comparator
 .text.ph_add_child_node
                0x10007850       0xa4 CMakeFiles/FIGHTINGBOX_MINI_RP2040.dir/C_/Program_Files/Raspberry_Pi/Pico_SDK_v1.5.1/pico-sdk/src/common/pico_time/time.c.obj
 .text.ph_merge_nodes
                0x100078f4       0x3e CMakeFiles/FIGHTINGBOX_MINI_RP2040.dir/C_/Program_Files/Raspberry_Pi/Pico_SDK_v1.5.1/pico-sdk/src/common/pico_time/time.c.obj
 *fill*         0x10007932        0x2 
 .text.add_alarm_under_lock
                0x10007934      0x174 CMakeFiles/FIGHTINGBOX_MINI_RP2040.dir/C_/Program_Files/Raspberry_Pi/Pico_SDK_v1.5.1/pico-sdk/src/common/pico_time/time.c.obj
 .text.alarm_pool_alarm_callback
                0x10007aa8      0x33c CMakeFiles/FIGHTINGBOX_MINI_RP2040.dir/C_/Program_Files/Raspberry_Pi/Pico_SDK_v1.5.1/pico-sdk/src/common/pico_time/time.c.obj
 .text.alarm_pool_init_default
                0x10007de4       0x40 CMakeFiles/FIGHTINGBOX_MINI_RP2040.dir/C_/Program_Files/Raspberry_Pi/Pico_SDK_v1.5.1/pico-sdk/src/common/pico_time/time.c.obj
                0x10007de4                alarm_pool_init_default
 .text.alarm_pool_get_default
                0x10007e24       0x2c CMakeFiles/FIGHTINGBOX_MINI_RP2040.dir/C_/Program_Files/Raspberry_Pi/Pico_SDK_v1.5.1/pico-sdk/src/common/pico_time/time.c.obj
                0x10007e24                alarm_pool_get_default
 .text.alarm_pool_add_alarm_at
                0x10007e50      0x168 CMakeFiles/FIGHTINGBOX_MINI_RP2040.dir/C_/Program_Files/Raspberry_Pi/Pico_SDK_v1.5.1/pico-sdk/src/common/pico_time/time.c.obj
                0x10007e50                alarm_pool_add_alarm_at
 .text.alarm_pool_cancel_alarm
                0x10007fb8       0xf8 CMakeFiles/FIGHTINGBOX_MINI_RP2040.dir/C_/Program_Files/Raspberry_Pi/Pico_SDK_v1.5.1/pico-sdk/src/common/pico_time/time.c.obj
                0x10007fb8                alarm_pool_cancel_alarm
 .text.sleep_until
                0x100080b0       0xfc CMakeFiles/FIGHTINGBOX_MINI_RP2040.dir/C_/Program_Files/Raspberry_Pi/Pico_SDK_v1.5.1/pico-sdk/src/common/pico_time/time.c.obj
                0x100080b0                sleep_until
 .text.sleep_us
                0x100081ac       0x58 CMakeFiles/FIGHTINGBOX_MINI_RP2040.dir/C_/Program_Files/Raspberry_Pi/Pico_SDK_v1.5.1/pico-sdk/src/common/pico_time/time.c.obj
                0x100081ac                sleep_us
 .text.sleep_ms
                0x10008204       0x14 CMakeFiles/FIGHTINGBOX_MINI_RP2040.dir/C_/Program_Files/Raspberry_Pi/Pico_SDK_v1.5.1/pico-sdk/src/common/pico_time/time.c.obj
                0x10008204                sleep_ms
 .text.best_effort_wfe_or_timeout
                0x10008218       0xac CMakeFiles/FIGHTINGBOX_MINI_RP2040.dir/C_/Program_Files/Raspberry_Pi/Pico_SDK_v1.5.1/pico-sdk/src/common/pico_time/time.c.obj
                0x10008218                best_effort_wfe_or_timeout
 .text.hardware_alarm_irq_handler
                0x100082c4       0x90 CMakeFiles/FIGHTINGBOX_MINI_RP2040.dir/C_/Program_Files/Raspberry_Pi/Pico_SDK_v1.5.1/pico-sdk/src/rp2_common/hardware_timer/timer.c.obj
 .text.hardware_alarm_claim
                0x10008354       0x18 CMakeFiles/FIGHTINGBOX_MINI_RP2040.dir/C_/Program_Files/Raspberry_Pi/Pico_SDK_v1.5.1/pico-sdk/src/rp2_common/hardware_timer/timer.c.obj
                0x10008354                hardware_alarm_claim
 .text.time_us_64
                0x1000836c       0x18 CMakeFiles/FIGHTINGBOX_MINI_RP2040.dir/C_/Program_Files/Raspberry_Pi/Pico_SDK_v1.5.1/pico-sdk/src/rp2_common/hardware_timer/timer.c.obj
                0x1000836c                time_us_64
 .text.busy_wait_until
                0x10008384       0x28 CMakeFiles/FIGHTINGBOX_MINI_RP2040.dir/C_/Program_Files/Raspberry_Pi/Pico_SDK_v1.5.1/pico-sdk/src/rp2_common/hardware_timer/timer.c.obj
                0x10008384                busy_wait_until
 .text.busy_wait_us
                0x100083ac       0x48 CMakeFiles/FIGHTINGBOX_MINI_RP2040.dir/C_/Program_Files/Raspberry_Pi/Pico_SDK_v1.5.1/pico-sdk/src/rp2_common/hardware_timer/timer.c.obj
                0x100083ac                busy_wait_us
 .text.hardware_alarm_set_callback
                0x100083f4       0x90 CMakeFiles/FIGHTINGBOX_MINI_RP2040.dir/C_/Program_Files/Raspberry_Pi/Pico_SDK_v1.5.1/pico-sdk/src/rp2_common/hardware_timer/timer.c.obj
                0x100083f4                hardware_alarm_set_callback
 .text.hardware_alarm_set_target
                0x10008484       0xe8 CMakeFiles/FIGHTINGBOX_MINI_RP2040.dir/C_/Program_Files/Raspberry_Pi/Pico_SDK_v1.5.1/pico-sdk/src/rp2_common/hardware_timer/timer.c.obj
                0x10008484                hardware_alarm_set_target
 .text.hardware_alarm_cancel
                0x1000856c       0x40 CMakeFiles/FIGHTINGBOX_MINI_RP2040.dir/C_/Program_Files/Raspberry_Pi/Pico_SDK_v1.5.1/pico-sdk/src/rp2_common/hardware_timer/timer.c.obj
                0x1000856c                hardware_alarm_cancel
 .text.ph_add_child_node
                0x100085ac       0xa4 CMakeFiles/FIGHTINGBOX_MINI_RP2040.dir/C_/Program_Files/Raspberry_Pi/Pico_SDK_v1.5.1/pico-sdk/src/common/pico_util/pheap.c.obj
 .text.ph_merge_nodes
                0x10008650       0x3e CMakeFiles/FIGHTINGBOX_MINI_RP2040.dir/C_/Program_Files/Raspberry_Pi/Pico_SDK_v1.5.1/pico-sdk/src/common/pico_util/pheap.c.obj
 *fill*         0x1000868e        0x2 
 .text.ph_clear
                0x10008690       0x70 CMakeFiles/FIGHTINGBOX_MINI_RP2040.dir/C_/Program_Files/Raspberry_Pi/Pico_SDK_v1.5.1/pico-sdk/src/common/pico_util/pheap.c.obj
                0x10008690                ph_clear
 .text.ph_post_alloc_init
                0x10008700        0xe CMakeFiles/FIGHTINGBOX_MINI_RP2040.dir/C_/Program_Files/Raspberry_Pi/Pico_SDK_v1.5.1/pico-sdk/src/common/pico_util/pheap.c.obj
                0x10008700                ph_post_alloc_init
 *fill*         0x1000870e        0x2 
 .text.ph_merge_two_pass
                0x10008710       0xa8 CMakeFiles/FIGHTINGBOX_MINI_RP2040.dir/C_/Program_Files/Raspberry_Pi/Pico_SDK_v1.5.1/pico-sdk/src/common/pico_util/pheap.c.obj
                0x10008710                ph_merge_two_pass
 .text.ph_remove_any_head
                0x100087b8      0x128 CMakeFiles/FIGHTINGBOX_MINI_RP2040.dir/C_/Program_Files/Raspberry_Pi/Pico_SDK_v1.5.1/pico-sdk/src/common/pico_util/pheap.c.obj
 .text.ph_remove_head
                0x100088e0       0x14 CMakeFiles/FIGHTINGBOX_MINI_RP2040.dir/C_/Program_Files/Raspberry_Pi/Pico_SDK_v1.5.1/pico-sdk/src/common/pico_util/pheap.c.obj
                0x100088e0                ph_remove_head
 .text.ph_remove_and_free_node
                0x100088f4       0xf8 CMakeFiles/FIGHTINGBOX_MINI_RP2040.dir/C_/Program_Files/Raspberry_Pi/Pico_SDK_v1.5.1/pico-sdk/src/common/pico_util/pheap.c.obj
                0x100088f4                ph_remove_and_free_node
 .text.uart_disable_before_lcr_write
                0x100089ec       0x48 CMakeFiles/FIGHTINGBOX_MINI_RP2040.dir/C_/Program_Files/Raspberry_Pi/Pico_SDK_v1.5.1/pico-sdk/src/rp2_common/hardware_uart/uart.c.obj
 .text.uart_write_lcr_bits_masked
                0x10008a34       0x22 CMakeFiles/FIGHTINGBOX_MINI_RP2040.dir/C_/Program_Files/Raspberry_Pi/Pico_SDK_v1.5.1/pico-sdk/src/rp2_common/hardware_uart/uart.c.obj
 *fill*         0x10008a56        0x2 
 .text.uart_set_baudrate
                0x10008a58       0x5c CMakeFiles/FIGHTINGBOX_MINI_RP2040.dir/C_/Program_Files/Raspberry_Pi/Pico_SDK_v1.5.1/pico-sdk/src/rp2_common/hardware_uart/uart.c.obj
                0x10008a58                uart_set_baudrate
 .text.uart_set_format
                0x10008ab4       0x2c CMakeFiles/FIGHTINGBOX_MINI_RP2040.dir/C_/Program_Files/Raspberry_Pi/Pico_SDK_v1.5.1/pico-sdk/src/rp2_common/hardware_uart/uart.c.obj
                0x10008ab4                uart_set_format
 .text.uart_set_translate_crlf
                0x10008ae0       0x28 CMakeFiles/FIGHTINGBOX_MINI_RP2040.dir/C_/Program_Files/Raspberry_Pi/Pico_SDK_v1.5.1/pico-sdk/src/rp2_common/hardware_uart/uart.c.obj
                0x10008ae0                uart_set_translate_crlf
 .text.uart_init
                0x10008b08       0x80 CMakeFiles/FIGHTINGBOX_MINI_RP2040.dir/C_/Program_Files/Raspberry_Pi/Pico_SDK_v1.5.1/pico-sdk/src/rp2_common/hardware_uart/uart.c.obj
                0x10008b08                uart_init
 .text.clock_configure
                0x10008b88      0x108 CMakeFiles/FIGHTINGBOX_MINI_RP2040.dir/C_/Program_Files/Raspberry_Pi/Pico_SDK_v1.5.1/pico-sdk/src/rp2_common/hardware_clocks/clocks.c.obj
                0x10008b88                clock_configure
 .text.clocks_init
                0x10008c90      0x100 CMakeFiles/FIGHTINGBOX_MINI_RP2040.dir/C_/Program_Files/Raspberry_Pi/Pico_SDK_v1.5.1/pico-sdk/src/rp2_common/hardware_clocks/clocks.c.obj
                0x10008c90                clocks_init
 .text.clock_get_hz
                0x10008d90        0xc CMakeFiles/FIGHTINGBOX_MINI_RP2040.dir/C_/Program_Files/Raspberry_Pi/Pico_SDK_v1.5.1/pico-sdk/src/rp2_common/hardware_clocks/clocks.c.obj
                0x10008d90                clock_get_hz
 .text.pll_init
                0x10008d9c      0x120 CMakeFiles/FIGHTINGBOX_MINI_RP2040.dir/C_/Program_Files/Raspberry_Pi/Pico_SDK_v1.5.1/pico-sdk/src/rp2_common/hardware_pll/pll.c.obj
                0x10008d9c                pll_init
 .text.watchdog_start_tick
                0x10008ebc       0x10 CMakeFiles/FIGHTINGBOX_MINI_RP2040.dir/C_/Program_Files/Raspberry_Pi/Pico_SDK_v1.5.1/pico-sdk/src/rp2_common/hardware_watchdog/watchdog.c.obj
                0x10008ebc                watchdog_start_tick
 .text.watchdog_update
                0x10008ecc       0x14 CMakeFiles/FIGHTINGBOX_MINI_RP2040.dir/C_/Program_Files/Raspberry_Pi/Pico_SDK_v1.5.1/pico-sdk/src/rp2_common/hardware_watchdog/watchdog.c.obj
                0x10008ecc                watchdog_update
 .text._watchdog_enable
                0x10008ee0       0x78 CMakeFiles/FIGHTINGBOX_MINI_RP2040.dir/C_/Program_Files/Raspberry_Pi/Pico_SDK_v1.5.1/pico-sdk/src/rp2_common/hardware_watchdog/watchdog.c.obj
                0x10008ee0                _watchdog_enable
 .text.watchdog_enable
                0x10008f58       0x18 CMakeFiles/FIGHTINGBOX_MINI_RP2040.dir/C_/Program_Files/Raspberry_Pi/Pico_SDK_v1.5.1/pico-sdk/src/rp2_common/hardware_watchdog/watchdog.c.obj
                0x10008f58                watchdog_enable
 .text.watchdog_reboot
                0x10008f70       0x48 CMakeFiles/FIGHTINGBOX_MINI_RP2040.dir/C_/Program_Files/Raspberry_Pi/Pico_SDK_v1.5.1/pico-sdk/src/rp2_common/hardware_watchdog/watchdog.c.obj
                0x10008f70                watchdog_reboot
 .text.xosc_init
                0x10008fb8       0x2c CMakeFiles/FIGHTINGBOX_MINI_RP2040.dir/C_/Program_Files/Raspberry_Pi/Pico_SDK_v1.5.1/pico-sdk/src/rp2_common/hardware_xosc/xosc.c.obj
                0x10008fb8                xosc_init
 .text._exit    0x10008fe4        0x4 CMakeFiles/FIGHTINGBOX_MINI_RP2040.dir/C_/Program_Files/Raspberry_Pi/Pico_SDK_v1.5.1/pico-sdk/src/rp2_common/pico_runtime/runtime.c.obj
                0x10008fe4                _exit
 .text.exit     0x10008fe8        0x6 CMakeFiles/FIGHTINGBOX_MINI_RP2040.dir/C_/Program_Files/Raspberry_Pi/Pico_SDK_v1.5.1/pico-sdk/src/rp2_common/pico_runtime/runtime.c.obj
                0x10008fe8                exit
 *fill*         0x10008fee        0x2 
 .text.__assert_func
                0x10008ff0       0x3c CMakeFiles/FIGHTINGBOX_MINI_RP2040.dir/C_/Program_Files/Raspberry_Pi/Pico_SDK_v1.5.1/pico-sdk/src/rp2_common/pico_runtime/runtime.c.obj
                0x10008ff0                __assert_func
 .text.runtime_init
                0x1000902c       0xf8 CMakeFiles/FIGHTINGBOX_MINI_RP2040.dir/C_/Program_Files/Raspberry_Pi/Pico_SDK_v1.5.1/pico-sdk/src/rp2_common/pico_runtime/runtime.c.obj
                0x1000902c                runtime_init
 .text.panic    0x10009124       0x30 CMakeFiles/FIGHTINGBOX_MINI_RP2040.dir/C_/Program_Files/Raspberry_Pi/Pico_SDK_v1.5.1/pico-sdk/src/rp2_common/pico_runtime/runtime.c.obj
                0x10009124                panic
 .text._out_null
                0x10009154        0x2 CMakeFiles/FIGHTINGBOX_MINI_RP2040.dir/C_/Program_Files/Raspberry_Pi/Pico_SDK_v1.5.1/pico-sdk/src/rp2_common/pico_printf/printf.c.obj
 .text._out_fct
                0x10009156        0xe CMakeFiles/FIGHTINGBOX_MINI_RP2040.dir/C_/Program_Files/Raspberry_Pi/Pico_SDK_v1.5.1/pico-sdk/src/rp2_common/pico_printf/printf.c.obj
 .text._atoi    0x10009164       0x24 CMakeFiles/FIGHTINGBOX_MINI_RP2040.dir/C_/Program_Files/Raspberry_Pi/Pico_SDK_v1.5.1/pico-sdk/src/rp2_common/pico_printf/printf.c.obj
 .text._out_rev
                0x10009188       0xae CMakeFiles/FIGHTINGBOX_MINI_RP2040.dir/C_/Program_Files/Raspberry_Pi/Pico_SDK_v1.5.1/pico-sdk/src/rp2_common/pico_printf/printf.c.obj
 .text._ntoa_format
                0x10009236      0x112 CMakeFiles/FIGHTINGBOX_MINI_RP2040.dir/C_/Program_Files/Raspberry_Pi/Pico_SDK_v1.5.1/pico-sdk/src/rp2_common/pico_printf/printf.c.obj
 .text._ntoa_long
                0x10009348       0xbc CMakeFiles/FIGHTINGBOX_MINI_RP2040.dir/C_/Program_Files/Raspberry_Pi/Pico_SDK_v1.5.1/pico-sdk/src/rp2_common/pico_printf/printf.c.obj
 .text._ntoa_long_long
                0x10009404       0xe2 CMakeFiles/FIGHTINGBOX_MINI_RP2040.dir/C_/Program_Files/Raspberry_Pi/Pico_SDK_v1.5.1/pico-sdk/src/rp2_common/pico_printf/printf.c.obj
 *fill*         0x100094e6        0x2 
 .text._etoa    0x100094e8      0x414 CMakeFiles/FIGHTINGBOX_MINI_RP2040.dir/C_/Program_Files/Raspberry_Pi/Pico_SDK_v1.5.1/pico-sdk/src/rp2_common/pico_printf/printf.c.obj
 .text._ftoa    0x100098fc      0x354 CMakeFiles/FIGHTINGBOX_MINI_RP2040.dir/C_/Program_Files/Raspberry_Pi/Pico_SDK_v1.5.1/pico-sdk/src/rp2_common/pico_printf/printf.c.obj
 .text._vsnprintf
                0x10009c50      0x624 CMakeFiles/FIGHTINGBOX_MINI_RP2040.dir/C_/Program_Files/Raspberry_Pi/Pico_SDK_v1.5.1/pico-sdk/src/rp2_common/pico_printf/printf.c.obj
 .text.vfctprintf
                0x1000a274       0x20 CMakeFiles/FIGHTINGBOX_MINI_RP2040.dir/C_/Program_Files/Raspberry_Pi/Pico_SDK_v1.5.1/pico-sdk/src/rp2_common/pico_printf/printf.c.obj
                0x1000a274                vfctprintf
 .text          0x1000a294       0x10 CMakeFiles/FIGHTINGBOX_MINI_RP2040.dir/C_/Program_Files/Raspberry_Pi/Pico_SDK_v1.5.1/pico-sdk/src/rp2_common/pico_bit_ops/bit_ops_aeabi.S.obj
 .text.rom_func_lookup
                0x1000a2a4       0x10 CMakeFiles/FIGHTINGBOX_MINI_RP2040.dir/C_/Program_Files/Raspberry_Pi/Pico_SDK_v1.5.1/pico-sdk/src/rp2_common/pico_bootrom/bootrom.c.obj
                0x1000a2a4                rom_func_lookup
 .text.rom_data_lookup
                0x1000a2b4       0x10 CMakeFiles/FIGHTINGBOX_MINI_RP2040.dir/C_/Program_Files/Raspberry_Pi/Pico_SDK_v1.5.1/pico-sdk/src/rp2_common/pico_bootrom/bootrom.c.obj
                0x1000a2b4                rom_data_lookup
 .text.rom_funcs_lookup
                0x1000a2c4       0x36 CMakeFiles/FIGHTINGBOX_MINI_RP2040.dir/C_/Program_Files/Raspberry_Pi/Pico_SDK_v1.5.1/pico-sdk/src/rp2_common/pico_bootrom/bootrom.c.obj
                0x1000a2c4                rom_funcs_lookup
 *fill*         0x1000a2fa        0x2 
 .text.__wrap___aeabi_idiv
                0x1000a2fc       0x50 CMakeFiles/FIGHTINGBOX_MINI_RP2040.dir/C_/Program_Files/Raspberry_Pi/Pico_SDK_v1.5.1/pico-sdk/src/rp2_common/pico_divider/divider.S.obj
                0x1000a2fc                __wrap___aeabi_idivmod
                0x1000a2fc                divmod_s32s32
                0x1000a2fc                div_s32s32
                0x1000a2fc                __wrap___aeabi_idiv
                0x1000a304                divmod_s32s32_unsafe
                0x1000a330                divmod_s32s32_savestate
 .text.__wrap___aeabi_uidiv
                0x1000a34c       0x4c CMakeFiles/FIGHTINGBOX_MINI_RP2040.dir/C_/Program_Files/Raspberry_Pi/Pico_SDK_v1.5.1/pico-sdk/src/rp2_common/pico_divider/divider.S.obj
                0x1000a34c                __wrap___aeabi_uidiv
                0x1000a34c                __wrap___aeabi_uidivmod
                0x1000a34c                div_u32u32
                0x1000a34c                divmod_u32u32
                0x1000a354                divmod_u32u32_unsafe
                0x1000a37c                divmod_u32u32_savestate
 .text.__wrap___aeabi_ldiv
                0x1000a398      0x424 CMakeFiles/FIGHTINGBOX_MINI_RP2040.dir/C_/Program_Files/Raspberry_Pi/Pico_SDK_v1.5.1/pico-sdk/src/rp2_common/pico_divider/divider.S.obj
                0x1000a398                div_s64s64
                0x1000a398                divmod_s64s64
                0x1000a398                __wrap___aeabi_ldivmod
                0x1000a3c8                divmod_u64u64
                0x1000a3c8                div_u64u64
                0x1000a3c8                __wrap___aeabi_uldivmod
                0x1000a3d8                divmod_u64u64_savestate
                0x1000a3f8                divmod_s64s64_unsafe
                0x1000a480                divmod_u64u64_unsafe
 .text.push_r8_r11
                0x1000a7bc        0xc CMakeFiles/FIGHTINGBOX_MINI_RP2040.dir/C_/Program_Files/Raspberry_Pi/Pico_SDK_v1.5.1/pico-sdk/src/rp2_common/pico_double/double_aeabi.S.obj
                0x1000a7bc                push_r8_r11
 .text.pop_r8_r11
                0x1000a7c8        0xc CMakeFiles/FIGHTINGBOX_MINI_RP2040.dir/C_/Program_Files/Raspberry_Pi/Pico_SDK_v1.5.1/pico-sdk/src/rp2_common/pico_double/double_aeabi.S.obj
                0x1000a7c8                pop_r8_r11
 .text.__wrap___aeabi_darithmetic
                0x1000a7d4       0x80 CMakeFiles/FIGHTINGBOX_MINI_RP2040.dir/C_/Program_Files/Raspberry_Pi/Pico_SDK_v1.5.1/pico-sdk/src/rp2_common/pico_double/double_aeabi.S.obj
                0x1000a7d4                __wrap___aeabi_drsub
                0x1000a7da                __wrap___aeabi_dsub
                0x1000a7ec                __wrap___aeabi_dadd
                0x1000a7fe                __wrap___aeabi_ddiv
                0x1000a83a                __wrap___aeabi_dmul
 .text.__wrap___aeabi_cdcmple
                0x1000a854       0x6c CMakeFiles/FIGHTINGBOX_MINI_RP2040.dir/C_/Program_Files/Raspberry_Pi/Pico_SDK_v1.5.1/pico-sdk/src/rp2_common/pico_double/double_aeabi.S.obj
                0x1000a854                __wrap___aeabi_cdrcmple
                0x1000a864                __wrap___aeabi_cdcmpeq
                0x1000a864                __wrap___aeabi_cdcmple
 .text.__wrap___aeabi_dcmplt
                0x1000a8c0        0xc CMakeFiles/FIGHTINGBOX_MINI_RP2040.dir/C_/Program_Files/Raspberry_Pi/Pico_SDK_v1.5.1/pico-sdk/src/rp2_common/pico_double/double_aeabi.S.obj
                0x1000a8c0                __wrap___aeabi_dcmplt
 .text.__wrap___aeabi_dcmple
                0x1000a8cc       0x10 CMakeFiles/FIGHTINGBOX_MINI_RP2040.dir/C_/Program_Files/Raspberry_Pi/Pico_SDK_v1.5.1/pico-sdk/src/rp2_common/pico_double/double_aeabi.S.obj
                0x1000a8cc                __wrap___aeabi_dcmple
 .text.__wrap___aeabi_dcmpge
                0x1000a8dc       0x10 CMakeFiles/FIGHTINGBOX_MINI_RP2040.dir/C_/Program_Files/Raspberry_Pi/Pico_SDK_v1.5.1/pico-sdk/src/rp2_common/pico_double/double_aeabi.S.obj
                0x1000a8dc                __wrap___aeabi_dcmpge
 .text.__wrap___aeabi_dcmpgt
                0x1000a8ec        0xa CMakeFiles/FIGHTINGBOX_MINI_RP2040.dir/C_/Program_Files/Raspberry_Pi/Pico_SDK_v1.5.1/pico-sdk/src/rp2_common/pico_double/double_aeabi.S.obj
                0x1000a8ec                __wrap___aeabi_dcmpgt
 .text.__wrap___aeabi_dcmpun
                0x1000a8f6       0x1c CMakeFiles/FIGHTINGBOX_MINI_RP2040.dir/C_/Program_Files/Raspberry_Pi/Pico_SDK_v1.5.1/pico-sdk/src/rp2_common/pico_double/double_aeabi.S.obj
                0x1000a8f6                __wrap___aeabi_dcmpun
 *fill*         0x1000a912        0x2 
 .text.__wrap___aeabi_i2d
                0x1000a914       0x38 CMakeFiles/FIGHTINGBOX_MINI_RP2040.dir/C_/Program_Files/Raspberry_Pi/Pico_SDK_v1.5.1/pico-sdk/src/rp2_common/pico_double/double_aeabi.S.obj
                0x1000a914                __wrap___aeabi_ui2d
                0x1000a91c                __wrap___aeabi_i2d
 .text.__wrap___aeabi_d2iz
                0x1000a94c       0x48 CMakeFiles/FIGHTINGBOX_MINI_RP2040.dir/C_/Program_Files/Raspberry_Pi/Pico_SDK_v1.5.1/pico-sdk/src/rp2_common/pico_double/double_aeabi.S.obj
                0x1000a94c                double2int_z
                0x1000a94c                __wrap___aeabi_d2iz
 .text.__wrap___aeabi_d2uiz
                0x1000a994       0x18 CMakeFiles/FIGHTINGBOX_MINI_RP2040.dir/C_/Program_Files/Raspberry_Pi/Pico_SDK_v1.5.1/pico-sdk/src/rp2_common/pico_double/double_aeabi.S.obj
                0x1000a994                __wrap___aeabi_d2uiz
                0x1000a994                double2uint
 .text.fix642double
                0x1000a9ac       0x18 CMakeFiles/FIGHTINGBOX_MINI_RP2040.dir/C_/Program_Files/Raspberry_Pi/Pico_SDK_v1.5.1/pico-sdk/src/rp2_common/pico_double/double_aeabi.S.obj
                0x1000a9ac                fix642double
 .text.__wrap___aeabi_d2f
                0x1000a9c4       0x18 CMakeFiles/FIGHTINGBOX_MINI_RP2040.dir/C_/Program_Files/Raspberry_Pi/Pico_SDK_v1.5.1/pico-sdk/src/rp2_common/pico_double/double_aeabi.S.obj
                0x1000a9c4                __wrap___aeabi_d2f
 .text.__wrap_sincostan_remainder
                0x1000a9dc       0x14 CMakeFiles/FIGHTINGBOX_MINI_RP2040.dir/C_/Program_Files/Raspberry_Pi/Pico_SDK_v1.5.1/pico-sdk/src/rp2_common/pico_double/double_aeabi.S.obj
                0x1000a9dc                sincostan_remainder
 .text.__wrap_cos
                0x1000a9f0       0x2c CMakeFiles/FIGHTINGBOX_MINI_RP2040.dir/C_/Program_Files/Raspberry_Pi/Pico_SDK_v1.5.1/pico-sdk/src/rp2_common/pico_double/double_aeabi.S.obj
                0x1000a9f0                __wrap_cos
 .text.__wrap_sin
                0x1000aa1c       0x2c CMakeFiles/FIGHTINGBOX_MINI_RP2040.dir/C_/Program_Files/Raspberry_Pi/Pico_SDK_v1.5.1/pico-sdk/src/rp2_common/pico_double/double_aeabi.S.obj
                0x1000aa1c                __wrap_sin
 .text.__aeabi_double_init
                0x1000aa48       0xc8 CMakeFiles/FIGHTINGBOX_MINI_RP2040.dir/C_/Program_Files/Raspberry_Pi/Pico_SDK_v1.5.1/pico-sdk/src/rp2_common/pico_double/double_init_rom.c.obj
                0x1000aa48                __aeabi_double_init
 .text.drem_0   0x1000ab10      0x130 CMakeFiles/FIGHTINGBOX_MINI_RP2040.dir/C_/Program_Files/Raspberry_Pi/Pico_SDK_v1.5.1/pico-sdk/src/rp2_common/pico_double/double_math.c.obj
 .text.__wrap_fmod
                0x1000ac40       0xa8 CMakeFiles/FIGHTINGBOX_MINI_RP2040.dir/C_/Program_Files/Raspberry_Pi/Pico_SDK_v1.5.1/pico-sdk/src/rp2_common/pico_double/double_math.c.obj
                0x1000ac40                __wrap_fmod
 .text.__wrap_remquo
                0x1000ace8      0x17c CMakeFiles/FIGHTINGBOX_MINI_RP2040.dir/C_/Program_Files/Raspberry_Pi/Pico_SDK_v1.5.1/pico-sdk/src/rp2_common/pico_double/double_math.c.obj
                0x1000ace8                __wrap_remquo
 .text.__wrap_remainder
                0x1000ae64       0x10 CMakeFiles/FIGHTINGBOX_MINI_RP2040.dir/C_/Program_Files/Raspberry_Pi/Pico_SDK_v1.5.1/pico-sdk/src/rp2_common/pico_double/double_math.c.obj
                0x1000ae64                __wrap_remainder
 .text.double_table_shim_on_use_helper
                0x1000ae74       0x34 CMakeFiles/FIGHTINGBOX_MINI_RP2040.dir/C_/Program_Files/Raspberry_Pi/Pico_SDK_v1.5.1/pico-sdk/src/rp2_common/pico_double/double_v1_rom_shim.S.obj
                0x1000ae74                double_table_shim_on_use_helper
 .text.__wrap___aeabi_dsub
                0x1000aea8       0x10 CMakeFiles/FIGHTINGBOX_MINI_RP2040.dir/C_/Program_Files/Raspberry_Pi/Pico_SDK_v1.5.1/pico-sdk/src/rp2_common/pico_double/double_v1_rom_shim.S.obj
                0x1000aea8                drsub_shim
                0x1000aeae                dsub_shim
 .text.dadd_shim
                0x1000aeb8      0x15c CMakeFiles/FIGHTINGBOX_MINI_RP2040.dir/C_/Program_Files/Raspberry_Pi/Pico_SDK_v1.5.1/pico-sdk/src/rp2_common/pico_double/double_v1_rom_shim.S.obj
                0x1000aeb8                dadd_shim
 .text.dmul_shim
                0x1000b014      0x15c CMakeFiles/FIGHTINGBOX_MINI_RP2040.dir/C_/Program_Files/Raspberry_Pi/Pico_SDK_v1.5.1/pico-sdk/src/rp2_common/pico_double/double_v1_rom_shim.S.obj
                0x1000b014                dmul_shim
 .text.ddiv_shim
                0x1000b170      0x1b0 CMakeFiles/FIGHTINGBOX_MINI_RP2040.dir/C_/Program_Files/Raspberry_Pi/Pico_SDK_v1.5.1/pico-sdk/src/rp2_common/pico_double/double_v1_rom_shim.S.obj
                0x1000b170                ddiv_shim
 .text.dcordic_vec_step
                0x1000b320        0xe CMakeFiles/FIGHTINGBOX_MINI_RP2040.dir/C_/Program_Files/Raspberry_Pi/Pico_SDK_v1.5.1/pico-sdk/src/rp2_common/pico_double/double_v1_rom_shim.S.obj
                0x1000b320                dcordic_vec_step
 .text.dcordic_rot_step
                0x1000b32e       0x76 CMakeFiles/FIGHTINGBOX_MINI_RP2040.dir/C_/Program_Files/Raspberry_Pi/Pico_SDK_v1.5.1/pico-sdk/src/rp2_common/pico_double/double_v1_rom_shim.S.obj
                0x1000b32e                dcordic_rot_step
 .text.double2uint_shim
                0x1000b3a4        0xe CMakeFiles/FIGHTINGBOX_MINI_RP2040.dir/C_/Program_Files/Raspberry_Pi/Pico_SDK_v1.5.1/pico-sdk/src/rp2_common/pico_double/double_v1_rom_shim.S.obj
                0x1000b3a4                double2uint_shim
                0x1000b3a6                double2ufix_shim
 .text.double2int64_shim
                0x1000b3b2       0x1a CMakeFiles/FIGHTINGBOX_MINI_RP2040.dir/C_/Program_Files/Raspberry_Pi/Pico_SDK_v1.5.1/pico-sdk/src/rp2_common/pico_double/double_v1_rom_shim.S.obj
                0x1000b3b2                double2int64_shim
                0x1000b3b4                double2fix64_shim
 .text.double2uint64_shim
                0x1000b3cc       0x70 CMakeFiles/FIGHTINGBOX_MINI_RP2040.dir/C_/Program_Files/Raspberry_Pi/Pico_SDK_v1.5.1/pico-sdk/src/rp2_common/pico_double/double_v1_rom_shim.S.obj
                0x1000b3cc                double2uint64_shim
                0x1000b3ce                double2ufix64_shim
                0x1000b3ee                d2fix_a
 .text.double2float_shim
                0x1000b43c       0x5c CMakeFiles/FIGHTINGBOX_MINI_RP2040.dir/C_/Program_Files/Raspberry_Pi/Pico_SDK_v1.5.1/pico-sdk/src/rp2_common/pico_double/double_v1_rom_shim.S.obj
                0x1000b43c                double2float_shim
 .text.x2double_shims
                0x1000b498       0x90 CMakeFiles/FIGHTINGBOX_MINI_RP2040.dir/C_/Program_Files/Raspberry_Pi/Pico_SDK_v1.5.1/pico-sdk/src/rp2_common/pico_double/double_v1_rom_shim.S.obj
                0x1000b498                uint2double_shim
                0x1000b49a                ufix2double_shim
                0x1000b4a0                int2double_shim
                0x1000b4a2                fix2double_shim
                0x1000b4a8                uint642double_shim
                0x1000b4aa                ufix642double_shim
                0x1000b4b0                int642double_shim
                0x1000b4b2                fix642double_shim
 .text.dunpacks
                0x1000b528       0x3c CMakeFiles/FIGHTINGBOX_MINI_RP2040.dir/C_/Program_Files/Raspberry_Pi/Pico_SDK_v1.5.1/pico-sdk/src/rp2_common/pico_double/double_v1_rom_shim.S.obj
                0x1000b528                dunpacks
 .text.dreduce  0x1000b564       0x82 CMakeFiles/FIGHTINGBOX_MINI_RP2040.dir/C_/Program_Files/Raspberry_Pi/Pico_SDK_v1.5.1/pico-sdk/src/rp2_common/pico_double/double_v1_rom_shim.S.obj
                0x1000b564                dreduce
 .text.dcos_shim
                0x1000b5e6       0x10 CMakeFiles/FIGHTINGBOX_MINI_RP2040.dir/C_/Program_Files/Raspberry_Pi/Pico_SDK_v1.5.1/pico-sdk/src/rp2_common/pico_double/double_v1_rom_shim.S.obj
                0x1000b5e6                dcos_shim
 .text.dsin_shim
                0x1000b5f6       0x14 CMakeFiles/FIGHTINGBOX_MINI_RP2040.dir/C_/Program_Files/Raspberry_Pi/Pico_SDK_v1.5.1/pico-sdk/src/rp2_common/pico_double/double_v1_rom_shim.S.obj
                0x1000b5f6                dsin_shim
 *fill*         0x1000b60a        0x2 
 .text.dtrig_guts
                0x1000b60c      0x2ec CMakeFiles/FIGHTINGBOX_MINI_RP2040.dir/C_/Program_Files/Raspberry_Pi/Pico_SDK_v1.5.1/pico-sdk/src/rp2_common/pico_double/double_v1_rom_shim.S.obj
                0x1000b6e4                datan2_shim
 .text.__aeabi_lmul
                0x1000b8f8       0x32 CMakeFiles/FIGHTINGBOX_MINI_RP2040.dir/C_/Program_Files/Raspberry_Pi/Pico_SDK_v1.5.1/pico-sdk/src/rp2_common/pico_int64_ops/pico_int64_ops_aeabi.S.obj
                0x1000b8f8                __wrap___aeabi_lmul
 *fill*         0x1000b92a        0x2 
 .text.__wrap___aeabi_farithmetic
                0x1000b92c       0x58 CMakeFiles/FIGHTINGBOX_MINI_RP2040.dir/C_/Program_Files/Raspberry_Pi/Pico_SDK_v1.5.1/pico-sdk/src/rp2_common/pico_float/float_aeabi.S.obj
                0x1000b92c                __wrap___aeabi_frsub
                0x1000b932                __wrap___aeabi_fsub
                0x1000b93c                __wrap___aeabi_fadd
                0x1000b946                __wrap___aeabi_fdiv
                0x1000b972                __wrap___aeabi_fmul
 .text.__wrap___aeabi_cfcmple
                0x1000b984       0x50 CMakeFiles/FIGHTINGBOX_MINI_RP2040.dir/C_/Program_Files/Raspberry_Pi/Pico_SDK_v1.5.1/pico-sdk/src/rp2_common/pico_float/float_aeabi.S.obj
                0x1000b984                __wrap___aeabi_cfrcmple
                0x1000b990                __wrap___aeabi_cfcmple
                0x1000b990                __wrap___aeabi_cfcmpeq
 .text.__wrap___aeabi_fcmpeq
                0x1000b9d4       0x10 CMakeFiles/FIGHTINGBOX_MINI_RP2040.dir/C_/Program_Files/Raspberry_Pi/Pico_SDK_v1.5.1/pico-sdk/src/rp2_common/pico_float/float_aeabi.S.obj
                0x1000b9d4                __wrap___aeabi_fcmpeq
 .text.__wrap___aeabi_fcmplt
                0x1000b9e4        0xc CMakeFiles/FIGHTINGBOX_MINI_RP2040.dir/C_/Program_Files/Raspberry_Pi/Pico_SDK_v1.5.1/pico-sdk/src/rp2_common/pico_float/float_aeabi.S.obj
                0x1000b9e4                __wrap___aeabi_fcmplt
 .text.__wrap___aeabi_fcmple
                0x1000b9f0       0x10 CMakeFiles/FIGHTINGBOX_MINI_RP2040.dir/C_/Program_Files/Raspberry_Pi/Pico_SDK_v1.5.1/pico-sdk/src/rp2_common/pico_float/float_aeabi.S.obj
                0x1000b9f0                __wrap___aeabi_fcmple
 .text.__wrap___aeabi_fcmpge
                0x1000ba00       0x10 CMakeFiles/FIGHTINGBOX_MINI_RP2040.dir/C_/Program_Files/Raspberry_Pi/Pico_SDK_v1.5.1/pico-sdk/src/rp2_common/pico_float/float_aeabi.S.obj
                0x1000ba00                __wrap___aeabi_fcmpge
 .text.__wrap___aeabi_fcmpgt
                0x1000ba10        0xa CMakeFiles/FIGHTINGBOX_MINI_RP2040.dir/C_/Program_Files/Raspberry_Pi/Pico_SDK_v1.5.1/pico-sdk/src/rp2_common/pico_float/float_aeabi.S.obj
                0x1000ba10                __wrap___aeabi_fcmpgt
 .text.__wrap___aeabi_ui2f
                0x1000ba1a        0xa CMakeFiles/FIGHTINGBOX_MINI_RP2040.dir/C_/Program_Files/Raspberry_Pi/Pico_SDK_v1.5.1/pico-sdk/src/rp2_common/pico_float/float_aeabi.S.obj
                0x1000ba1a                __wrap___aeabi_ui2f
 .text.__wrap___aeabi_i2f
                0x1000ba24       0x44 CMakeFiles/FIGHTINGBOX_MINI_RP2040.dir/C_/Program_Files/Raspberry_Pi/Pico_SDK_v1.5.1/pico-sdk/src/rp2_common/pico_float/float_aeabi.S.obj
                0x1000ba24                __wrap___aeabi_i2f
 .text.__wrap___aeabi_f2iz
                0x1000ba68       0x4e CMakeFiles/FIGHTINGBOX_MINI_RP2040.dir/C_/Program_Files/Raspberry_Pi/Pico_SDK_v1.5.1/pico-sdk/src/rp2_common/pico_float/float_aeabi.S.obj
                0x1000ba68                float2int_z
                0x1000ba68                __wrap___aeabi_f2iz
 *fill*         0x1000bab6        0x2 
 .text.float2int
                0x1000bab8       0x14 CMakeFiles/FIGHTINGBOX_MINI_RP2040.dir/C_/Program_Files/Raspberry_Pi/Pico_SDK_v1.5.1/pico-sdk/src/rp2_common/pico_float/float_aeabi.S.obj
                0x1000bab8                float2int
 .text.__wrap___aeabi_f2uiz
                0x1000bacc       0x10 CMakeFiles/FIGHTINGBOX_MINI_RP2040.dir/C_/Program_Files/Raspberry_Pi/Pico_SDK_v1.5.1/pico-sdk/src/rp2_common/pico_float/float_aeabi.S.obj
                0x1000bacc                __wrap___aeabi_f2uiz
 .text.__wrap___aeabi_f2d
                0x1000badc       0x14 CMakeFiles/FIGHTINGBOX_MINI_RP2040.dir/C_/Program_Files/Raspberry_Pi/Pico_SDK_v1.5.1/pico-sdk/src/rp2_common/pico_float/float_aeabi.S.obj
                0x1000badc                __wrap___aeabi_f2d
 .text.__wrap_sqrtf
                0x1000baf0       0x24 CMakeFiles/FIGHTINGBOX_MINI_RP2040.dir/C_/Program_Files/Raspberry_Pi/Pico_SDK_v1.5.1/pico-sdk/src/rp2_common/pico_float/float_aeabi.S.obj
                0x1000baf0                __wrap_sqrtf
 .text.__wrap_atan2f
                0x1000bb14       0x14 CMakeFiles/FIGHTINGBOX_MINI_RP2040.dir/C_/Program_Files/Raspberry_Pi/Pico_SDK_v1.5.1/pico-sdk/src/rp2_common/pico_float/float_aeabi.S.obj
                0x1000bb14                __wrap_atan2f
 .text.__aeabi_float_init
                0x1000bb28       0xfc CMakeFiles/FIGHTINGBOX_MINI_RP2040.dir/C_/Program_Files/Raspberry_Pi/Pico_SDK_v1.5.1/pico-sdk/src/rp2_common/pico_float/float_init_rom.c.obj
                0x1000bb28                __aeabi_float_init
 .text.__wrap_roundf
                0x1000bc24       0x3e CMakeFiles/FIGHTINGBOX_MINI_RP2040.dir/C_/Program_Files/Raspberry_Pi/Pico_SDK_v1.5.1/pico-sdk/src/rp2_common/pico_float/float_math.c.obj
                0x1000bc24                __wrap_roundf
 *fill*         0x1000bc62        0x2 
 .text.float_table_shim_on_use_helper
                0x1000bc64       0x34 CMakeFiles/FIGHTINGBOX_MINI_RP2040.dir/C_/Program_Files/Raspberry_Pi/Pico_SDK_v1.5.1/pico-sdk/src/rp2_common/pico_float/float_v1_rom_shim.S.obj
                0x1000bc64                float_table_shim_on_use_helper
 .text.fatan2_shim
                0x1000bc98       0x88 CMakeFiles/FIGHTINGBOX_MINI_RP2040.dir/C_/Program_Files/Raspberry_Pi/Pico_SDK_v1.5.1/pico-sdk/src/rp2_common/pico_float/float_v1_rom_shim.S.obj
                0x1000bc98                fatan2_shim
 .text.float232_shims
                0x1000bd20       0x18 CMakeFiles/FIGHTINGBOX_MINI_RP2040.dir/C_/Program_Files/Raspberry_Pi/Pico_SDK_v1.5.1/pico-sdk/src/rp2_common/pico_float/float_v1_rom_shim.S.obj
                0x1000bd20                float2int_shim
                0x1000bd22                float2fix_shim
 .text.float2double_shim
                0x1000bd38       0x30 CMakeFiles/FIGHTINGBOX_MINI_RP2040.dir/C_/Program_Files/Raspberry_Pi/Pico_SDK_v1.5.1/pico-sdk/src/rp2_common/pico_float/float_v1_rom_shim.S.obj